sr3-rtx loaded (pid 33040) - FFP conversion, ported from sr2-rtx-remix-proxy
settings: ffp=1 convertSkinned=0 hiddenPassMode=0 skipUntextured=1 screenSpaceAsUI=0 hideLightVolumes=1 skipMirrored=1
          rankAlbedo=1 excludeRTAlbedo=1 cacheMeshAlbedo=1 injectLights=1
CreateDevice hook installed
CreateDeviceEx hook installed
CreateDeviceEx -> hooking device (backbuffer 1280x720, aspect 1.778)
light shader: directional (pos=c0 dir=c-1 color=c2 info=c-1 spot=c-1)
light shader: directional (pos=c0 dir=c-1 color=c2 info=c-1 spot=c-1)
light shader: directional (pos=c0 dir=c-1 color=c2 info=c-1 spot=c-1)
light shader: directional (pos=c0 dir=c-1 color=c2 info=c-1 spot=c-1)
light shader: directional (pos=c0 dir=c-1 color=c2 info=c-1 spot=c-1)
light shader: directional (pos=c0 dir=c-1 color=c2 info=c-1 spot=c-1)
vertex layout #1: elems=3 pos=float4@0(stream 0) uv=float2 normal=0 color=1 skinned=0 positionT=0
frame 60 | draws 0/frame | FFP converted 0/frame (0.0%)
    not converted: screen-space 0  skinned 0  ortho 0  vertex-format 0  untextured 0  instanced 0  mirrored 0  other-camera 0  no camera 0  other 0 (per frame)
    instancing: 0 converted from the instance stream/frame, 0 refused/frame (largest single draw 0 instances, 0.0 buffer writes snooped/frame)
    SKIPPED entirely 0/frame (mode 0) | demoted to UI overlay 0/frame | no-albedo materials left to Remix 0/frame
    albedo: moved off stage 0 0/frame, blanked 0/frame, restored from mesh cache 0/frame (0 meshes cached) | RT textures known 55 | lights 0.0/frame (24 shaders)
    camera 0.0 0.0 0.0 | distinct cameras this frame 0 (max 0) | transform writes 0/frame | redundant state calls dropped 0/frame
    world matrix changes 0/frame | objTM used without a fresh upload 0/frame | uv matrix writes 0/frame (last scale 0.00000, 0.00000)
    TIMING: frame 25.8 ms avg (39 fps), worst 250 ms | shim 0.00 ms avg (0.0% of frame), worst 0.0 ms
frame 600 | draws 0/frame | FFP converted 0/frame (0.0%)
    not converted: screen-space 0  skinned 0  ortho 0  vertex-format 0  untextured 0  instanced 0  mirrored 0  other-camera 0  no camera 0  other 0 (per frame)
    instancing: 0 converted from the instance stream/frame, 0 refused/frame (largest single draw 0 instances, 0.0 buffer writes snooped/frame)
    SKIPPED entirely 0/frame (mode 0) | demoted to UI overlay 0/frame | no-albedo materials left to Remix 0/frame
    albedo: moved off stage 0 0/frame, blanked 0/frame, restored from mesh cache 0/frame (0 meshes cached) | RT textures known 55 | lights 0.0/frame (24 shaders)
    camera 0.0 0.0 0.0 | distinct cameras this frame 0 (max 0) | transform writes 0/frame | redundant state calls dropped 0/frame
    world matrix changes 0/frame | objTM used without a fresh upload 0/frame | uv matrix writes 0/frame (last scale 0.00000, 0.00000)
    TIMING: frame 24.9 ms avg (40 fps), worst 78 ms | shim 0.00 ms avg (0.0% of frame), worst 0.0 ms
frame 1200 | draws 0/frame | FFP converted 0/frame (0.0%)
    not converted: screen-space 0  skinned 0  ortho 0  vertex-format 0  untextured 0  instanced 0  mirrored 0  other-camera 0  no camera 0  other 0 (per frame)
    instancing: 0 converted from the instance stream/frame, 0 refused/frame (largest single draw 0 instances, 0.0 buffer writes snooped/frame)
    SKIPPED entirely 0/frame (mode 0) | demoted to UI overlay 0/frame | no-albedo materials left to Remix 0/frame
    albedo: moved off stage 0 0/frame, blanked 0/frame, restored from mesh cache 0/frame (0 meshes cached) | RT textures known 55 | lights 0.0/frame (24 shaders)
    camera 0.0 0.0 0.0 | distinct cameras this frame 0 (max 0) | transform writes 0/frame | redundant state calls dropped 0/frame
    world matrix changes 0/frame | objTM used without a fresh upload 0/frame | uv matrix writes 0/frame (last scale 0.00000, 0.00000)
    TIMING: frame 20.8 ms avg (48 fps), worst 36 ms | shim 0.00 ms avg (0.0% of frame), worst 0.0 ms
vertex layout #2: elems=2 pos=float4@0(stream 0) uv=float2 normal=0 color=0 skinned=0 positionT=0
stream freq #1: stream=0 setting=0x00000001 -> plain count=1
stream freq #2: stream=0 setting=0x00000001 -> plain count=1
stream freq #3: stream=0 setting=0x00000001 -> plain count=1
stream freq #4: stream=0 setting=0x00000001 -> plain count=1
stream freq #5: stream=0 setting=0x00000001 -> plain count=1
stream freq #6: stream=0 setting=0x00000001 -> plain count=1
stream freq #7: stream=0 setting=0x00000001 -> plain count=1
stream freq #8: stream=0 setting=0x00000001 -> plain count=1
vertex layout #3: elems=12 pos=float3@0(stream 0) uv=short2 normal=1 color=0 skinned=0 positionT=0
stream freq #9: stream=4 setting=0x80000001 -> INSTANCEDATA count=1
stream freq #10: stream=0 setting=0x40000001 -> INDEXEDDATA count=1
stream freq #11: stream=4 setting=0x80000001 -> INSTANCEDATA count=1
stream freq #12: stream=0 setting=0x40000001 -> INDEXEDDATA count=1
vertex layout #4: elems=12 pos=float3@0(stream 0) uv=short2 normal=1 color=0 skinned=0 positionT=0
vertex layout #5: elems=13 pos=float3@0(stream 0) uv=short2 normal=1 color=0 skinned=0 positionT=0
vertex layout #6: elems=11 pos=float3@0(stream 0) uv=short2 normal=1 color=0 skinned=0 positionT=0
vertex layout #7: elems=7 pos=float3@0(stream 0) uv=short2 normal=0 color=0 skinned=0 positionT=0
vertex layout #8: elems=8 pos=float3@0(stream 0) uv=? normal=1 color=1 skinned=0 positionT=0
vertex layout #9: elems=10 pos=float3@0(stream 0) uv=? normal=1 color=0 skinned=0 positionT=0
vertex layout #10: elems=13 pos=float3@0(stream 0) uv=short2 normal=1 color=0 skinned=0 positionT=0
vertex layout #11: elems=6 pos=float3@0(stream 0) uv=short2 normal=1 color=1 skinned=0 positionT=0
view handedness baseline: determinant 1.000 (positive)
camera: pos 96.3 147.7 36.1 | proj _11=1.6085 _22=2.8594 _33=1.00001 _43=-0.15 (aspect 1.778)
short2 UV range #1: u -5..1002  v 401..757  (verts=40 stride=32 off=20)
  depth-disabled draw #1087: verts=384   prims=192   zwrite=0 tex0=44F428D0 objTM=0 lightVolume=no ps='Diffuse_MapSampler' size=531.2x30.7x695.5 centre=(-189.4 28.4 -594.4) distFromCam=702.4
short2 UV range #2: u 273..1024  v -829..519  (verts=384 stride=32 off=20)
  depth-disabled draw #1088: verts=144   prims=72    zwrite=0 tex0=44F44070 objTM=0 lightVolume=no ps='Diffuse_MapSampler' size=43.8x46.1x27.1 centre=(54.5 43.2 -260.2) distFromCam=317.0
short2 UV range #3: u 226..1807  v -976..1490  (verts=144 stride=32 off=20)
  depth-disabled draw #1089: verts=176   prims=88    zwrite=0 tex0=44F45730 objTM=0 lightVolume=no ps='' size=41.1x160.1x153.1 centre=(50.5 192.5 -153.2) distFromCam=199.9
  depth-disabled draw #1090: verts=1164  prims=582   zwrite=0 tex0=44F2B870 objTM=0 lightVolume=no ps='' size=139.2x254.3x559.8 centre=(101.1 141.4 -351.3) distFromCam=387.5
  depth-disabled draw #1091: verts=1124  prims=562   zwrite=0 tex0=44F44230 objTM=0 lightVolume=no ps='' size=44.5x28.7x136.1 centre=(348.2 31.1 -288.1) distFromCam=426.8
  depth-disabled draw #1092: verts=116   prims=58    zwrite=0 tex0=44F43EB0 objTM=0 lightVolume=no ps='' size=32.1x3.5x20.9 centre=(52.0 10.0 -260.2) distFromCam=329.8
vertex layout #12: elems=2 pos=float4@0(stream 0) uv=float4 normal=0 color=0 skinned=0 positionT=0
vertex layout #13: elems=15 pos=float3@0(stream 0) uv=short2 normal=1 color=0 skinned=1 positionT=0
vertex layout #14: elems=14 pos=float3@0(stream 0) uv=short2 normal=1 color=0 skinned=1 positionT=0
vertex layout #15: elems=6 pos=float3@0(stream 0) uv=? normal=0 color=0 skinned=0 positionT=0
  depth-disabled draw #1148: verts=8     prims=12    zwrite=0 tex0=4A43FEA0 objTM=0 lightVolume=no ps='' size=1.0x1.0x1.0 centre=(0.0 0.0 0.0) distFromCam=180.0
  depth-disabled draw #1149: verts=8     prims=12    zwrite=0 tex0=4A43FEA0 objTM=0 lightVolume=no ps='' size=1.0x1.0x1.0 centre=(0.0 0.0 0.0) distFromCam=180.0
  depth-disabled draw #1150: verts=8     prims=12    zwrite=0 tex0=4A43FEA0 objTM=0 lightVolume=no ps='' size=1.0x1.0x1.0 centre=(0.0 0.0 0.0) distFromCam=180.0
  depth-disabled draw #1151: verts=8     prims=12    zwrite=0 tex0=4A43FEA0 objTM=0 lightVolume=no ps='' size=1.0x1.0x1.0 centre=(0.0 0.0 0.0) distFromCam=180.0
  depth-disabled draw #1152: verts=8     prims=12    zwrite=0 tex0=4A43FEA0 objTM=0 lightVolume=no ps='' size=1.0x1.0x1.0 centre=(0.0 0.0 0.0) distFromCam=180.0
  depth-disabled draw #1153: verts=8     prims=12    zwrite=0 tex0=4A43FEA0 objTM=0 lightVolume=no ps='' size=1.0x1.0x1.0 centre=(0.0 0.0 0.0) distFromCam=180.0
  depth-disabled draw #1154: verts=8     prims=12    zwrite=0 tex0=4A43FEA0 objTM=0 lightVolume=no ps='' size=1.0x1.0x1.0 centre=(0.0 0.0 0.0) distFromCam=180.0
  depth-disabled draw #1155: verts=8     prims=12    zwrite=0 tex0=4A43FEA0 objTM=0 lightVolume=no ps='' size=1.0x1.0x1.0 centre=(0.0 0.0 0.0) distFromCam=180.0
  depth-disabled draw #1156: verts=8     prims=12    zwrite=0 tex0=4A43FEA0 objTM=0 lightVolume=no ps='' size=1.0x1.0x1.0 centre=(0.0 0.0 0.0) distFromCam=180.0
  depth-disabled draw #1157: verts=8     prims=12    zwrite=0 tex0=4A43FEA0 objTM=0 lightVolume=no ps='' size=1.0x1.0x1.0 centre=(0.0 0.0 0.0) distFromCam=180.0
  depth-disabled draw #1158: verts=8     prims=12    zwrite=0 tex0=4A43FEA0 objTM=0 lightVolume=no ps='' size=1.0x1.0x1.0 centre=(0.0 0.0 0.0) distFromCam=180.0
  depth-disabled draw #1159: verts=8     prims=12    zwrite=0 tex0=4A43FEA0 objTM=0 lightVolume=no ps='' size=1.0x1.0x1.0 centre=(0.0 0.0 0.0) distFromCam=180.0
  depth-disabled draw #1160: verts=8     prims=12    zwrite=0 tex0=4A43FEA0 objTM=0 lightVolume=no ps='' size=1.0x1.0x1.0 centre=(0.0 0.0 0.0) distFromCam=180.0
  depth-disabled draw #1161: verts=8     prims=12    zwrite=0 tex0=4A43FEA0 objTM=0 lightVolume=no ps='' size=1.0x1.0x1.0 centre=(0.0 0.0 0.0) distFromCam=180.0
  depth-disabled draw #1162: verts=8     prims=12    zwrite=0 tex0=4A43FEA0 objTM=0 lightVolume=no ps='' size=1.0x1.0x1.0 centre=(0.0 0.0 0.0) distFromCam=180.0
  depth-disabled draw #1163: verts=8     prims=12    zwrite=0 tex0=4A43FEA0 objTM=0 lightVolume=no ps='' size=1.0x1.0x1.0 centre=(0.0 0.0 0.0) distFromCam=180.0
  depth-disabled draw #1164: verts=8     prims=12    zwrite=0 tex0=4A43FEA0 objTM=0 lightVolume=no ps='' size=1.0x1.0x1.0 centre=(0.0 0.0 0.0) distFromCam=180.0
  depth-disabled draw #1165: verts=8     prims=12    zwrite=0 tex0=4A43FEA0 objTM=0 lightVolume=no ps='' size=1.0x1.0x1.0 centre=(0.0 0.0 0.0) distFromCam=180.0
  depth-disabled draw #1166: verts=8     prims=12    zwrite=0 tex0=4A43FEA0 objTM=0 lightVolume=no ps='' size=1.0x1.0x1.0 centre=(0.0 0.0 0.0) distFromCam=180.0
  depth-disabled draw #1167: verts=8     prims=12    zwrite=0 tex0=4A43FEA0 objTM=0 lightVolume=no ps='' size=1.0x1.0x1.0 centre=(0.0 0.0 0.0) distFromCam=180.0
  depth-disabled draw #1168: verts=8     prims=12    zwrite=0 tex0=4A43FEA0 objTM=0 lightVolume=no ps='' size=1.0x1.0x1.0 centre=(0.0 0.0 0.0) distFromCam=180.0
  depth-disabled draw #1169: verts=8     prims=12    zwrite=0 tex0=4A43FEA0 objTM=0 lightVolume=no ps='' size=1.0x1.0x1.0 centre=(0.0 0.0 0.0) distFromCam=180.0
  depth-disabled draw #1170: verts=8     prims=12    zwrite=0 tex0=4A43FEA0 objTM=0 lightVolume=no ps='' size=1.0x1.0x1.0 centre=(0.0 0.0 0.0) distFromCam=180.0
  depth-disabled draw #1171: verts=8     prims=12    zwrite=0 tex0=4A43FEA0 objTM=0 lightVolume=no ps='' size=1.0x1.0x1.0 centre=(0.0 0.0 0.0) distFromCam=180.0
  depth-disabled draw #1172: verts=8     prims=12    zwrite=0 tex0=4A43FEA0 objTM=0 lightVolume=no ps='' size=1.0x1.0x1.0 centre=(0.0 0.0 0.0) distFromCam=180.0
  depth-disabled draw #1173: verts=8     prims=12    zwrite=0 tex0=4A43FEA0 objTM=0 lightVolume=no ps='' size=1.0x1.0x1.0 centre=(0.0 0.0 0.0) distFromCam=180.0
  depth-disabled draw #1174: verts=8     prims=12    zwrite=0 tex0=4A43FEA0 objTM=0 lightVolume=no ps='' size=1.0x1.0x1.0 centre=(0.0 0.0 0.0) distFromCam=180.0
  depth-disabled draw #1175: verts=8     prims=12    zwrite=0 tex0=4A43FEA0 objTM=0 lightVolume=no ps='' size=1.0x1.0x1.0 centre=(0.0 0.0 0.0) distFromCam=180.0
  depth-disabled draw #1176: verts=8     prims=12    zwrite=0 tex0=4A43FEA0 objTM=0 lightVolume=no ps='' size=1.0x1.0x1.0 centre=(0.0 0.0 0.0) distFromCam=180.0
  depth-disabled draw #1177: verts=8     prims=12    zwrite=0 tex0=4A43FEA0 objTM=0 lightVolume=no ps='' size=1.0x1.0x1.0 centre=(0.0 0.0 0.0) distFromCam=180.0
  depth-disabled draw #1178: verts=8     prims=12    zwrite=0 tex0=4A43FEA0 objTM=0 lightVolume=no ps='' size=1.0x1.0x1.0 centre=(0.0 0.0 0.0) distFromCam=180.0
  depth-disabled draw #1179: verts=8     prims=12    zwrite=0 tex0=4A43FEA0 objTM=0 lightVolume=no ps='' size=1.0x1.0x1.0 centre=(0.0 0.0 0.0) distFromCam=180.0
  depth-disabled draw #1180: verts=8     prims=12    zwrite=0 tex0=4A43FEA0 objTM=0 lightVolume=no ps='' size=1.0x1.0x1.0 centre=(0.0 0.0 0.0) distFromCam=180.0
  depth-disabled draw #1181: verts=8     prims=12    zwrite=0 tex0=4A43FEA0 objTM=0 lightVolume=no ps='' size=1.0x1.0x1.0 centre=(0.0 0.0 0.0) distFromCam=180.0
vertex layout #16: elems=3 pos=float3@0(stream 0) uv=? normal=1 color=0 skinned=0 positionT=0
vertex layout #17: elems=3 pos=float3@0(stream 0) uv=float2 normal=0 color=1 skinned=0 positionT=0
vertex layout #18: elems=1 pos=float3@0(stream 0) uv=? normal=0 color=0 skinned=0 positionT=0
vertex layout #19: elems=11 pos=float3@0(stream 0) uv=? normal=1 color=0 skinned=0 positionT=0
short2 UV range #4: u 0..1025  v 594..769  (verts=52 stride=32 off=20)
short2 UV range #5: u -5..1002  v 401..757  (verts=40 stride=32 off=20)
short2 UV range #6: u 273..1024  v -829..519  (verts=384 stride=32 off=20)
short2 UV range #7: u 226..1807  v -976..1490  (verts=144 stride=32 off=20)
short2 UV range #8: u 373..752  v -2029..957  (verts=176 stride=32 off=20)
short2 UV range #9: u -20..2034  v -1..1024  (verts=1164 stride=32 off=20)
short2 UV range #10: u 266..752  v 69..983  (verts=1124 stride=32 off=20)
short2 UV range #11: u -1543..2585  v 21..754  (verts=116 stride=32 off=20)
short2 UV range #12: u 168..319  v 362..683  (verts=8 stride=32 off=20)
vertex layout #20: elems=14 pos=float3@0(stream 0) uv=short2 normal=1 color=0 skinned=0 positionT=0
call-order trace (V/v=SetVertexShader with/without objTM, P=projTM c28, O=objTM c32, W=view c48, D=draw converted, x=draw skipped):
  DDDvxxxxOOPWvDDDOOVxxOVxOVxxOVxOVxOVxxxOxxxOVxOVxVxOxOxOxOxOxOxOxOxOxOxOxOxOxOxOxOxOxOxOxOxOxOxOxOxO
  xOxOxOxOxOxOxOxOxOVxOVxOVxOOPWPvxxxxxxxxxxxxxxxxxxxxxxxxxxxxxxxxxxxxxxxxxxxxxxxxxxxxxxxxxxxxxxxxxxxx
  xxxxxxxxxxxxxxxxxxxxxxxxxxxxxxxxxxxxxxxxxxxxxxxxxxxxxxxxxxxxxxxxxxxxxxxxxxxxxxxxxxxxxxxxxxxxxxxxxxxx
  xxxxxxxxxxxxxxxxxxxxxxxxxxxxxxxxxxxxxxxxxxxxxxxxxxxxxxxxxxxxxxxxxxxxxxxxxxxxxxxxxxxxxxxxxxxxxxxxxxxx
frame dump written to sr3-rtx-frame.log (3533 draws)
sky probe: 40 depth-disabled draws in a frame of 3533
OUTLIER draw #1: max |world| = 50232 | verts=173 stride=20 elems=11 pos=float3@0 uv=? objTM=0 worldWritten=1
OUTLIER draw #2: max |world| = 50232 | verts=173 stride=20 elems=11 pos=float3@0 uv=? objTM=0 worldWritten=1
OUTLIER draw #3: max |world| = 50232 | verts=173 stride=20 elems=11 pos=float3@0 uv=? objTM=0 worldWritten=1
vertex layout #21: elems=7 pos=float3@0(stream 0) uv=float3 normal=0 color=1 skinned=0 positionT=0
OUTLIER draw #4: max |world| = 50232 | verts=173 stride=20 elems=11 pos=float3@0 uv=? objTM=0 worldWritten=1
OUTLIER draw #5: max |world| = 50232 | verts=173 stride=20 elems=11 pos=float3@0 uv=? objTM=0 worldWritten=1
OUTLIER draw #6: max |world| = 50232 | verts=173 stride=20 elems=11 pos=float3@0 uv=? objTM=0 worldWritten=1
OUTLIER draw #7: max |world| = 50232 | verts=173 stride=20 elems=11 pos=float3@0 uv=? objTM=0 worldWritten=1
OUTLIER draw #8: max |world| = 50232 | verts=173 stride=20 elems=11 pos=float3@0 uv=? objTM=0 worldWritten=1
OUTLIER draw #9: max |world| = 50232 | verts=173 stride=20 elems=11 pos=float3@0 uv=? objTM=0 worldWritten=1
OUTLIER draw #10: max |world| = 50232 | verts=173 stride=20 elems=11 pos=float3@0 uv=? objTM=0 worldWritten=1
OUTLIER draw #11: max |world| = 50232 | verts=173 stride=20 elems=11 pos=float3@0 uv=? objTM=0 worldWritten=1
OUTLIER draw #12: max |world| = 50232 | verts=173 stride=20 elems=11 pos=float3@0 uv=? objTM=0 worldWritten=1
OUTLIER draw #13: max |world| = 50232 | verts=173 stride=20 elems=11 pos=float3@0 uv=? objTM=0 worldWritten=1
OUTLIER draw #14: max |world| = 50232 | verts=173 stride=20 elems=11 pos=float3@0 uv=? objTM=0 worldWritten=1
OUTLIER draw #15: max |world| = 50232 | verts=173 stride=20 elems=11 pos=float3@0 uv=? objTM=0 worldWritten=1
OUTLIER draw #16: max |world| = 50232 | verts=173 stride=20 elems=11 pos=float3@0 uv=? objTM=0 worldWritten=1
OUTLIER draw #17: max |world| = 50232 | verts=173 stride=20 elems=11 pos=float3@0 uv=? objTM=0 worldWritten=1
OUTLIER draw #18: max |world| = 50232 | verts=173 stride=20 elems=11 pos=float3@0 uv=? objTM=0 worldWritten=1
OUTLIER draw #19: max |world| = 50232 | verts=173 stride=20 elems=11 pos=float3@0 uv=? objTM=0 worldWritten=1
OUTLIER draw #20: max |world| = 50232 | verts=173 stride=20 elems=11 pos=float3@0 uv=? objTM=0 worldWritten=1
frame 1800 | draws 733/frame | FFP converted 107/frame (14.5%)
    not converted: screen-space 9  skinned 48  ortho 0  vertex-format 0  untextured 386  instanced 0  mirrored 0  other-camera 118  no camera 0  other 1 (per frame)
    instancing: 209 converted from the instance stream/frame, 0 refused/frame (largest single draw 1 instances, 0.3 buffer writes snooped/frame)
    SKIPPED entirely 0/frame (mode 0) | demoted to UI overlay 0/frame | no-albedo materials left to Remix 64/frame
    albedo: moved off stage 0 36/frame, blanked 0/frame, restored from mesh cache 34/frame (603 meshes cached) | RT textures known 55 | lights 1.1/frame (24 shaders)
    camera 95.9 148.1 35.1 | distinct cameras this frame 1 (max 1) | transform writes 79/frame | redundant state calls dropped 2123/frame
    world matrix changes 78/frame | objTM used without a fresh upload 0/frame | uv matrix writes 2/frame (last scale 0.00098, 0.00098)
    TIMING: frame 21.3 ms avg (47 fps), worst 541 ms | shim 0.45 ms avg (2.1% of frame), worst 7.3 ms
    converted -> target 14ED0EE0 1280x720 fmt=34 : 3 draws/frame
    converted -> target 14ED5AD8 1280x720 fmt=113 : 102 draws/frame
    converted -> target 14ED1E60 1280x720 fmt=113 : 1 draws/frame
frame 2400 | draws 1239/frame | FFP converted 179/frame (14.5%)
    not converted: screen-space 15  skinned 82  ortho 0  vertex-format 0  untextured 652  instanced 0  mirrored 0  other-camera 200  no camera 0  other 2 (per frame)
    instancing: 353 converted from the instance stream/frame, 0 refused/frame (largest single draw 1 instances, 0.4 buffer writes snooped/frame)
    SKIPPED entirely 0/frame (mode 0) | demoted to UI overlay 0/frame | no-albedo materials left to Remix 108/frame
    albedo: moved off stage 0 61/frame, blanked 0/frame, restored from mesh cache 57/frame (603 meshes cached) | RT textures known 55 | lights 1.8/frame (24 shaders)
    camera 95.9 148.1 35.1 | distinct cameras this frame 1 (max 1) | transform writes 133/frame | redundant state calls dropped 3575/frame
    world matrix changes 132/frame | objTM used without a fresh upload 0/frame | uv matrix writes 4/frame (last scale 0.00098, 0.00098)
    TIMING: frame 21.2 ms avg (47 fps), worst 40 ms | shim 0.76 ms avg (3.6% of frame), worst 2.1 ms
    converted -> target 14ED0EE0 1280x720 fmt=34 : 5 draws/frame
    converted -> target 14ED5AD8 1280x720 fmt=113 : 172 draws/frame
    converted -> target 14ED1E60 1280x720 fmt=113 : 2 draws/frame
frame 3000 | draws 1543/frame | FFP converted 223/frame (14.5%)
    not converted: screen-space 19  skinned 102  ortho 0  vertex-format 0  untextured 812  instanced 0  mirrored 0  other-camera 248  no camera 0  other 2 (per frame)
    instancing: 439 converted from the instance stream/frame, 0 refused/frame (largest single draw 1 instances, 0.6 buffer writes snooped/frame)
    SKIPPED entirely 0/frame (mode 0) | demoted to UI overlay 0/frame | no-albedo materials left to Remix 135/frame
    albedo: moved off stage 0 76/frame, blanked 0/frame, restored from mesh cache 70/frame (603 meshes cached) | RT textures known 55 | lights 2.3/frame (24 shaders)
    camera 95.9 148.1 35.1 | distinct cameras this frame 1 (max 1) | transform writes 165/frame | redundant state calls dropped 4445/frame
    world matrix changes 164/frame | objTM used without a fresh upload 0/frame | uv matrix writes 5/frame (last scale 0.00098, 0.00098)
    TIMING: frame 21.4 ms avg (47 fps), worst 55 ms | shim 0.95 ms avg (4.4% of frame), worst 2.1 ms
    converted -> target 14ED0EE0 1280x720 fmt=34 : 6 draws/frame
    converted -> target 14ED5AD8 1280x720 fmt=113 : 214 draws/frame
    converted -> target 14ED1E60 1280x720 fmt=113 : 3 draws/frame
frame 3600 | draws 1745/frame | FFP converted 252/frame (14.4%)
    not converted: screen-space 22  skinned 116  ortho 0  vertex-format 0  untextured 919  instanced 0  mirrored 0  other-camera 281  no camera 0  other 3 (per frame)
    instancing: 497 converted from the instance stream/frame, 0 refused/frame (largest single draw 1 instances, 0.6 buffer writes snooped/frame)
    SKIPPED entirely 0/frame (mode 0) | demoted to UI overlay 0/frame | no-albedo materials left to Remix 153/frame
    albedo: moved off stage 0 86/frame, blanked 0/frame, restored from mesh cache 80/frame (603 meshes cached) | RT textures known 55 | lights 2.6/frame (24 shaders)
    camera 95.9 148.1 35.1 | distinct cameras this frame 1 (max 1) | transform writes 187/frame | redundant state calls dropped 5025/frame
    world matrix changes 186/frame | objTM used without a fresh upload 0/frame | uv matrix writes 6/frame (last scale 0.00098, 0.00098)
    TIMING: frame 21.4 ms avg (47 fps), worst 31 ms | shim 1.08 ms avg (5.0% of frame), worst 2.1 ms
    converted -> target 14ED0EE0 1280x720 fmt=34 : 6 draws/frame
    converted -> target 14ED5AD8 1280x720 fmt=113 : 242 draws/frame
    converted -> target 14ED1E60 1280x720 fmt=113 : 3 draws/frame
frame 4200 | draws 1890/frame | FFP converted 273/frame (14.4%)
    not converted: screen-space 23  skinned 125  ortho 0  vertex-format 0  untextured 995  instanced 0  mirrored 0  other-camera 304  no camera 0  other 3 (per frame)
    instancing: 538 converted from the instance stream/frame, 0 refused/frame (largest single draw 1 instances, 0.7 buffer writes snooped/frame)
    SKIPPED entirely 0/frame (mode 0) | demoted to UI overlay 0/frame | no-albedo materials left to Remix 166/frame
    albedo: moved off stage 0 93/frame, blanked 0/frame, restored from mesh cache 86/frame (603 meshes cached) | RT textures known 55 | lights 2.8/frame (24 shaders)
    camera 95.9 148.1 35.1 | distinct cameras this frame 1 (max 1) | transform writes 202/frame | redundant state calls dropped 5440/frame
    world matrix changes 201/frame | objTM used without a fresh upload 0/frame | uv matrix writes 6/frame (last scale 0.00098, 0.00098)
    TIMING: frame 21.5 ms avg (47 fps), worst 60 ms | shim 1.17 ms avg (5.4% of frame), worst 2.1 ms
    converted -> target 14ED0EE0 1280x720 fmt=34 : 7 draws/frame
    converted -> target 14ED5AD8 1280x720 fmt=113 : 262 draws/frame
    converted -> target 14ED1E60 1280x720 fmt=113 : 3 draws/frame
frame 4800 | draws 1972/frame | FFP converted 280/frame (14.2%)
    not converted: screen-space 25  skinned 130  ortho 0  vertex-format 0  untextured 1039  instanced 0  mirrored 0  other-camera 327  no camera 0  other 3 (per frame)
    instancing: 567 converted from the instance stream/frame, 0 refused/frame (largest single draw 1 instances, 0.7 buffer writes snooped/frame)
    SKIPPED entirely 0/frame (mode 0) | demoted to UI overlay 0/frame | no-albedo materials left to Remix 168/frame
    albedo: moved off stage 0 96/frame, blanked 0/frame, restored from mesh cache 90/frame (687 meshes cached) | RT textures known 55 | lights 2.8/frame (24 shaders)
    camera 97.2 146.9 25.0 | distinct cameras this frame 1 (max 1) | transform writes 206/frame | redundant state calls dropped 5584/frame
    world matrix changes 205/frame | objTM used without a fresh upload 0/frame | uv matrix writes 7/frame (last scale 0.00098, 0.00098)
    TIMING: frame 21.3 ms avg (47 fps), worst 46 ms | shim 1.19 ms avg (5.6% of frame), worst 2.1 ms
    converted -> target 14ED0EE0 1280x720 fmt=34 : 7 draws/frame
    converted -> target 14ED5AD8 1280x720 fmt=113 : 269 draws/frame
    converted -> target 14ED1E60 1280x720 fmt=113 : 4 draws/frame
frame 5400 | draws 2027/frame | FFP converted 283/frame (14.0%)
    not converted: screen-space 26  skinned 133  ortho 0  vertex-format 0  untextured 1069  instanced 0  mirrored 0  other-camera 346  no camera 0  other 3 (per frame)
    instancing: 589 converted from the instance stream/frame, 0 refused/frame (largest single draw 1 instances, 0.8 buffer writes snooped/frame)
    SKIPPED entirely 0/frame (mode 0) | demoted to UI overlay 0/frame | no-albedo materials left to Remix 167/frame
    albedo: moved off stage 0 97/frame, blanked 0/frame, restored from mesh cache 93/frame (687 meshes cached) | RT textures known 55 | lights 2.8/frame (24 shaders)
    camera 97.2 146.9 25.0 | distinct cameras this frame 1 (max 1) | transform writes 207/frame | redundant state calls dropped 5643/frame
    world matrix changes 206/frame | objTM used without a fresh upload 0/frame | uv matrix writes 7/frame (last scale 0.00098, 0.00098)
    TIMING: frame 21.0 ms avg (48 fps), worst 62 ms | shim 1.20 ms avg (5.7% of frame), worst 1.6 ms
    converted -> target 14ED0EE0 1280x720 fmt=34 : 8 draws/frame
    converted -> target 14ED5AD8 1280x720 fmt=113 : 271 draws/frame
    converted -> target 14ED1E60 1280x720 fmt=113 : 4 draws/frame
frame 6000 | draws 2070/frame | FFP converted 286/frame (13.8%)
    not converted: screen-space 27  skinned 136  ortho 0  vertex-format 0  untextured 1093  instanced 0  mirrored 0  other-camera 361  no camera 0  other 3 (per frame)
    instancing: 607 converted from the instance stream/frame, 0 refused/frame (largest single draw 1 instances, 0.8 buffer writes snooped/frame)
    SKIPPED entirely 0/frame (mode 0) | demoted to UI overlay 0/frame | no-albedo materials left to Remix 166/frame
    albedo: moved off stage 0 97/frame, blanked 0/frame, restored from mesh cache 95/frame (687 meshes cached) | RT textures known 55 | lights 2.9/frame (24 shaders)
    camera 97.2 146.9 25.0 | distinct cameras this frame 1 (max 1) | transform writes 208/frame | redundant state calls dropped 5690/frame
    world matrix changes 207/frame | objTM used without a fresh upload 0/frame | uv matrix writes 7/frame (last scale 0.00098, 0.00098)
    TIMING: frame 20.8 ms avg (48 fps), worst 48 ms | shim 1.20 ms avg (5.8% of frame), worst 1.6 ms
    converted -> target 14ED0EE0 1280x720 fmt=34 : 8 draws/frame
    converted -> target 14ED5AD8 1280x720 fmt=113 : 273 draws/frame
    converted -> target 14ED1E60 1280x720 fmt=113 : 4 draws/frame
frame 6600 | draws 2106/frame | FFP converted 288/frame (13.7%)
    not converted: screen-space 27  skinned 138  ortho 0  vertex-format 0  untextured 1112  instanced 0  mirrored 0  other-camera 373  no camera 0  other 3 (per frame)
    instancing: 621 converted from the instance stream/frame, 0 refused/frame (largest single draw 1 instances, 0.8 buffer writes snooped/frame)
    SKIPPED entirely 0/frame (mode 0) | demoted to UI overlay 0/frame | no-albedo materials left to Remix 165/frame
    albedo: moved off stage 0 98/frame, blanked 0/frame, restored from mesh cache 97/frame (687 meshes cached) | RT textures known 55 | lights 2.9/frame (24 shaders)
    camera 97.2 146.9 25.0 | distinct cameras this frame 1 (max 1) | transform writes 209/frame | redundant state calls dropped 5729/frame
    world matrix changes 207/frame | objTM used without a fresh upload 0/frame | uv matrix writes 7/frame (last scale 0.00098, 0.00098)
    TIMING: frame 20.6 ms avg (49 fps), worst 57 ms | shim 1.21 ms avg (5.9% of frame), worst 1.7 ms
    converted -> target 14ED0EE0 1280x720 fmt=34 : 8 draws/frame
    converted -> target 14ED5AD8 1280x720 fmt=113 : 275 draws/frame
    converted -> target 14ED1E60 1280x720 fmt=113 : 4 draws/frame
frame 7200 | draws 2135/frame | FFP converted 289/frame (13.5%)
    not converted: screen-space 28  skinned 140  ortho 0  vertex-format 0  untextured 1128  instanced 0  mirrored 0  other-camera 384  no camera 0  other 3 (per frame)
    instancing: 633 converted from the instance stream/frame, 0 refused/frame (largest single draw 1 instances, 0.8 buffer writes snooped/frame)
    SKIPPED entirely 0/frame (mode 0) | demoted to UI overlay 0/frame | no-albedo materials left to Remix 164/frame
    albedo: moved off stage 0 99/frame, blanked 0/frame, restored from mesh cache 99/frame (687 meshes cached) | RT textures known 55 | lights 2.9/frame (24 shaders)
    camera 97.2 146.9 25.0 | distinct cameras this frame 1 (max 1) | transform writes 209/frame | redundant state calls dropped 5761/frame
    world matrix changes 208/frame | objTM used without a fresh upload 0/frame | uv matrix writes 7/frame (last scale 0.00098, 0.00098)
    TIMING: frame 20.4 ms avg (49 fps), worst 30 ms | shim 1.21 ms avg (5.9% of frame), worst 1.8 ms
    converted -> target 14ED0EE0 1280x720 fmt=34 : 9 draws/frame
    converted -> target 14ED5AD8 1280x720 fmt=113 : 276 draws/frame
    converted -> target 14ED1E60 1280x720 fmt=113 : 4 draws/frame
vertex layout #22: elems=9 pos=float3@0(stream 0) uv=float2 normal=0 color=1 skinned=0 positionT=0
frame 7800 | draws 2159/frame | FFP converted 290/frame (13.4%)
    not converted: screen-space 28  skinned 141  ortho 0  vertex-format 0  untextured 1141  instanced 0  mirrored 0  other-camera 392  no camera 0  other 3 (per frame)
    instancing: 643 converted from the instance stream/frame, 0 refused/frame (largest single draw 1 instances, 0.8 buffer writes snooped/frame)
    SKIPPED entirely 0/frame (mode 0) | demoted to UI overlay 0/frame | no-albedo materials left to Remix 163/frame
    albedo: moved off stage 0 99/frame, blanked 0/frame, restored from mesh cache 100/frame (691 meshes cached) | RT textures known 55 | lights 2.9/frame (24 shaders)
    camera 96.8 146.8 23.6 | distinct cameras this frame 1 (max 1) | transform writes 209/frame | redundant state calls dropped 5778/frame
    world matrix changes 208/frame | objTM used without a fresh upload 0/frame | uv matrix writes 7/frame (last scale 0.00098, 0.00098)
    TIMING: frame 20.3 ms avg (49 fps), worst 120 ms | shim 1.21 ms avg (6.0% of frame), worst 2.0 ms
    converted -> target 14ED0EE0 1280x720 fmt=34 : 9 draws/frame
    converted -> target 14ED5AD8 1280x720 fmt=113 : 277 draws/frame
    converted -> target 14ED1E60 1280x720 fmt=113 : 4 draws/frame
    converted -> target 14ED1F58 1280x720 fmt=21 : 0 draws/frame
frame 8400 | draws 2164/frame | FFP converted 289/frame (13.4%)
    not converted: screen-space 29  skinned 142  ortho 0  vertex-format 0  untextured 1147  instanced 0  mirrored 0  other-camera 393  no camera 0  other 3 (per frame)
    instancing: 643 converted from the instance stream/frame, 0 refused/frame (largest single draw 1 instances, 0.8 buffer writes snooped/frame)
    SKIPPED entirely 0/frame (mode 0) | demoted to UI overlay 0/frame | no-albedo materials left to Remix 161/frame
    albedo: moved off stage 0 97/frame, blanked 0/frame, restored from mesh cache 101/frame (764 meshes cached) | RT textures known 55 | lights 2.8/frame (24 shaders)
    camera 104.2 146.5 6.8 | distinct cameras this frame 1 (max 1) | transform writes 208/frame | redundant state calls dropped 5760/frame
    world matrix changes 206/frame | objTM used without a fresh upload 0/frame | uv matrix writes 7/frame (last scale 0.00098, 0.00098)
    TIMING: frame 20.2 ms avg (50 fps), worst 61 ms | shim 1.21 ms avg (6.0% of frame), worst 4.2 ms
    converted -> target 14ED0EE0 1280x720 fmt=34 : 9 draws/frame
    converted -> target 14ED5AD8 1280x720 fmt=113 : 275 draws/frame
    converted -> target 14ED1E60 1280x720 fmt=113 : 4 draws/frame
    converted -> target 14ED1F58 1280x720 fmt=21 : 0 draws/frame
camera: pos 100.6 146.4 10.7 | proj _11=1.5948 _22=2.8351 _33=1.00001 _43=-0.15 (aspect 1.778)
camera: pos 101.0 146.4 10.6 | proj _11=1.5824 _22=2.8130 _33=1.00001 _43=-0.15 (aspect 1.778)
camera: pos 101.5 146.4 10.6 | proj _11=1.5683 _22=2.7880 _33=1.00001 _43=-0.15 (aspect 1.778)
camera: pos 102.0 146.4 10.5 | proj _11=1.5543 _22=2.7632 _33=1.00001 _43=-0.15 (aspect 1.778)
camera: pos 102.4 146.4 10.4 | proj _11=1.5407 _22=2.7390 _33=1.00001 _43=-0.15 (aspect 1.778)
camera: pos 102.8 146.4 10.4 | proj _11=1.5267 _22=2.7141 _33=1.00001 _43=-0.15 (aspect 1.778)
camera: pos 103.2 146.4 10.3 | proj _11=1.5125 _22=2.6888 _33=1.00001 _43=-0.15 (aspect 1.778)
camera: pos 103.5 146.4 10.3 | proj _11=1.4999 _22=2.6664 _33=1.00001 _43=-0.15 (aspect 1.778)
camera: pos 104.3 146.4 6.8 | proj _11=1.5143 _22=2.6920 _33=1.00001 _43=-0.15 (aspect 1.778)
camera: pos 104.5 146.4 6.7 | proj _11=1.5297 _22=2.7194 _33=1.00001 _43=-0.15 (aspect 1.778)
camera: pos 104.7 146.4 6.7 | proj _11=1.5446 _22=2.7459 _33=1.00001 _43=-0.15 (aspect 1.778)
camera: pos 104.8 146.4 6.7 | proj _11=1.5590 _22=2.7715 _33=1.00001 _43=-0.15 (aspect 1.778)
camera: pos 104.9 146.4 6.7 | proj _11=1.5725 _22=2.7956 _33=1.00001 _43=-0.15 (aspect 1.778)
camera: pos 104.9 146.4 6.7 | proj _11=1.5860 _22=2.8196 _33=1.00001 _43=-0.15 (aspect 1.778)
camera: pos 104.9 146.4 6.7 | proj _11=1.6003 _22=2.8450 _33=1.00001 _43=-0.15 (aspect 1.778)
frame 9000 | draws 2168/frame | FFP converted 290/frame (13.4%)
    not converted: screen-space 29  skinned 144  ortho 0  vertex-format 0  untextured 1148  instanced 0  mirrored 0  other-camera 395  no camera 0  other 3 (per frame)
    instancing: 646 converted from the instance stream/frame, 0 refused/frame (largest single draw 1 instances, 0.9 buffer writes snooped/frame)
    SKIPPED entirely 0/frame (mode 0) | demoted to UI overlay 0/frame | no-albedo materials left to Remix 159/frame
    albedo: moved off stage 0 94/frame, blanked 0/frame, restored from mesh cache 102/frame (780 meshes cached) | RT textures known 55 | lights 2.9/frame (24 shaders)
    camera 100.2 146.5 10.5 | distinct cameras this frame 1 (max 1) | transform writes 209/frame | redundant state calls dropped 5784/frame
    world matrix changes 207/frame | objTM used without a fresh upload 0/frame | uv matrix writes 7/frame (last scale 0.00098, 0.00098)
    TIMING: frame 20.2 ms avg (50 fps), worst 60 ms | shim 1.22 ms avg (6.0% of frame), worst 5.2 ms
    converted -> target 14ED0EE0 1280x720 fmt=34 : 9 draws/frame
    converted -> target 14ED5AD8 1280x720 fmt=113 : 276 draws/frame
    converted -> target 14ED1E60 1280x720 fmt=113 : 4 draws/frame
    converted -> target 14ED1F58 1280x720 fmt=21 : 0 draws/frame
frame 9600 | draws 2171/frame | FFP converted 289/frame (13.3%)
    not converted: screen-space 29  skinned 145  ortho 0  vertex-format 0  untextured 1147  instanced 0  mirrored 0  other-camera 402  no camera 0  other 3 (per frame)
    instancing: 652 converted from the instance stream/frame, 0 refused/frame (largest single draw 1 instances, 0.9 buffer writes snooped/frame)
    SKIPPED entirely 0/frame (mode 0) | demoted to UI overlay 0/frame | no-albedo materials left to Remix 157/frame
    albedo: moved off stage 0 91/frame, blanked 0/frame, restored from mesh cache 101/frame (780 meshes cached) | RT textures known 55 | lights 2.9/frame (24 shaders)
    camera 95.4 143.4 255.7 | distinct cameras this frame 1 (max 1) | transform writes 208/frame | redundant state calls dropped 5748/frame
    world matrix changes 206/frame | objTM used without a fresh upload 0/frame | uv matrix writes 7/frame (last scale 0.00098, 0.00098)
    TIMING: frame 20.1 ms avg (50 fps), worst 60 ms | shim 1.21 ms avg (6.0% of frame), worst 1.8 ms
    converted -> target 14ED0EE0 1280x720 fmt=34 : 10 draws/frame
    converted -> target 14ED5AD8 1280x720 fmt=113 : 274 draws/frame
    converted -> target 14ED1E60 1280x720 fmt=113 : 4 draws/frame
    converted -> target 14ED1F58 1280x720 fmt=21 : 0 draws/frame
camera: pos 95.4 143.4 253.4 | proj _11=1.5830 _22=2.8142 _33=1.00001 _43=-0.15 (aspect 1.778)
camera: pos 95.4 143.4 252.9 | proj _11=1.5710 _22=2.7929 _33=1.00001 _43=-0.15 (aspect 1.778)
camera: pos 95.4 143.4 252.4 | proj _11=1.5575 _22=2.7688 _33=1.00001 _43=-0.15 (aspect 1.778)
camera: pos 95.4 143.4 251.9 | proj _11=1.5442 _22=2.7451 _33=1.00001 _43=-0.15 (aspect 1.778)
camera: pos 95.4 143.4 251.4 | proj _11=1.5307 _22=2.7212 _33=1.00001 _43=-0.15 (aspect 1.778)
camera: pos 95.4 143.4 250.8 | proj _11=1.5175 _22=2.6977 _33=1.00001 _43=-0.15 (aspect 1.778)
camera: pos 95.4 143.4 250.3 | proj _11=1.5043 _22=2.6742 _33=1.00001 _43=-0.15 (aspect 1.778)
camera: pos 95.4 143.4 249.8 | proj _11=1.4914 _22=2.6514 _33=1.00001 _43=-0.15 (aspect 1.778)
camera: pos 95.4 143.4 249.2 | proj _11=1.4784 _22=2.6282 _33=1.00001 _43=-0.15 (aspect 1.778)
camera: pos 95.4 143.4 248.7 | proj _11=1.4654 _22=2.6052 _33=1.00001 _43=-0.15 (aspect 1.778)
camera: pos 95.4 143.4 248.2 | proj _11=1.4529 _22=2.5828 _33=1.00001 _43=-0.15 (aspect 1.778)
camera: pos 95.4 143.4 247.6 | proj _11=1.4407 _22=2.5612 _33=1.00001 _43=-0.15 (aspect 1.778)
camera: pos 95.4 143.4 247.1 | proj _11=1.4284 _22=2.5393 _33=1.00001 _43=-0.15 (aspect 1.778)
camera: pos 95.4 143.4 246.6 | proj _11=1.4160 _22=2.5173 _33=1.00001 _43=-0.15 (aspect 1.778)
camera: pos 95.5 143.4 246.0 | proj _11=1.4033 _22=2.4947 _33=1.00001 _43=-0.15 (aspect 1.778)
camera: pos 95.5 143.4 245.4 | proj _11=1.3908 _22=2.4725 _33=1.00001 _43=-0.15 (aspect 1.778)
camera: pos 95.5 143.4 244.9 | proj _11=1.3787 _22=2.4510 _33=1.00001 _43=-0.15 (aspect 1.778)
camera: pos 95.5 143.4 244.3 | proj _11=1.3665 _22=2.4292 _33=1.00001 _43=-0.15 (aspect 1.778)
camera: pos 95.5 143.4 243.8 | proj _11=1.3543 _22=2.4076 _33=1.00001 _43=-0.15 (aspect 1.778)
camera: pos 95.5 143.4 243.2 | proj _11=1.3426 _22=2.3868 _33=1.00001 _43=-0.15 (aspect 1.778)
camera: pos 95.5 143.4 242.7 | proj _11=1.3310 _22=2.3662 _33=1.00001 _43=-0.15 (aspect 1.778)
camera: pos 95.5 143.4 242.1 | proj _11=1.3192 _22=2.3451 _33=1.00001 _43=-0.15 (aspect 1.778)
camera: pos 95.5 143.4 241.5 | proj _11=1.3074 _22=2.3242 _33=1.00001 _43=-0.15 (aspect 1.778)
camera: pos 95.5 143.4 235.6 | proj _11=1.3237 _22=2.3532 _33=1.00001 _43=-0.15 (aspect 1.778)
camera: pos 95.5 143.4 235.5 | proj _11=1.3367 _22=2.3763 _33=1.00001 _43=-0.15 (aspect 1.778)
camera: pos 95.5 143.4 235.5 | proj _11=1.3492 _22=2.3986 _33=1.00001 _43=-0.15 (aspect 1.778)
camera: pos 95.5 143.4 235.4 | proj _11=1.3623 _22=2.4218 _33=1.00001 _43=-0.15 (aspect 1.778)
camera: pos 95.5 143.4 235.4 | proj _11=1.3757 _22=2.4456 _33=1.00001 _43=-0.15 (aspect 1.778)
camera: pos 95.5 143.4 235.3 | proj _11=1.3886 _22=2.4685 _33=1.00001 _43=-0.15 (aspect 1.778)
camera: pos 95.5 143.4 235.3 | proj _11=1.4018 _22=2.4921 _33=1.00001 _43=-0.15 (aspect 1.778)
camera: pos 95.5 143.4 235.2 | proj _11=1.4160 _22=2.5173 _33=1.00001 _43=-0.15 (aspect 1.778)
camera: pos 95.5 143.4 235.1 | proj _11=1.4302 _22=2.5425 _33=1.00001 _43=-0.15 (aspect 1.778)
camera: pos 95.5 143.4 235.1 | proj _11=1.4441 _22=2.5673 _33=1.00001 _43=-0.15 (aspect 1.778)
camera: pos 95.5 143.4 235.0 | proj _11=1.4583 _22=2.5924 _33=1.00001 _43=-0.15 (aspect 1.778)
camera: pos 95.5 143.4 235.0 | proj _11=1.4731 _22=2.6188 _33=1.00001 _43=-0.15 (aspect 1.778)
camera: pos 95.5 143.4 234.9 | proj _11=1.4866 _22=2.6429 _33=1.00001 _43=-0.15 (aspect 1.778)
camera: pos 95.5 143.4 234.8 | proj _11=1.5015 _22=2.6692 _33=1.00001 _43=-0.15 (aspect 1.778)
camera: pos 95.5 143.4 234.8 | proj _11=1.5167 _22=2.6963 _33=1.00001 _43=-0.15 (aspect 1.778)
camera: pos 95.5 143.4 234.7 | proj _11=1.5313 _22=2.7223 _33=1.00001 _43=-0.15 (aspect 1.778)
camera: pos 95.5 143.4 234.6 | proj _11=1.5492 _22=2.7541 _33=1.00001 _43=-0.15 (aspect 1.778)
camera: pos 95.5 143.4 234.6 | proj _11=1.5662 _22=2.7843 _33=1.00001 _43=-0.15 (aspect 1.778)
camera: pos 95.5 143.4 234.5 | proj _11=1.5821 _22=2.8125 _33=1.00001 _43=-0.15 (aspect 1.778)
camera: pos 95.5 143.4 234.5 | proj _11=1.5985 _22=2.8417 _33=1.00001 _43=-0.15 (aspect 1.778)
camera: pos 95.5 143.4 234.4 | proj _11=1.6085 _22=2.8594 _33=1.00001 _43=-0.15 (aspect 1.778)
camera: pos 95.1 136.9 230.8 | proj _11=1.5892 _22=2.8252 _33=1.00001 _43=-0.15 (aspect 1.778)
camera: pos 95.1 136.7 230.7 | proj _11=1.5701 _22=2.7912 _33=1.00001 _43=-0.15 (aspect 1.778)
camera: pos 95.1 136.5 230.6 | proj _11=1.5520 _22=2.7591 _33=1.00001 _43=-0.15 (aspect 1.778)
camera: pos 95.1 136.2 230.5 | proj _11=1.5336 _22=2.7263 _33=1.00001 _43=-0.15 (aspect 1.778)
camera: pos 95.1 136.0 230.5 | proj _11=1.5154 _22=2.6940 _33=1.00001 _43=-0.15 (aspect 1.778)
camera: pos 95.1 135.7 230.4 | proj _11=1.4984 _22=2.6637 _33=1.00001 _43=-0.15 (aspect 1.778)
camera: pos 95.1 135.4 230.3 | proj _11=1.4807 _22=2.6322 _33=1.00001 _43=-0.15 (aspect 1.778)
camera: pos 95.1 135.2 230.2 | proj _11=1.4635 _22=2.6018 _33=1.00001 _43=-0.15 (aspect 1.778)
camera: pos 95.1 134.9 230.2 | proj _11=1.4474 _22=2.5731 _33=1.00001 _43=-0.15 (aspect 1.778)
camera: pos 95.1 134.6 230.1 | proj _11=1.4307 _22=2.5434 _33=1.00001 _43=-0.15 (aspect 1.778)
camera: pos 95.1 134.3 230.0 | proj _11=1.4149 _22=2.5153 _33=1.00001 _43=-0.15 (aspect 1.778)
camera: pos 95.1 134.1 229.9 | proj _11=1.3996 _22=2.4880 _33=1.00001 _43=-0.15 (aspect 1.778)
camera: pos 95.1 133.8 229.9 | proj _11=1.3837 _22=2.4598 _33=1.00001 _43=-0.15 (aspect 1.778)
camera: pos 95.1 133.4 229.8 | proj _11=1.3684 _22=2.4327 _33=1.00001 _43=-0.15 (aspect 1.778)
camera: pos 95.1 133.1 229.7 | proj _11=1.3518 _22=2.4032 _33=1.00001 _43=-0.15 (aspect 1.778)
camera: pos 95.1 132.8 229.6 | proj _11=1.3358 _22=2.3747 _33=1.00001 _43=-0.15 (aspect 1.778)
camera: pos 95.1 132.5 229.5 | proj _11=1.3210 _22=2.3484 _33=1.00001 _43=-0.15 (aspect 1.778)
camera: pos 95.1 132.2 229.5 | proj _11=1.3066 _22=2.3228 _33=1.00001 _43=-0.15 (aspect 1.778)
camera: pos 95.0 131.9 229.4 | proj _11=1.2919 _22=2.2966 _33=1.00001 _43=-0.15 (aspect 1.778)
camera: pos 95.0 131.5 229.3 | proj _11=1.2781 _22=2.2722 _33=1.00001 _43=-0.15 (aspect 1.778)
camera: pos 95.0 131.2 229.2 | proj _11=1.2641 _22=2.2472 _33=1.00001 _43=-0.15 (aspect 1.778)
camera: pos 95.0 130.9 229.2 | proj _11=1.2501 _22=2.2223 _33=1.00001 _43=-0.15 (aspect 1.778)
camera: pos 95.0 130.5 229.1 | proj _11=1.2369 _22=2.1988 _33=1.00001 _43=-0.15 (aspect 1.778)
camera: pos 95.0 130.2 229.0 | proj _11=1.2230 _22=2.1742 _33=1.00001 _43=-0.15 (aspect 1.778)
camera: pos 95.0 129.8 228.9 | proj _11=1.2095 _22=2.1502 _33=1.00001 _43=-0.15 (aspect 1.778)
camera: pos 95.0 129.5 228.9 | proj _11=1.1971 _22=2.1281 _33=1.00001 _43=-0.15 (aspect 1.778)
camera: pos 95.0 129.1 228.8 | proj _11=1.1849 _22=2.1065 _33=1.00001 _43=-0.15 (aspect 1.778)
camera: pos 95.0 128.8 228.7 | proj _11=1.1720 _22=2.0835 _33=1.00001 _43=-0.15 (aspect 1.778)
camera: pos 95.0 128.4 228.6 | proj _11=1.1602 _22=2.0625 _33=1.00001 _43=-0.15 (aspect 1.778)
camera: pos 95.0 128.0 228.6 | proj _11=1.1480 _22=2.0409 _33=1.00001 _43=-0.15 (aspect 1.778)
camera: pos 95.0 127.7 228.5 | proj _11=1.1358 _22=2.0191 _33=1.00001 _43=-0.15 (aspect 1.778)
camera: pos 95.0 127.3 228.4 | proj _11=1.1244 _22=1.9989 _33=1.00001 _43=-0.15 (aspect 1.778)
camera: pos 95.0 126.9 228.4 | proj _11=1.1361 _22=2.0196 _33=1.00001 _43=-0.15 (aspect 1.778)
camera: pos 95.0 126.1 228.2 | proj _11=1.1545 _22=2.0525 _33=1.00001 _43=-0.15 (aspect 1.778)
camera: pos 95.0 125.4 228.1 | proj _11=1.1689 _22=2.0780 _33=1.00001 _43=-0.15 (aspect 1.778)
camera: pos 95.0 124.6 228.0 | proj _11=1.1821 _22=2.1014 _33=1.00001 _43=-0.15 (aspect 1.778)
camera: pos 95.0 123.4 227.8 | proj _11=1.1941 _22=2.1229 _33=1.00001 _43=-0.15 (aspect 1.778)
camera: pos 95.0 121.3 227.6 | proj _11=1.2134 _22=2.1572 _33=1.00001 _43=-0.15 (aspect 1.778)
camera: pos 95.0 120.9 227.6 | proj _11=1.2257 _22=2.1789 _33=1.00001 _43=-0.15 (aspect 1.778)
camera: pos 95.0 120.5 227.6 | proj _11=1.2371 _22=2.1992 _33=1.00001 _43=-0.15 (aspect 1.778)
camera: pos 94.9 120.1 227.6 | proj _11=1.2486 _22=2.2198 _33=1.00001 _43=-0.15 (aspect 1.778)
camera: pos 94.9 119.7 227.6 | proj _11=1.2601 _22=2.2401 _33=1.00001 _43=-0.15 (aspect 1.778)
camera: pos 94.9 119.3 227.6 | proj _11=1.2712 _22=2.2598 _33=1.00001 _43=-0.15 (aspect 1.778)
camera: pos 94.9 118.9 227.6 | proj _11=1.2817 _22=2.2785 _33=1.00001 _43=-0.15 (aspect 1.778)
camera: pos 94.9 118.5 227.7 | proj _11=1.2918 _22=2.2965 _33=1.00001 _43=-0.15 (aspect 1.778)
camera: pos 94.9 117.7 227.7 | proj _11=1.3103 _22=2.3294 _33=1.00001 _43=-0.15 (aspect 1.778)
camera: pos 94.9 116.8 227.8 | proj _11=1.3294 _22=2.3633 _33=1.00001 _43=-0.15 (aspect 1.778)
camera: pos 94.9 115.7 227.8 | proj _11=1.3124 _22=2.3331 _33=1.00001 _43=-0.15 (aspect 1.778)
camera: pos 94.9 115.2 227.9 | proj _11=1.2939 _22=2.3002 _33=1.00001 _43=-0.15 (aspect 1.778)
camera: pos 94.9 114.8 227.9 | proj _11=1.2775 _22=2.2710 _33=1.00001 _43=-0.15 (aspect 1.778)
camera: pos 94.9 114.3 227.9 | proj _11=1.2616 _22=2.2427 _33=1.00001 _43=-0.15 (aspect 1.778)
camera: pos 94.9 113.8 228.0 | proj _11=1.2479 _22=2.2184 _33=1.00001 _43=-0.15 (aspect 1.778)
camera: pos 94.9 113.4 228.0 | proj _11=1.2347 _22=2.1950 _33=1.00001 _43=-0.15 (aspect 1.778)
camera: pos 94.9 112.9 228.0 | proj _11=1.2217 _22=2.1718 _33=1.00001 _43=-0.15 (aspect 1.778)
camera: pos 94.9 112.4 228.1 | proj _11=1.2099 _22=2.1508 _33=1.00001 _43=-0.15 (aspect 1.778)
camera: pos 94.9 111.9 228.1 | proj _11=1.1979 _22=2.1296 _33=1.00001 _43=-0.15 (aspect 1.778)
camera: pos 94.9 111.4 228.1 | proj _11=1.1869 _22=2.1100 _33=1.00001 _43=-0.15 (aspect 1.778)
camera: pos 94.9 110.9 228.2 | proj _11=1.1768 _22=2.0920 _33=1.00001 _43=-0.15 (aspect 1.778)
camera: pos 94.9 109.9 228.2 | proj _11=1.1574 _22=2.0576 _33=1.00001 _43=-0.15 (aspect 1.778)
camera: pos 94.9 108.9 228.3 | proj _11=1.1407 _22=2.0279 _33=1.00001 _43=-0.15 (aspect 1.778)
camera: pos 94.9 107.9 228.3 | proj _11=1.1261 _22=2.0019 _33=1.00001 _43=-0.15 (aspect 1.778)
camera: pos 94.9 106.8 228.4 | proj _11=1.1120 _22=1.9768 _33=1.00001 _43=-0.15 (aspect 1.778)
camera: pos 94.9 105.8 228.4 | proj _11=1.1001 _22=1.9557 _33=1.00001 _43=-0.15 (aspect 1.778)
camera: pos 94.9 104.8 228.4 | proj _11=1.0891 _22=1.9362 _33=1.00001 _43=-0.15 (aspect 1.778)
camera: pos 94.9 103.7 228.5 | proj _11=1.0786 _22=1.9174 _33=1.00001 _43=-0.15 (aspect 1.778)
camera: pos 94.9 102.0 228.5 | proj _11=1.0651 _22=1.8935 _33=1.00001 _43=-0.15 (aspect 1.778)
camera: pos 94.9 100.4 228.6 | proj _11=1.0539 _22=1.8736 _33=1.00001 _43=-0.15 (aspect 1.778)
camera: pos 94.9 98.2 228.6 | proj _11=1.0411 _22=1.8508 _33=1.00001 _43=-0.15 (aspect 1.778)
camera: pos 94.9 96.0 228.6 | proj _11=1.0309 _22=1.8327 _33=1.00001 _43=-0.15 (aspect 1.778)
camera: pos 94.9 93.0 228.7 | proj _11=1.0199 _22=1.8131 _33=1.00001 _43=-0.15 (aspect 1.778)
camera: pos 94.9 89.2 228.7 | proj _11=1.0094 _22=1.7945 _33=1.00001 _43=-0.15 (aspect 1.778)
camera: pos 94.9 86.8 228.7 | proj _11=1.0230 _22=1.8186 _33=1.00001 _43=-0.15 (aspect 1.778)
camera: pos 94.9 86.2 228.7 | proj _11=1.0408 _22=1.8502 _33=1.00001 _43=-0.15 (aspect 1.778)
camera: pos 94.9 85.1 228.7 | proj _11=1.0701 _22=1.9024 _33=1.00001 _43=-0.15 (aspect 1.778)
camera: pos 94.9 84.5 228.7 | proj _11=1.0855 _22=1.9297 _33=1.00001 _43=-0.15 (aspect 1.778)
camera: pos 94.9 84.1 228.7 | proj _11=1.0972 _22=1.9505 _33=1.00001 _43=-0.15 (aspect 1.778)
camera: pos 94.9 83.5 228.7 | proj _11=1.1128 _22=1.9783 _33=1.00001 _43=-0.15 (aspect 1.778)
camera: pos 94.9 82.9 228.7 | proj _11=1.1275 _22=2.0043 _33=1.00001 _43=-0.15 (aspect 1.778)
camera: pos 94.9 82.2 228.8 | proj _11=1.1440 _22=2.0337 _33=1.00001 _43=-0.15 (aspect 1.778)
camera: pos 94.9 81.5 228.8 | proj _11=1.1584 _22=2.0593 _33=1.00001 _43=-0.15 (aspect 1.778)
camera: pos 94.9 80.9 228.8 | proj _11=1.1716 _22=2.0828 _33=1.00001 _43=-0.15 (aspect 1.778)
camera: pos 94.9 80.3 228.8 | proj _11=1.1853 _22=2.1072 _33=1.00001 _43=-0.15 (aspect 1.778)
camera: pos 94.9 79.7 228.8 | proj _11=1.1982 _22=2.1300 _33=1.00001 _43=-0.15 (aspect 1.778)
camera: pos 94.9 79.1 228.8 | proj _11=1.2108 _22=2.1524 _33=1.00001 _43=-0.15 (aspect 1.778)
camera: pos 94.9 78.5 228.9 | proj _11=1.2230 _22=2.1741 _33=1.00001 _43=-0.15 (aspect 1.778)
camera: pos 94.9 77.9 228.9 | proj _11=1.2345 _22=2.1946 _33=1.00001 _43=-0.15 (aspect 1.778)
camera: pos 94.9 77.2 228.9 | proj _11=1.2463 _22=2.2156 _33=1.00001 _43=-0.15 (aspect 1.778)
camera: pos 94.9 76.6 228.9 | proj _11=1.2569 _22=2.2344 _33=1.00001 _43=-0.15 (aspect 1.778)
camera: pos 94.9 76.0 229.0 | proj _11=1.2437 _22=2.2110 _33=1.00001 _43=-0.15 (aspect 1.778)
vertex layout #23: elems=13 pos=float3@0(stream 0) uv=short2 normal=1 color=0 skinned=1 positionT=0
vertex layout #24: elems=12 pos=float3@0(stream 0) uv=short2 normal=1 color=0 skinned=1 positionT=0
camera: pos 94.9 75.4 229.0 | proj _11=1.2313 _22=2.1890 _33=1.00001 _43=-0.15 (aspect 1.778)
camera: pos 94.9 74.8 229.0 | proj _11=1.2195 _22=2.1679 _33=1.00001 _43=-0.15 (aspect 1.778)
camera: pos 94.9 74.2 229.0 | proj _11=1.2082 _22=2.1479 _33=1.00001 _43=-0.15 (aspect 1.778)
camera: pos 94.9 73.6 229.1 | proj _11=1.1976 _22=2.1290 _33=1.00001 _43=-0.15 (aspect 1.778)
camera: pos 94.9 72.3 229.1 | proj _11=1.1768 _22=2.0920 _33=1.00001 _43=-0.15 (aspect 1.778)
camera: pos 94.9 71.1 229.2 | proj _11=1.1611 _22=2.0642 _33=1.00001 _43=-0.15 (aspect 1.778)
camera: pos 94.9 69.9 229.3 | proj _11=1.1456 _22=2.0366 _33=1.00001 _43=-0.15 (aspect 1.778)
camera: pos 94.9 68.6 229.3 | proj _11=1.1305 _22=2.0098 _33=1.00001 _43=-0.15 (aspect 1.778)
camera: pos 94.9 67.4 229.4 | proj _11=1.1176 _22=1.9868 _33=1.00001 _43=-0.15 (aspect 1.778)
camera: pos 94.9 66.1 229.4 | proj _11=1.1058 _22=1.9659 _33=1.00001 _43=-0.15 (aspect 1.778)
camera: pos 94.9 64.9 229.5 | proj _11=1.0954 _22=1.9473 _33=1.00001 _43=-0.15 (aspect 1.778)
camera: pos 94.9 63.0 229.5 | proj _11=1.0813 _22=1.9222 _33=1.00001 _43=-0.15 (aspect 1.778)
camera: pos 94.9 61.1 229.6 | proj _11=1.0688 _22=1.9000 _33=1.00001 _43=-0.15 (aspect 1.778)
camera: pos 94.9 58.9 229.6 | proj _11=1.0566 _22=1.8783 _33=1.00001 _43=-0.15 (aspect 1.778)
camera: pos 94.9 56.2 229.6 | proj _11=1.0439 _22=1.8558 _33=1.00001 _43=-0.15 (aspect 1.778)
camera: pos 94.9 53.5 229.7 | proj _11=1.0333 _22=1.8370 _33=1.00001 _43=-0.15 (aspect 1.778)
camera: pos 94.9 49.9 229.7 | proj _11=1.0221 _22=1.8169 _33=1.00001 _43=-0.15 (aspect 1.778)
camera: pos 94.9 45.5 229.8 | proj _11=1.0114 _22=1.7981 _33=1.00001 _43=-0.15 (aspect 1.778)
camera: pos 94.9 39.1 229.8 | proj _11=1.0006 _22=1.7788 _33=1.00001 _43=-0.15 (aspect 1.778)
camera: pos 94.9 29.0 229.8 | proj _11=0.9903 _22=1.7606 _33=1.00001 _43=-0.15 (aspect 1.778)
camera: pos 95.0 9.2 229.9 | proj _11=0.9775 _22=1.7377 _33=1.00001 _43=-0.15 (aspect 1.778)
camera: pos 95.0 9.3 230.2 | proj _11=1.0081 _22=1.7921 _33=1.00001 _43=-0.15 (aspect 1.778)
camera: pos 95.1 9.4 230.5 | proj _11=1.0392 _22=1.8475 _33=1.00001 _43=-0.15 (aspect 1.778)
camera: pos 95.1 9.4 230.7 | proj _11=1.0710 _22=1.9039 _33=1.00001 _43=-0.15 (aspect 1.778)
camera: pos 95.1 9.5 231.0 | proj _11=1.1048 _22=1.9640 _33=1.00001 _43=-0.15 (aspect 1.778)
camera: pos 95.2 9.6 231.2 | proj _11=1.1376 _22=2.0224 _33=1.00001 _43=-0.15 (aspect 1.778)
camera: pos 95.2 9.6 231.4 | proj _11=1.1721 _22=2.0837 _33=1.00001 _43=-0.15 (aspect 1.778)
camera: pos 95.3 9.7 231.7 | proj _11=1.2104 _22=2.1517 _33=1.00001 _43=-0.15 (aspect 1.778)
camera: pos 95.3 9.7 231.9 | proj _11=1.2492 _22=2.2207 _33=1.00001 _43=-0.15 (aspect 1.778)
camera: pos 95.3 9.8 232.2 | proj _11=1.2889 _22=2.2914 _33=1.00001 _43=-0.15 (aspect 1.778)
camera: pos 95.4 9.9 232.4 | proj _11=1.3295 _22=2.3635 _33=1.00001 _43=-0.15 (aspect 1.778)
camera: pos 95.4 9.9 232.7 | proj _11=1.3718 _22=2.4387 _33=1.00001 _43=-0.15 (aspect 1.778)
camera: pos 95.4 10.0 232.9 | proj _11=1.4160 _22=2.5172 _33=1.00001 _43=-0.15 (aspect 1.778)
camera: pos 95.4 10.0 233.1 | proj _11=1.4639 _22=2.6025 _33=1.00001 _43=-0.15 (aspect 1.778)
camera: pos 95.4 9.9 233.0 | proj _11=1.4761 _22=2.6240 _33=1.00001 _43=-0.15 (aspect 1.778)
camera: pos 95.4 9.9 232.8 | proj _11=1.4879 _22=2.6451 _33=1.00001 _43=-0.15 (aspect 1.778)
camera: pos 95.4 9.9 232.6 | proj _11=1.4998 _22=2.6662 _33=1.00001 _43=-0.15 (aspect 1.778)
camera: pos 95.4 9.9 232.4 | proj _11=1.5117 _22=2.6874 _33=1.00001 _43=-0.15 (aspect 1.778)
camera: pos 95.4 9.9 232.3 | proj _11=1.5234 _22=2.7083 _33=1.00001 _43=-0.15 (aspect 1.778)
camera: pos 95.4 9.9 232.1 | proj _11=1.5356 _22=2.7298 _33=1.00001 _43=-0.15 (aspect 1.778)
camera: pos 95.4 9.9 231.9 | proj _11=1.5482 _22=2.7524 _33=1.00001 _43=-0.15 (aspect 1.778)
camera: pos 95.5 9.9 231.8 | proj _11=1.5608 _22=2.7747 _33=1.00001 _43=-0.15 (aspect 1.778)
camera: pos 95.5 9.9 231.6 | proj _11=1.5737 _22=2.7976 _33=1.00001 _43=-0.15 (aspect 1.778)
camera: pos 95.5 9.9 231.4 | proj _11=1.5862 _22=2.8199 _33=1.00001 _43=-0.15 (aspect 1.778)
camera: pos 95.5 9.9 231.3 | proj _11=1.5992 _22=2.8429 _33=1.00001 _43=-0.15 (aspect 1.778)
frame 10200 | draws 2172/frame | FFP converted 295/frame (13.6%)
    not converted: screen-space 30  skinned 157  ortho 0  vertex-format 0  untextured 1137  instanced 0  mirrored 0  other-camera 394  no camera 0  other 3 (per frame)
    instancing: 648 converted from the instance stream/frame, 0 refused/frame (largest single draw 1 instances, 0.9 buffer writes snooped/frame)
    SKIPPED entirely 0/frame (mode 0) | demoted to UI overlay 0/frame | no-albedo materials left to Remix 155/frame
    albedo: moved off stage 0 90/frame, blanked 0/frame, restored from mesh cache 105/frame (1443 meshes cached) | RT textures known 55 | lights 3.2/frame (24 shaders)
    camera 94.4 8.2 230.4 | distinct cameras this frame 1 (max 1) | transform writes 214/frame | redundant state calls dropped 5885/frame
    world matrix changes 212/frame | objTM used without a fresh upload 0/frame | uv matrix writes 8/frame (last scale 0.00098, 0.00098)
    TIMING: frame 20.3 ms avg (49 fps), worst 56 ms | shim 1.24 ms avg (6.1% of frame), worst 5.1 ms
    converted -> target 14ED0EE0 1280x720 fmt=34 : 10 draws/frame
    converted -> target 14ED5AD8 1280x720 fmt=113 : 280 draws/frame
    converted -> target 14ED1E60 1280x720 fmt=113 : 4 draws/frame
    converted -> target 14ED1F58 1280x720 fmt=21 : 0 draws/frame
frame 10800 | draws 2156/frame | FFP converted 300/frame (13.9%)
    not converted: screen-space 30  skinned 181  ortho 0  vertex-format 0  untextured 1117  instanced 0  mirrored 0  other-camera 372  no camera 0  other 4 (per frame)
    instancing: 629 converted from the instance stream/frame, 0 refused/frame (largest single draw 1 instances, 0.9 buffer writes snooped/frame)
    SKIPPED entirely 0/frame (mode 0) | demoted to UI overlay 0/frame | no-albedo materials left to Remix 152/frame
    albedo: moved off stage 0 89/frame, blanked 0/frame, restored from mesh cache 107/frame (1459 meshes cached) | RT textures known 55 | lights 3.7/frame (24 shaders)
    camera 95.3 8.6 233.5 | distinct cameras this frame 1 (max 1) | transform writes 217/frame | redundant state calls dropped 5984/frame
    world matrix changes 216/frame | objTM used without a fresh upload 0/frame | uv matrix writes 8/frame (last scale 0.00098, 0.00098)
    TIMING: frame 20.4 ms avg (49 fps), worst 60 ms | shim 1.26 ms avg (6.2% of frame), worst 4.4 ms
    converted -> target 14ED0EE0 1280x720 fmt=34 : 11 draws/frame
    converted -> target 14ED5AD8 1280x720 fmt=113 : 284 draws/frame
    converted -> target 14ED1E60 1280x720 fmt=113 : 5 draws/frame
    converted -> target 14ED1F58 1280x720 fmt=21 : 0 draws/frame
frame 11400 | draws 2169/frame | FFP converted 310/frame (14.3%)
    not converted: screen-space 30  skinned 212  ortho 0  vertex-format 1  untextured 1110  instanced 0  mirrored 0  other-camera 353  no camera 0  other 4 (per frame)
    instancing: 616 converted from the instance stream/frame, 0 refused/frame (largest single draw 1 instances, 0.9 buffer writes snooped/frame)
    SKIPPED entirely 0/frame (mode 0) | demoted to UI overlay 0/frame | no-albedo materials left to Remix 150/frame
    albedo: moved off stage 0 89/frame, blanked 0/frame, restored from mesh cache 111/frame (1468 meshes cached) | RT textures known 55 | lights 4.2/frame (24 shaders)
    camera 95.3 8.6 233.5 | distinct cameras this frame 1 (max 1) | transform writes 225/frame | redundant state calls dropped 6171/frame
    world matrix changes 223/frame | objTM used without a fresh upload 0/frame | uv matrix writes 9/frame (last scale 0.00098, 0.00098)
    TIMING: frame 20.7 ms avg (48 fps), worst 54 ms | shim 1.29 ms avg (6.2% of frame), worst 2.8 ms
    converted -> target 14ED0EE0 1280x720 fmt=34 : 12 draws/frame
    converted -> target 14ED5AD8 1280x720 fmt=113 : 292 draws/frame
    converted -> target 14ED1E60 1280x720 fmt=113 : 5 draws/frame
    converted -> target 14ED1F58 1280x720 fmt=21 : 0 draws/frame
frame 12000 | draws 2185/frame | FFP converted 318/frame (14.5%)
    not converted: screen-space 40  skinned 236  ortho 0  vertex-format 1  untextured 1103  instanced 0  mirrored 0  other-camera 335  no camera 0  other 5 (per frame)
    instancing: 604 converted from the instance stream/frame, 0 refused/frame (largest single draw 1 instances, 0.9 buffer writes snooped/frame)
    SKIPPED entirely 0/frame (mode 0) | demoted to UI overlay 0/frame | no-albedo materials left to Remix 149/frame
    albedo: moved off stage 0 90/frame, blanked 0/frame, restored from mesh cache 114/frame (1475 meshes cached) | RT textures known 55 | lights 4.6/frame (24 shaders)
    camera 95.3 8.6 233.5 | distinct cameras this frame 1 (max 1) | transform writes 230/frame | redundant state calls dropped 6326/frame
    world matrix changes 229/frame | objTM used without a fresh upload 0/frame | uv matrix writes 9/frame (last scale 0.00098, 0.00098)
    TIMING: frame 21.2 ms avg (47 fps), worst 55 ms | shim 1.33 ms avg (6.3% of frame), worst 3.2 ms
    converted -> target 14ED0EE0 1280x720 fmt=34 : 12 draws/frame
    converted -> target 14ED5AD8 1280x720 fmt=113 : 299 draws/frame
    converted -> target 14ED1E60 1280x720 fmt=113 : 6 draws/frame
    converted -> target 14ED1F58 1280x720 fmt=21 : 0 draws/frame
frame 12600 | draws 2200/frame | FFP converted 325/frame (14.8%)
    not converted: screen-space 51  skinned 256  ortho 0  vertex-format 1  untextured 1096  instanced 0  mirrored 0  other-camera 319  no camera 0  other 5 (per frame)
    instancing: 594 converted from the instance stream/frame, 0 refused/frame (largest single draw 1 instances, 0.9 buffer writes snooped/frame)
    SKIPPED entirely 0/frame (mode 0) | demoted to UI overlay 0/frame | no-albedo materials left to Remix 147/frame
    albedo: moved off stage 0 90/frame, blanked 0/frame, restored from mesh cache 117/frame (1488 meshes cached) | RT textures known 55 | lights 5.0/frame (24 shaders)
    camera 95.3 8.6 233.5 | distinct cameras this frame 1 (max 1) | transform writes 236/frame | redundant state calls dropped 6472/frame
    world matrix changes 234/frame | objTM used without a fresh upload 0/frame | uv matrix writes 10/frame (last scale 0.00098, 0.00098)
    TIMING: frame 21.6 ms avg (46 fps), worst 44 ms | shim 1.36 ms avg (6.3% of frame), worst 3.3 ms
    converted -> target 14ED0EE0 1280x720 fmt=34 : 13 draws/frame
    converted -> target 14ED5AD8 1280x720 fmt=113 : 305 draws/frame
    converted -> target 14ED1E60 1280x720 fmt=113 : 6 draws/frame
    converted -> target 14ED1F58 1280x720 fmt=21 : 0 draws/frame
frame 13200 | draws 2208/frame | FFP converted 331/frame (15.0%)
    not converted: screen-space 62  skinned 268  ortho 0  vertex-format 1  untextured 1090  instanced 0  mirrored 0  other-camera 305  no camera 0  other 5 (per frame)
    instancing: 585 converted from the instance stream/frame, 0 refused/frame (largest single draw 1 instances, 0.9 buffer writes snooped/frame)
    SKIPPED entirely 0/frame (mode 0) | demoted to UI overlay 0/frame | no-albedo materials left to Remix 145/frame
    albedo: moved off stage 0 89/frame, blanked 0/frame, restored from mesh cache 120/frame (1488 meshes cached) | RT textures known 55 | lights 5.3/frame (24 shaders)
    camera 95.3 8.6 233.5 | distinct cameras this frame 1 (max 1) | transform writes 241/frame | redundant state calls dropped 6599/frame
    world matrix changes 239/frame | objTM used without a fresh upload 0/frame | uv matrix writes 10/frame (last scale 0.00098, 0.00098)
    TIMING: frame 22.0 ms avg (45 fps), worst 44 ms | shim 1.38 ms avg (6.3% of frame), worst 2.3 ms
    converted -> target 14ED0EE0 1280x720 fmt=34 : 13 draws/frame
    converted -> target 14ED5AD8 1280x720 fmt=113 : 311 draws/frame
    converted -> target 14ED1E60 1280x720 fmt=113 : 6 draws/frame
    converted -> target 14ED1F58 1280x720 fmt=21 : 0 draws/frame
frame 13800 | draws 2222/frame | FFP converted 337/frame (15.2%)
    not converted: screen-space 72  skinned 286  ortho 0  vertex-format 1  untextured 1085  instanced 0  mirrored 0  other-camera 292  no camera 0  other 6 (per frame)
    instancing: 577 converted from the instance stream/frame, 0 refused/frame (largest single draw 1 instances, 0.9 buffer writes snooped/frame)
    SKIPPED entirely 0/frame (mode 0) | demoted to UI overlay 0/frame | no-albedo materials left to Remix 144/frame
    albedo: moved off stage 0 89/frame, blanked 0/frame, restored from mesh cache 123/frame (1489 meshes cached) | RT textures known 55 | lights 5.7/frame (24 shaders)
    camera 95.3 8.6 233.5 | distinct cameras this frame 1 (max 1) | transform writes 246/frame | redundant state calls dropped 6719/frame
    world matrix changes 244/frame | objTM used without a fresh upload 0/frame | uv matrix writes 11/frame (last scale 0.00098, 0.00098)
    TIMING: frame 22.4 ms avg (45 fps), worst 49 ms | shim 1.40 ms avg (6.3% of frame), worst 4.4 ms
    converted -> target 14ED0EE0 1280x720 fmt=34 : 14 draws/frame
    converted -> target 14ED5AD8 1280x720 fmt=113 : 316 draws/frame
    converted -> target 14ED1E60 1280x720 fmt=113 : 6 draws/frame
    converted -> target 14ED1F58 1280x720 fmt=21 : 0 draws/frame
frame 14400 | draws 2231/frame | FFP converted 343/frame (15.4%)
    not converted: screen-space 81  skinned 299  ortho 0  vertex-format 2  untextured 1079  instanced 0  mirrored 0  other-camera 280  no camera 0  other 6 (per frame)
    instancing: 570 converted from the instance stream/frame, 0 refused/frame (largest single draw 1 instances, 0.9 buffer writes snooped/frame)
    SKIPPED entirely 0/frame (mode 0) | demoted to UI overlay 0/frame | no-albedo materials left to Remix 142/frame
    albedo: moved off stage 0 89/frame, blanked 0/frame, restored from mesh cache 126/frame (1489 meshes cached) | RT textures known 55 | lights 5.9/frame (24 shaders)
    camera 95.3 8.6 233.5 | distinct cameras this frame 1 (max 1) | transform writes 250/frame | redundant state calls dropped 6826/frame
    world matrix changes 249/frame | objTM used without a fresh upload 0/frame | uv matrix writes 11/frame (last scale 0.00098, 0.00098)
    TIMING: frame 22.7 ms avg (44 fps), worst 40 ms | shim 1.42 ms avg (6.2% of frame), worst 2.9 ms
    converted -> target 14ED0EE0 1280x720 fmt=34 : 14 draws/frame
    converted -> target 14ED5AD8 1280x720 fmt=113 : 321 draws/frame
    converted -> target 14ED1E60 1280x720 fmt=113 : 6 draws/frame
    converted -> target 14ED1F58 1280x720 fmt=21 : 0 draws/frame
frame 15000 | draws 2236/frame | FFP converted 347/frame (15.5%)
    not converted: screen-space 89  skinned 309  ortho 0  vertex-format 2  untextured 1074  instanced 0  mirrored 0  other-camera 269  no camera 0  other 6 (per frame)
    instancing: 563 converted from the instance stream/frame, 0 refused/frame (largest single draw 1 instances, 0.9 buffer writes snooped/frame)
    SKIPPED entirely 0/frame (mode 0) | demoted to UI overlay 0/frame | no-albedo materials left to Remix 141/frame
    albedo: moved off stage 0 89/frame, blanked 0/frame, restored from mesh cache 128/frame (1489 meshes cached) | RT textures known 55 | lights 6.2/frame (24 shaders)
    camera 95.3 8.6 233.5 | distinct cameras this frame 1 (max 1) | transform writes 254/frame | redundant state calls dropped 6922/frame
    world matrix changes 252/frame | objTM used without a fresh upload 0/frame | uv matrix writes 11/frame (last scale 0.00098, 0.00098)
    TIMING: frame 23.0 ms avg (43 fps), worst 41 ms | shim 1.44 ms avg (6.2% of frame), worst 3.3 ms
    converted -> target 14ED0EE0 1280x720 fmt=34 : 15 draws/frame
    converted -> target 14ED5AD8 1280x720 fmt=113 : 325 draws/frame
    converted -> target 14ED1E60 1280x720 fmt=113 : 7 draws/frame
    converted -> target 14ED1F58 1280x720 fmt=21 : 0 draws/frame
frame 15600 | draws 2244/frame | FFP converted 352/frame (15.7%)
    not converted: screen-space 97  skinned 320  ortho 0  vertex-format 2  untextured 1069  instanced 0  mirrored 0  other-camera 258  no camera 0  other 6 (per frame)
    instancing: 557 converted from the instance stream/frame, 0 refused/frame (largest single draw 1 instances, 0.9 buffer writes snooped/frame)
    SKIPPED entirely 0/frame (mode 0) | demoted to UI overlay 0/frame | no-albedo materials left to Remix 140/frame
    albedo: moved off stage 0 89/frame, blanked 0/frame, restored from mesh cache 130/frame (1489 meshes cached) | RT textures known 55 | lights 6.4/frame (24 shaders)
    camera 95.3 8.6 233.5 | distinct cameras this frame 1 (max 1) | transform writes 258/frame | redundant state calls dropped 7009/frame
    world matrix changes 256/frame | objTM used without a fresh upload 0/frame | uv matrix writes 11/frame (last scale 0.00098, 0.00098)
    TIMING: frame 23.3 ms avg (43 fps), worst 40 ms | shim 1.45 ms avg (6.2% of frame), worst 2.6 ms
    converted -> target 14ED0EE0 1280x720 fmt=34 : 15 draws/frame
    converted -> target 14ED5AD8 1280x720 fmt=113 : 329 draws/frame
    converted -> target 14ED1E60 1280x720 fmt=113 : 7 draws/frame
    converted -> target 14ED1F58 1280x720 fmt=21 : 0 draws/frame
frame 16200 | draws 2253/frame | FFP converted 356/frame (15.8%)
    not converted: screen-space 104  skinned 331  ortho 0  vertex-format 2  untextured 1065  instanced 0  mirrored 0  other-camera 249  no camera 0  other 7 (per frame)
    instancing: 551 converted from the instance stream/frame, 0 refused/frame (largest single draw 1 instances, 0.9 buffer writes snooped/frame)
    SKIPPED entirely 0/frame (mode 0) | demoted to UI overlay 0/frame | no-albedo materials left to Remix 139/frame
    albedo: moved off stage 0 89/frame, blanked 0/frame, restored from mesh cache 132/frame (1497 meshes cached) | RT textures known 55 | lights 6.7/frame (24 shaders)
    camera 95.3 8.6 233.5 | distinct cameras this frame 1 (max 1) | transform writes 261/frame | redundant state calls dropped 7099/frame
    world matrix changes 259/frame | objTM used without a fresh upload 0/frame | uv matrix writes 12/frame (last scale 0.00098, 0.00098)
    TIMING: frame 23.6 ms avg (42 fps), worst 60 ms | shim 1.47 ms avg (6.2% of frame), worst 3.5 ms
    converted -> target 14ED0EE0 1280x720 fmt=34 : 15 draws/frame
    converted -> target 14ED5AD8 1280x720 fmt=113 : 333 draws/frame
    converted -> target 14ED1E60 1280x720 fmt=113 : 7 draws/frame
    converted -> target 14ED1F58 1280x720 fmt=21 : 0 draws/frame
frame 16800 | draws 2261/frame | FFP converted 360/frame (15.9%)
    not converted: screen-space 110  skinned 343  ortho 0  vertex-format 2  untextured 1061  instanced 0  mirrored 0  other-camera 240  no camera 0  other 7 (per frame)
    instancing: 545 converted from the instance stream/frame, 0 refused/frame (largest single draw 1 instances, 0.9 buffer writes snooped/frame)
    SKIPPED entirely 0/frame (mode 0) | demoted to UI overlay 0/frame | no-albedo materials left to Remix 138/frame
    albedo: moved off stage 0 89/frame, blanked 0/frame, restored from mesh cache 134/frame (1499 meshes cached) | RT textures known 55 | lights 6.9/frame (24 shaders)
    camera 95.3 8.6 233.5 | distinct cameras this frame 1 (max 1) | transform writes 265/frame | redundant state calls dropped 7179/frame
    world matrix changes 263/frame | objTM used without a fresh upload 0/frame | uv matrix writes 12/frame (last scale 0.00098, 0.00098)
    TIMING: frame 23.9 ms avg (42 fps), worst 48 ms | shim 1.49 ms avg (6.2% of frame), worst 3.5 ms
    converted -> target 14ED0EE0 1280x720 fmt=34 : 16 draws/frame
    converted -> target 14ED5AD8 1280x720 fmt=113 : 336 draws/frame
    converted -> target 14ED1E60 1280x720 fmt=113 : 7 draws/frame
    converted -> target 14ED1F58 1280x720 fmt=21 : 0 draws/frame
frame 17400 | draws 2267/frame | FFP converted 364/frame (16.1%)
    not converted: screen-space 116  skinned 351  ortho 0  vertex-format 2  untextured 1058  instanced 0  mirrored 0  other-camera 232  no camera 0  other 7 (per frame)
    instancing: 540 converted from the instance stream/frame, 0 refused/frame (largest single draw 1 instances, 0.9 buffer writes snooped/frame)
    SKIPPED entirely 0/frame (mode 0) | demoted to UI overlay 0/frame | no-albedo materials left to Remix 137/frame
    albedo: moved off stage 0 89/frame, blanked 0/frame, restored from mesh cache 135/frame (1499 meshes cached) | RT textures known 55 | lights 7.1/frame (24 shaders)
    camera 95.3 8.6 233.5 | distinct cameras this frame 1 (max 1) | transform writes 268/frame | redundant state calls dropped 7253/frame
    world matrix changes 266/frame | objTM used without a fresh upload 0/frame | uv matrix writes 12/frame (last scale 0.00098, 0.00098)
    TIMING: frame 24.1 ms avg (41 fps), worst 44 ms | shim 1.50 ms avg (6.2% of frame), worst 2.3 ms
    converted -> target 14ED0EE0 1280x720 fmt=34 : 16 draws/frame
    converted -> target 14ED5AD8 1280x720 fmt=113 : 340 draws/frame
    converted -> target 14ED1E60 1280x720 fmt=113 : 7 draws/frame
    converted -> target 14ED1F58 1280x720 fmt=21 : 0 draws/frame
frame 18000 | draws 2268/frame | FFP converted 367/frame (16.2%)
    not converted: screen-space 122  skinned 356  ortho 0  vertex-format 2  untextured 1053  instanced 0  mirrored 0  other-camera 224  no camera 0  other 7 (per frame)
    instancing: 536 converted from the instance stream/frame, 0 refused/frame (largest single draw 1 instances, 0.9 buffer writes snooped/frame)
    SKIPPED entirely 0/frame (mode 0) | demoted to UI overlay 0/frame | no-albedo materials left to Remix 136/frame
    albedo: moved off stage 0 89/frame, blanked 0/frame, restored from mesh cache 137/frame (1499 meshes cached) | RT textures known 55 | lights 7.3/frame (24 shaders)
    camera 95.3 8.6 233.5 | distinct cameras this frame 1 (max 1) | transform writes 270/frame | redundant state calls dropped 7319/frame
    world matrix changes 268/frame | objTM used without a fresh upload 0/frame | uv matrix writes 12/frame (last scale 0.00098, 0.00098)
    TIMING: frame 24.3 ms avg (41 fps), worst 46 ms | shim 1.51 ms avg (6.2% of frame), worst 2.4 ms
    converted -> target 14ED0EE0 1280x720 fmt=34 : 16 draws/frame
    converted -> target 14ED5AD8 1280x720 fmt=113 : 343 draws/frame
    converted -> target 14ED1E60 1280x720 fmt=113 : 7 draws/frame
    converted -> target 14ED1F58 1280x720 fmt=21 : 0 draws/frame
frame 18600 | draws 2270/frame | FFP converted 370/frame (16.3%)
    not converted: screen-space 127  skinned 361  ortho 0  vertex-format 2  untextured 1050  instanced 0  mirrored 0  other-camera 217  no camera 0  other 7 (per frame)
    instancing: 531 converted from the instance stream/frame, 0 refused/frame (largest single draw 1 instances, 0.9 buffer writes snooped/frame)
    SKIPPED entirely 0/frame (mode 0) | demoted to UI overlay 0/frame | no-albedo materials left to Remix 135/frame
    albedo: moved off stage 0 88/frame, blanked 0/frame, restored from mesh cache 138/frame (1501 meshes cached) | RT textures known 55 | lights 7.4/frame (24 shaders)
    camera 95.3 8.6 233.5 | distinct cameras this frame 1 (max 1) | transform writes 273/frame | redundant state calls dropped 7381/frame
    world matrix changes 271/frame | objTM used without a fresh upload 0/frame | uv matrix writes 12/frame (last scale 0.00098, 0.00098)
    TIMING: frame 24.5 ms avg (41 fps), worst 42 ms | shim 1.52 ms avg (6.2% of frame), worst 2.6 ms
    converted -> target 14ED0EE0 1280x720 fmt=34 : 17 draws/frame
    converted -> target 14ED5AD8 1280x720 fmt=113 : 345 draws/frame
    converted -> target 14ED1E60 1280x720 fmt=113 : 7 draws/frame
    converted -> target 14ED1F58 1280x720 fmt=21 : 0 draws/frame
frame 19200 | draws 2265/frame | FFP converted 373/frame (16.5%)
    not converted: screen-space 124  skinned 367  ortho 0  vertex-format 2  untextured 1047  instanced 0  mirrored 0  other-camera 211  no camera 0  other 8 (per frame)
    instancing: 527 converted from the instance stream/frame, 0 refused/frame (largest single draw 1 instances, 0.9 buffer writes snooped/frame)
    SKIPPED entirely 0/frame (mode 0) | demoted to UI overlay 0/frame | no-albedo materials left to Remix 134/frame
    albedo: moved off stage 0 88/frame, blanked 0/frame, restored from mesh cache 140/frame (1501 meshes cached) | RT textures known 55 | lights 7.6/frame (24 shaders)
    camera 95.3 8.6 233.5 | distinct cameras this frame 1 (max 1) | transform writes 275/frame | redundant state calls dropped 7439/frame
    world matrix changes 273/frame | objTM used without a fresh upload 0/frame | uv matrix writes 12/frame (last scale 0.00098, 0.00098)
    TIMING: frame 24.6 ms avg (41 fps), worst 50 ms | shim 1.53 ms avg (6.2% of frame), worst 3.1 ms
    converted -> target 14ED0EE0 1280x720 fmt=34 : 17 draws/frame
    converted -> target 14ED5AD8 1280x720 fmt=113 : 348 draws/frame
    converted -> target 14ED1E60 1280x720 fmt=113 : 7 draws/frame
    converted -> target 14ED1F58 1280x720 fmt=21 : 0 draws/frame
frame 19800 | draws 2264/frame | FFP converted 376/frame (16.6%)
    not converted: screen-space 121  skinned 375  ortho 0  vertex-format 2  untextured 1044  instanced 0  mirrored 0  other-camera 204  no camera 0  other 8 (per frame)
    instancing: 523 converted from the instance stream/frame, 0 refused/frame (largest single draw 1 instances, 0.9 buffer writes snooped/frame)
    SKIPPED entirely 0/frame (mode 0) | demoted to UI overlay 0/frame | no-albedo materials left to Remix 134/frame
    albedo: moved off stage 0 88/frame, blanked 0/frame, restored from mesh cache 141/frame (1503 meshes cached) | RT textures known 55 | lights 7.7/frame (24 shaders)
    camera 95.3 8.6 233.5 | distinct cameras this frame 1 (max 1) | transform writes 277/frame | redundant state calls dropped 7502/frame
    world matrix changes 276/frame | objTM used without a fresh upload 0/frame | uv matrix writes 13/frame (last scale 0.00098, 0.00098)
    TIMING: frame 24.6 ms avg (41 fps), worst 48 ms | shim 1.54 ms avg (6.2% of frame), worst 4.1 ms
    converted -> target 14ED0EE0 1280x720 fmt=34 : 17 draws/frame
    converted -> target 14ED5AD8 1280x720 fmt=113 : 351 draws/frame
    converted -> target 14ED1E60 1280x720 fmt=113 : 7 draws/frame
    converted -> target 14ED1F58 1280x720 fmt=21 : 0 draws/frame
