sr3-rtx loaded (pid 30436) - FFP conversion, ported from sr2-rtx-remix-proxy
settings: ffp=1 convertSkinned=0 perspectiveOnly=1 skipDepthOnly=1 finiteFar=1(far=5000) rankAlbedo=1 excludeRTAlbedo=1 injectLights=1 uvScale=0.00098
CreateDevice hook installed
CreateDeviceEx hook installed
CreateDeviceEx -> hooking device (backbuffer 1280x720, aspect 1.778)
light shader: directional (pos=c0 dir=c-1 color=c2 info=c-1 spot=c-1)
light shader: directional (pos=c0 dir=c-1 color=c2 info=c-1 spot=c-1)
light shader: directional (pos=c0 dir=c-1 color=c2 info=c-1 spot=c-1)
light shader: directional (pos=c0 dir=c-1 color=c2 info=c-1 spot=c-1)
light shader: directional (pos=c0 dir=c-1 color=c2 info=c-1 spot=c-1)
light shader: directional (pos=c0 dir=c-1 color=c2 info=c-1 spot=c-1)
vertex layout #1: elems=3 pos=float4@0(stream 0) uv=float2 normal=0 color=1 skinned=0 positionT=0
frame 60 | draws 0/frame | FFP converted 0/frame (0.0%) | far substitutions 0/frame
    not converted: screen-space 0  skinned 0  depth-only 0  ortho 0  vertex-format 0  untextured 0  instanced 0  mirrored 0  other-camera 0  no camera 0  other 0 (per frame)
    instancing: 0 converted from the instance stream/frame, 0 refused/frame (largest single draw 0 instances, 0.0 snapshots/frame, 0.0 invalidations/frame)
    OUTLIER converted draws (|world| > 20000): 0.0/frame, 0 total | demoted to UI (hidden from path tracer, still drawn) 0/frame
    albedo: moved off stage 0 0/frame, blanked 0/frame, restored from mesh cache 0/frame (0 meshes cached) | RT textures known 55 | lights 0.0/frame (24 shaders)
    camera 0.0 0.0 0.0 | distinct cameras this frame 0 (max 0) | transform writes 0/frame | redundant state calls dropped 0/frame
    world matrix changes 0/frame | objTM used without a fresh upload 0/frame | uv matrix writes 0/frame (last scale 0.00000, 0.00000)
frame 600 | draws 0/frame | FFP converted 0/frame (0.0%) | far substitutions 0/frame
    not converted: screen-space 0  skinned 0  depth-only 0  ortho 0  vertex-format 0  untextured 0  instanced 0  mirrored 0  other-camera 0  no camera 0  other 0 (per frame)
    instancing: 0 converted from the instance stream/frame, 0 refused/frame (largest single draw 0 instances, 0.0 snapshots/frame, 0.0 invalidations/frame)
    OUTLIER converted draws (|world| > 20000): 0.0/frame, 0 total | demoted to UI (hidden from path tracer, still drawn) 0/frame
    albedo: moved off stage 0 0/frame, blanked 0/frame, restored from mesh cache 0/frame (0 meshes cached) | RT textures known 55 | lights 0.0/frame (24 shaders)
    camera 0.0 0.0 0.0 | distinct cameras this frame 0 (max 0) | transform writes 0/frame | redundant state calls dropped 0/frame
    world matrix changes 0/frame | objTM used without a fresh upload 0/frame | uv matrix writes 0/frame (last scale 0.00000, 0.00000)
frame 1200 | draws 0/frame | FFP converted 0/frame (0.0%) | far substitutions 0/frame
    not converted: screen-space 0  skinned 0  depth-only 0  ortho 0  vertex-format 0  untextured 0  instanced 0  mirrored 0  other-camera 0  no camera 0  other 0 (per frame)
    instancing: 0 converted from the instance stream/frame, 0 refused/frame (largest single draw 0 instances, 0.0 snapshots/frame, 0.0 invalidations/frame)
    OUTLIER converted draws (|world| > 20000): 0.0/frame, 0 total | demoted to UI (hidden from path tracer, still drawn) 0/frame
    albedo: moved off stage 0 0/frame, blanked 0/frame, restored from mesh cache 0/frame (0 meshes cached) | RT textures known 55 | lights 0.0/frame (24 shaders)
    camera 0.0 0.0 0.0 | distinct cameras this frame 0 (max 0) | transform writes 0/frame | redundant state calls dropped 0/frame
    world matrix changes 0/frame | objTM used without a fresh upload 0/frame | uv matrix writes 0/frame (last scale 0.00000, 0.00000)
frame 1800 | draws 0/frame | FFP converted 0/frame (0.0%) | far substitutions 0/frame
    not converted: screen-space 0  skinned 0  depth-only 0  ortho 0  vertex-format 0  untextured 0  instanced 0  mirrored 0  other-camera 0  no camera 0  other 0 (per frame)
    instancing: 0 converted from the instance stream/frame, 0 refused/frame (largest single draw 0 instances, 0.0 snapshots/frame, 0.0 invalidations/frame)
    OUTLIER converted draws (|world| > 20000): 0.0/frame, 0 total | demoted to UI (hidden from path tracer, still drawn) 0/frame
    albedo: moved off stage 0 0/frame, blanked 0/frame, restored from mesh cache 0/frame (0 meshes cached) | RT textures known 55 | lights 0.0/frame (24 shaders)
    camera 0.0 0.0 0.0 | distinct cameras this frame 0 (max 0) | transform writes 0/frame | redundant state calls dropped 0/frame
    world matrix changes 0/frame | objTM used without a fresh upload 0/frame | uv matrix writes 0/frame (last scale 0.00000, 0.00000)
vertex layout #2: elems=2 pos=float4@0(stream 0) uv=float2 normal=0 color=0 skinned=0 positionT=0
stream freq #1: stream=0 setting=0x00000001 -> plain count=1
stream freq #2: stream=0 setting=0x00000001 -> plain count=1
stream freq #3: stream=0 setting=0x00000001 -> plain count=1
stream freq #4: stream=0 setting=0x00000001 -> plain count=1
stream freq #5: stream=0 setting=0x00000001 -> plain count=1
stream freq #6: stream=0 setting=0x00000001 -> plain count=1
stream freq #7: stream=0 setting=0x00000001 -> plain count=1
stream freq #8: stream=0 setting=0x00000001 -> plain count=1
vertex layout #3: elems=12 pos=float3@0(stream 0) uv=short2 normal=1 color=0 skinned=0 positionT=0
stream freq #9: stream=4 setting=0x80000001 -> INSTANCEDATA count=1
stream freq #10: stream=0 setting=0x40000001 -> INDEXEDDATA count=1
stream freq #11: stream=4 setting=0x80000001 -> INSTANCEDATA count=1
stream freq #12: stream=0 setting=0x40000001 -> INDEXEDDATA count=1
vertex layout #4: elems=12 pos=float3@0(stream 0) uv=short2 normal=1 color=0 skinned=0 positionT=0
view handedness baseline: determinant 1.000 (positive)
camera: pos 96.3 147.7 36.1 | proj _11=1.6085 _22=2.8594 _33=1.00001 _43=-0.15 (aspect 1.778)
vertex layout #5: elems=13 pos=float3@0(stream 0) uv=short2 normal=1 color=0 skinned=0 positionT=0
vertex layout #6: elems=11 pos=float3@0(stream 0) uv=short2 normal=1 color=0 skinned=0 positionT=0
vertex layout #7: elems=7 pos=float3@0(stream 0) uv=short2 normal=0 color=0 skinned=0 positionT=0
short2 UV range #1: u -27..1025  v 60..1612  (verts=28 stride=16 off=12)
vertex layout #8: elems=8 pos=float3@0(stream 0) uv=? normal=1 color=1 skinned=0 positionT=0
short2 UV range #2: u -32020..8449  v -32368..32567  (verts=1879 stride=20 off=16)
short2 UV range #3: u -31765..6295  v -32223..31364  (verts=2750 stride=20 off=16)
vertex layout #9: elems=10 pos=float3@0(stream 0) uv=? normal=1 color=0 skinned=0 positionT=0
vertex layout #10: elems=13 pos=float3@0(stream 0) uv=short2 normal=1 color=0 skinned=0 positionT=0
short2 UV range #4: u 341..1477  v -9115..10482  (verts=792 stride=28 off=16)
short2 UV range #5: u -19968..30722  v -7927..8985  (verts=1426 stride=20 off=16)
short2 UV range #6: u -19968..30722  v -7927..8985  (verts=1426 stride=20 off=16)
short2 UV range #7: u -21704..22605  v -6330..7354  (verts=1272 stride=20 off=16)
short2 UV range #8: u -21704..22605  v -6330..7354  (verts=1272 stride=20 off=16)
short2 UV range #9: u -21704..22605  v -6330..7354  (verts=1272 stride=20 off=16)
short2 UV range #10: u -21704..22605  v -6330..7354  (verts=1272 stride=20 off=16)
short2 UV range #11: u -21704..22605  v -6330..7354  (verts=1272 stride=20 off=16)
short2 UV range #12: u -21704..22605  v -6330..7354  (verts=1272 stride=20 off=16)
PROBE verts=74 prims=117 converted=0 | zwrite=1 ztest=1 zfunc=4 | alphablend=1 src=ONE dst=ZERO | alphatest=0 ref=0 | colorwrite=0xf cull=3 | fog=0 | ps='' albedoRank=0 | projTM=1 objTM=0 instanced=1 | tex0=45065428 target=14EDE580
vertex layout #11: elems=6 pos=float3@0(stream 0) uv=short2 normal=1 color=1 skinned=0 positionT=0
  depth-disabled draw #1082: verts=52    prims=26    zwrite=0 tex0=45065EA8 objTM=0 lightVolume=no ps='' size=39.8x33.4x26.2 centre=(53.2 52.6 -260.2) distFromCam=314.2
PROBE verts=52 prims=26 converted=0 | zwrite=0 ztest=1 zfunc=4 | alphablend=1 src=ONE dst=ZERO | alphatest=0 ref=0 | colorwrite=0xf cull=3 | fog=0 | ps='' albedoRank=0 | projTM=1 objTM=0 instanced=0 | tex0=45065EA8 target=14EDE580
  depth-disabled draw #1083: verts=40    prims=20    zwrite=0 tex0=45066D88 objTM=0 lightVolume=no ps='Diffuse_MapSampler' size=39.0x2.5x26.2 centre=(52.9 14.2 -260.2) distFromCam=328.0
  depth-disabled draw #1084: verts=384   prims=192   zwrite=0 tex0=450664C8 objTM=0 lightVolume=no ps='Diffuse_MapSampler' size=531.2x30.7x695.5 centre=(-189.4 28.4 -594.4) distFromCam=702.4
  depth-disabled draw #1085: verts=144   prims=72    zwrite=0 tex0=45066928 objTM=0 lightVolume=no ps='Diffuse_MapSampler' size=43.8x46.1x27.1 centre=(54.5 43.2 -260.2) distFromCam=317.0
  depth-disabled draw #1086: verts=176   prims=88    zwrite=0 tex0=45067568 objTM=0 lightVolume=no ps='' size=41.1x160.1x153.1 centre=(50.5 192.5 -153.2) distFromCam=199.9
  depth-disabled draw #1087: verts=1164  prims=582   zwrite=0 tex0=4506E1E8 objTM=0 lightVolume=no ps='' size=139.2x254.3x559.8 centre=(101.1 141.4 -351.3) distFromCam=387.5
  depth-disabled draw #1088: verts=1124  prims=562   zwrite=0 tex0=45065CE8 objTM=0 lightVolume=no ps='' size=44.5x28.7x136.1 centre=(348.2 31.1 -288.1) distFromCam=426.8
  depth-disabled draw #1089: verts=116   prims=58    zwrite=0 tex0=45065B28 objTM=0 lightVolume=no ps='' size=32.1x3.5x20.9 centre=(52.0 10.0 -260.2) distFromCam=329.8
vertex layout #12: elems=2 pos=float4@0(stream 0) uv=float4 normal=0 color=0 skinned=0 positionT=0
vertex layout #13: elems=15 pos=float3@0(stream 0) uv=short2 normal=1 color=0 skinned=1 positionT=0
vertex layout #14: elems=14 pos=float3@0(stream 0) uv=short2 normal=1 color=0 skinned=1 positionT=0
vertex layout #15: elems=6 pos=float3@0(stream 0) uv=? normal=0 color=0 skinned=0 positionT=0
  depth-disabled draw #1145: verts=8     prims=12    zwrite=0 tex0=4D7B2878 objTM=0 lightVolume=no ps='' size=1.0x1.0x1.0 centre=(0.0 0.0 0.0) distFromCam=180.0
  depth-disabled draw #1146: verts=8     prims=12    zwrite=0 tex0=4D7B2878 objTM=0 lightVolume=no ps='' size=1.0x1.0x1.0 centre=(0.0 0.0 0.0) distFromCam=180.0
  depth-disabled draw #1147: verts=8     prims=12    zwrite=0 tex0=4D7B2878 objTM=0 lightVolume=no ps='' size=1.0x1.0x1.0 centre=(0.0 0.0 0.0) distFromCam=180.0
  depth-disabled draw #1148: verts=8     prims=12    zwrite=0 tex0=4D7B2878 objTM=0 lightVolume=no ps='' size=1.0x1.0x1.0 centre=(0.0 0.0 0.0) distFromCam=180.0
  depth-disabled draw #1149: verts=8     prims=12    zwrite=0 tex0=4D7B2878 objTM=0 lightVolume=no ps='' size=1.0x1.0x1.0 centre=(0.0 0.0 0.0) distFromCam=180.0
  depth-disabled draw #1150: verts=8     prims=12    zwrite=0 tex0=4D7B2878 objTM=0 lightVolume=no ps='' size=1.0x1.0x1.0 centre=(0.0 0.0 0.0) distFromCam=180.0
  depth-disabled draw #1151: verts=8     prims=12    zwrite=0 tex0=4D7B2878 objTM=0 lightVolume=no ps='' size=1.0x1.0x1.0 centre=(0.0 0.0 0.0) distFromCam=180.0
  depth-disabled draw #1152: verts=8     prims=12    zwrite=0 tex0=4D7B2878 objTM=0 lightVolume=no ps='' size=1.0x1.0x1.0 centre=(0.0 0.0 0.0) distFromCam=180.0
  depth-disabled draw #1153: verts=8     prims=12    zwrite=0 tex0=4D7B2878 objTM=0 lightVolume=no ps='' size=1.0x1.0x1.0 centre=(0.0 0.0 0.0) distFromCam=180.0
  depth-disabled draw #1154: verts=8     prims=12    zwrite=0 tex0=4D7B2878 objTM=0 lightVolume=no ps='' size=1.0x1.0x1.0 centre=(0.0 0.0 0.0) distFromCam=180.0
  depth-disabled draw #1155: verts=8     prims=12    zwrite=0 tex0=4D7B2878 objTM=0 lightVolume=no ps='' size=1.0x1.0x1.0 centre=(0.0 0.0 0.0) distFromCam=180.0
  depth-disabled draw #1156: verts=8     prims=12    zwrite=0 tex0=4D7B2878 objTM=0 lightVolume=no ps='' size=1.0x1.0x1.0 centre=(0.0 0.0 0.0) distFromCam=180.0
  depth-disabled draw #1157: verts=8     prims=12    zwrite=0 tex0=4D7B2878 objTM=0 lightVolume=no ps='' size=1.0x1.0x1.0 centre=(0.0 0.0 0.0) distFromCam=180.0
  depth-disabled draw #1158: verts=8     prims=12    zwrite=0 tex0=4D7B2878 objTM=0 lightVolume=no ps='' size=1.0x1.0x1.0 centre=(0.0 0.0 0.0) distFromCam=180.0
  depth-disabled draw #1159: verts=8     prims=12    zwrite=0 tex0=4D7B2878 objTM=0 lightVolume=no ps='' size=1.0x1.0x1.0 centre=(0.0 0.0 0.0) distFromCam=180.0
  depth-disabled draw #1160: verts=8     prims=12    zwrite=0 tex0=4D7B2878 objTM=0 lightVolume=no ps='' size=1.0x1.0x1.0 centre=(0.0 0.0 0.0) distFromCam=180.0
  depth-disabled draw #1161: verts=8     prims=12    zwrite=0 tex0=4D7B2878 objTM=0 lightVolume=no ps='' size=1.0x1.0x1.0 centre=(0.0 0.0 0.0) distFromCam=180.0
  depth-disabled draw #1162: verts=8     prims=12    zwrite=0 tex0=4D7B2878 objTM=0 lightVolume=no ps='' size=1.0x1.0x1.0 centre=(0.0 0.0 0.0) distFromCam=180.0
  depth-disabled draw #1163: verts=8     prims=12    zwrite=0 tex0=4D7B2878 objTM=0 lightVolume=no ps='' size=1.0x1.0x1.0 centre=(0.0 0.0 0.0) distFromCam=180.0
  depth-disabled draw #1164: verts=8     prims=12    zwrite=0 tex0=4D7B2878 objTM=0 lightVolume=no ps='' size=1.0x1.0x1.0 centre=(0.0 0.0 0.0) distFromCam=180.0
  depth-disabled draw #1165: verts=8     prims=12    zwrite=0 tex0=4D7B2878 objTM=0 lightVolume=no ps='' size=1.0x1.0x1.0 centre=(0.0 0.0 0.0) distFromCam=180.0
  depth-disabled draw #1166: verts=8     prims=12    zwrite=0 tex0=4D7B2878 objTM=0 lightVolume=no ps='' size=1.0x1.0x1.0 centre=(0.0 0.0 0.0) distFromCam=180.0
  depth-disabled draw #1167: verts=8     prims=12    zwrite=0 tex0=4D7B2878 objTM=0 lightVolume=no ps='' size=1.0x1.0x1.0 centre=(0.0 0.0 0.0) distFromCam=180.0
  depth-disabled draw #1168: verts=8     prims=12    zwrite=0 tex0=4D7B2878 objTM=0 lightVolume=no ps='' size=1.0x1.0x1.0 centre=(0.0 0.0 0.0) distFromCam=180.0
  depth-disabled draw #1169: verts=8     prims=12    zwrite=0 tex0=4D7B2878 objTM=0 lightVolume=no ps='' size=1.0x1.0x1.0 centre=(0.0 0.0 0.0) distFromCam=180.0
  depth-disabled draw #1170: verts=8     prims=12    zwrite=0 tex0=4D7B2878 objTM=0 lightVolume=no ps='' size=1.0x1.0x1.0 centre=(0.0 0.0 0.0) distFromCam=180.0
  depth-disabled draw #1171: verts=8     prims=12    zwrite=0 tex0=4D7B2878 objTM=0 lightVolume=no ps='' size=1.0x1.0x1.0 centre=(0.0 0.0 0.0) distFromCam=180.0
  depth-disabled draw #1172: verts=8     prims=12    zwrite=0 tex0=4D7B2878 objTM=0 lightVolume=no ps='' size=1.0x1.0x1.0 centre=(0.0 0.0 0.0) distFromCam=180.0
  depth-disabled draw #1173: verts=8     prims=12    zwrite=0 tex0=4D7B2878 objTM=0 lightVolume=no ps='' size=1.0x1.0x1.0 centre=(0.0 0.0 0.0) distFromCam=180.0
  depth-disabled draw #1174: verts=8     prims=12    zwrite=0 tex0=4D7B2878 objTM=0 lightVolume=no ps='' size=1.0x1.0x1.0 centre=(0.0 0.0 0.0) distFromCam=180.0
  depth-disabled draw #1175: verts=8     prims=12    zwrite=0 tex0=4D7B2878 objTM=0 lightVolume=no ps='' size=1.0x1.0x1.0 centre=(0.0 0.0 0.0) distFromCam=180.0
  depth-disabled draw #1176: verts=8     prims=12    zwrite=0 tex0=4D7B2878 objTM=0 lightVolume=no ps='' size=1.0x1.0x1.0 centre=(0.0 0.0 0.0) distFromCam=180.0
vertex layout #16: elems=3 pos=float3@0(stream 0) uv=? normal=1 color=0 skinned=0 positionT=0
vertex layout #17: elems=3 pos=float3@0(stream 0) uv=float2 normal=0 color=1 skinned=0 positionT=0
vertex layout #18: elems=1 pos=float3@0(stream 0) uv=? normal=0 color=0 skinned=0 positionT=0
vertex layout #19: elems=1 pos=short4n@0(stream 0) uv=? normal=0 color=0 skinned=0 positionT=0
vertex layout #20: elems=2 pos=short4n@0(stream 0) uv=short2n normal=0 color=0 skinned=0 positionT=0
vertex layout #21: elems=3 pos=float4@0(stream 0) uv=float4 normal=0 color=0 skinned=0 positionT=0
vertex layout #22: elems=11 pos=float3@0(stream 0) uv=? normal=1 color=0 skinned=0 positionT=0
PROBE verts=74 prims=117 converted=1 | zwrite=1 ztest=1 zfunc=4 | alphablend=1 src=ONE dst=ZERO | alphatest=0 ref=0 | colorwrite=0xf cull=3 | fog=0 | ps='Decal_MapSampler' albedoRank=100 | projTM=1 objTM=0 instanced=1 | tex0=45065428 target=14EE44D8
OUTLIER draw #1: max |world| = 50232 | verts=173 stride=20 elems=11 pos=float3@0 uv=? objTM=0 worldWritten=1
PROBE verts=52 prims=43 converted=1 | zwrite=1 ztest=1 zfunc=4 | alphablend=1 src=ONE dst=ZERO | alphatest=0 ref=0 | colorwrite=0xf cull=3 | fog=0 | ps='Blend_MapSampler' albedoRank=100 | projTM=1 objTM=0 instanced=1 | tex0=03945178 target=14EE44D8
PROBE verts=52 prims=43 converted=1 | zwrite=1 ztest=1 zfunc=4 | alphablend=1 src=ONE dst=ZERO | alphatest=0 ref=0 | colorwrite=0xf cull=3 | fog=0 | ps='Blend_MapSampler' albedoRank=100 | projTM=1 objTM=0 instanced=1 | tex0=03945178 target=14EE44D8
PROBE verts=52 prims=26 converted=1 | zwrite=0 ztest=1 zfunc=4 | alphablend=1 src=SRCALPHA dst=INVSRCALPHA | alphatest=0 ref=0 | colorwrite=0xf cull=3 | fog=0 | ps='Diffuse_MapSampler' albedoRank=100 | projTM=1 objTM=0 instanced=0 | tex0=45065EA8 target=14EE44D8
vertex layout #23: elems=14 pos=float3@0(stream 0) uv=short2 normal=1 color=0 skinned=0 positionT=0
call-order trace (V/v=SetVertexShader with/without objTM, P=projTM c28, O=objTM c32, W=view c48, D=draw converted, x=draw skipped):
  Dvxvxvxvxxxvxvxvxvxvxxvxvxvxvxxvxxvxxvxvxxxxxxxxvxvxxxxvxxxxxxxxxxxxvxvxvxvxxvxxxxxxxxvxvxxvxxvxxvxv
  xxvxvxxxxxxxxxxxxxvxxvxxvxvxvxvxvxxvxxvxxxxxxxvxxvxxxxxvxxvxvxxvxvxxvxxxxxvxxxxxxvDvxxxxvxxvxvxvxxxx
  xxxxxxxvDDvxxxxxxxxxxvxxxxxxvxxxxxxxvxxxxxvxxxxvxxxxxxxxvxxxxxxxxxxxxxxxxxxxxxxxxxxxxxxxxxxxvxxxvxxx
  xxxxxxxxxxxxxxxxxxxxxxxxxxxxxxxxxxxxxxxxxxxxxxxxxxvxxxxxxxxxxxxxxxxxxxxxxxxxxxxxxxxxxxxxxxxxxxxxxxxx
sky probe: 40 depth-disabled draws in a frame of 3572
PROBE verts=74 prims=117 converted=0 | zwrite=1 ztest=1 zfunc=4 | alphablend=1 src=ONE dst=ZERO | alphatest=0 ref=0 | colorwrite=0xf cull=3 | fog=0 | ps='' albedoRank=0 | projTM=1 objTM=0 instanced=1 | tex0=45065428 target=14EDE580
PROBE verts=52 prims=26 converted=0 | zwrite=0 ztest=1 zfunc=4 | alphablend=1 src=ONE dst=ZERO | alphatest=0 ref=0 | colorwrite=0xf cull=3 | fog=0 | ps='' albedoRank=0 | projTM=1 objTM=0 instanced=0 | tex0=45065EA8 target=14EDE580
PROBE verts=74 prims=117 converted=1 | zwrite=1 ztest=1 zfunc=4 | alphablend=1 src=ONE dst=ZERO | alphatest=0 ref=0 | colorwrite=0xf cull=3 | fog=0 | ps='Decal_MapSampler' albedoRank=100 | projTM=1 objTM=0 instanced=1 | tex0=45065428 target=14EE44D8
OUTLIER draw #2: max |world| = 50232 | verts=173 stride=20 elems=11 pos=float3@0 uv=? objTM=0 worldWritten=1
PROBE verts=52 prims=43 converted=1 | zwrite=1 ztest=1 zfunc=4 | alphablend=1 src=ONE dst=ZERO | alphatest=0 ref=0 | colorwrite=0xf cull=3 | fog=0 | ps='Blend_MapSampler' albedoRank=100 | projTM=1 objTM=0 instanced=1 | tex0=03945178 target=14EE44D8
PROBE verts=52 prims=43 converted=1 | zwrite=1 ztest=1 zfunc=4 | alphablend=1 src=ONE dst=ZERO | alphatest=0 ref=0 | colorwrite=0xf cull=3 | fog=0 | ps='Blend_MapSampler' albedoRank=100 | projTM=1 objTM=0 instanced=1 | tex0=03945178 target=14EE44D8
PROBE verts=52 prims=26 converted=1 | zwrite=0 ztest=1 zfunc=4 | alphablend=1 src=SRCALPHA dst=INVSRCALPHA | alphatest=0 ref=0 | colorwrite=0xf cull=3 | fog=0 | ps='Diffuse_MapSampler' albedoRank=100 | projTM=1 objTM=0 instanced=0 | tex0=45065EA8 target=14EE44D8
PROBE verts=74 prims=117 converted=0 | zwrite=1 ztest=1 zfunc=4 | alphablend=1 src=ONE dst=ZERO | alphatest=0 ref=0 | colorwrite=0xf cull=3 | fog=0 | ps='' albedoRank=0 | projTM=1 objTM=0 instanced=1 | tex0=45065428 target=14EDE580
PROBE verts=52 prims=26 converted=0 | zwrite=0 ztest=1 zfunc=4 | alphablend=1 src=ONE dst=ZERO | alphatest=0 ref=0 | colorwrite=0xf cull=3 | fog=0 | ps='' albedoRank=0 | projTM=1 objTM=0 instanced=0 | tex0=45065EA8 target=14EDE580
PROBE verts=74 prims=117 converted=1 | zwrite=1 ztest=1 zfunc=4 | alphablend=1 src=ONE dst=ZERO | alphatest=0 ref=0 | colorwrite=0xf cull=3 | fog=0 | ps='Decal_MapSampler' albedoRank=100 | projTM=1 objTM=0 instanced=1 | tex0=45065428 target=14EE44D8
OUTLIER draw #3: max |world| = 50232 | verts=173 stride=20 elems=11 pos=float3@0 uv=? objTM=0 worldWritten=1
PROBE verts=52 prims=43 converted=1 | zwrite=1 ztest=1 zfunc=4 | alphablend=1 src=ONE dst=ZERO | alphatest=0 ref=0 | colorwrite=0xf cull=3 | fog=0 | ps='Blend_MapSampler' albedoRank=100 | projTM=1 objTM=0 instanced=1 | tex0=03945178 target=14EE44D8
PROBE verts=52 prims=43 converted=1 | zwrite=1 ztest=1 zfunc=4 | alphablend=1 src=ONE dst=ZERO | alphatest=0 ref=0 | colorwrite=0xf cull=3 | fog=0 | ps='Blend_MapSampler' albedoRank=100 | projTM=1 objTM=0 instanced=1 | tex0=03945178 target=14EE44D8
PROBE verts=52 prims=26 converted=1 | zwrite=0 ztest=1 zfunc=4 | alphablend=1 src=SRCALPHA dst=INVSRCALPHA | alphatest=0 ref=0 | colorwrite=0xf cull=3 | fog=0 | ps='Diffuse_MapSampler' albedoRank=100 | projTM=1 objTM=0 instanced=0 | tex0=45065EA8 target=14EE44D8
PROBE verts=74 prims=117 converted=0 | zwrite=1 ztest=1 zfunc=4 | alphablend=1 src=ONE dst=ZERO | alphatest=0 ref=0 | colorwrite=0xf cull=3 | fog=0 | ps='' albedoRank=0 | projTM=1 objTM=0 instanced=1 | tex0=45065428 target=14EDE580
PROBE verts=52 prims=26 converted=0 | zwrite=0 ztest=1 zfunc=4 | alphablend=1 src=ONE dst=ZERO | alphatest=0 ref=0 | colorwrite=0xf cull=3 | fog=0 | ps='' albedoRank=0 | projTM=1 objTM=0 instanced=0 | tex0=45065EA8 target=14EDE580
PROBE verts=74 prims=117 converted=1 | zwrite=1 ztest=1 zfunc=4 | alphablend=1 src=ONE dst=ZERO | alphatest=0 ref=0 | colorwrite=0xf cull=3 | fog=0 | ps='Decal_MapSampler' albedoRank=100 | projTM=1 objTM=0 instanced=1 | tex0=45065428 target=14EE44D8
OUTLIER draw #4: max |world| = 50232 | verts=173 stride=20 elems=11 pos=float3@0 uv=? objTM=0 worldWritten=1
PROBE verts=52 prims=43 converted=1 | zwrite=1 ztest=1 zfunc=4 | alphablend=1 src=ONE dst=ZERO | alphatest=0 ref=0 | colorwrite=0xf cull=3 | fog=0 | ps='Blend_MapSampler' albedoRank=100 | projTM=1 objTM=0 instanced=1 | tex0=03945178 target=14EE44D8
PROBE verts=52 prims=43 converted=1 | zwrite=1 ztest=1 zfunc=4 | alphablend=1 src=ONE dst=ZERO | alphatest=0 ref=0 | colorwrite=0xf cull=3 | fog=0 | ps='Blend_MapSampler' albedoRank=100 | projTM=1 objTM=0 instanced=1 | tex0=03945178 target=14EE44D8
PROBE verts=52 prims=26 converted=1 | zwrite=0 ztest=1 zfunc=4 | alphablend=1 src=SRCALPHA dst=INVSRCALPHA | alphatest=0 ref=0 | colorwrite=0xf cull=3 | fog=0 | ps='Diffuse_MapSampler' albedoRank=100 | projTM=1 objTM=0 instanced=0 | tex0=45065EA8 target=14EE44D8
vertex layout #24: elems=7 pos=float3@0(stream 0) uv=float3 normal=0 color=1 skinned=0 positionT=0
PROBE verts=74 prims=117 converted=0 | zwrite=1 ztest=1 zfunc=4 | alphablend=1 src=ONE dst=ZERO | alphatest=0 ref=0 | colorwrite=0xf cull=3 | fog=0 | ps='' albedoRank=0 | projTM=1 objTM=0 instanced=1 | tex0=45065428 target=14EDE580
PROBE verts=74 prims=117 converted=1 | zwrite=1 ztest=1 zfunc=4 | alphablend=1 src=ONE dst=ZERO | alphatest=0 ref=0 | colorwrite=0xf cull=3 | fog=0 | ps='Decal_MapSampler' albedoRank=100 | projTM=1 objTM=0 instanced=1 | tex0=45065428 target=14EE44D8
OUTLIER draw #5: max |world| = 50232 | verts=173 stride=20 elems=11 pos=float3@0 uv=? objTM=0 worldWritten=1
PROBE verts=52 prims=43 converted=1 | zwrite=1 ztest=1 zfunc=4 | alphablend=1 src=ONE dst=ZERO | alphatest=0 ref=0 | colorwrite=0xf cull=3 | fog=0 | ps='Blend_MapSampler' albedoRank=100 | projTM=1 objTM=0 instanced=1 | tex0=03945178 target=14EE44D8
PROBE verts=52 prims=43 converted=1 | zwrite=1 ztest=1 zfunc=4 | alphablend=1 src=ONE dst=ZERO | alphatest=0 ref=0 | colorwrite=0xf cull=3 | fog=0 | ps='Blend_MapSampler' albedoRank=100 | projTM=1 objTM=0 instanced=1 | tex0=03945178 target=14EE44D8
OUTLIER draw #6: max |world| = 50232 | verts=173 stride=20 elems=11 pos=float3@0 uv=? objTM=0 worldWritten=1
PROBE verts=52 prims=43 converted=1 | zwrite=1 ztest=1 zfunc=4 | alphablend=1 src=ONE dst=ZERO | alphatest=0 ref=0 | colorwrite=0xf cull=3 | fog=0 | ps='Blend_MapSampler' albedoRank=100 | projTM=1 objTM=0 instanced=1 | tex0=03945178 target=14EE44D8
OUTLIER draw #7: max |world| = 50232 | verts=173 stride=20 elems=11 pos=float3@0 uv=? objTM=0 worldWritten=1
OUTLIER draw #8: max |world| = 50232 | verts=173 stride=20 elems=11 pos=float3@0 uv=? objTM=0 worldWritten=1
OUTLIER draw #9: max |world| = 50232 | verts=173 stride=20 elems=11 pos=float3@0 uv=? objTM=0 worldWritten=1
OUTLIER draw #10: max |world| = 50232 | verts=173 stride=20 elems=11 pos=float3@0 uv=? objTM=0 worldWritten=1
OUTLIER draw #11: max |world| = 50232 | verts=173 stride=20 elems=11 pos=float3@0 uv=? objTM=0 worldWritten=1
OUTLIER draw #12: max |world| = 50232 | verts=173 stride=20 elems=11 pos=float3@0 uv=? objTM=0 worldWritten=1
OUTLIER draw #13: max |world| = 50232 | verts=173 stride=20 elems=11 pos=float3@0 uv=? objTM=0 worldWritten=1
OUTLIER draw #14: max |world| = 50232 | verts=173 stride=20 elems=11 pos=float3@0 uv=? objTM=0 worldWritten=1
OUTLIER draw #15: max |world| = 50232 | verts=173 stride=20 elems=11 pos=float3@0 uv=? objTM=0 worldWritten=1
OUTLIER draw #16: max |world| = 50232 | verts=173 stride=20 elems=11 pos=float3@0 uv=? objTM=0 worldWritten=1
OUTLIER draw #17: max |world| = 50232 | verts=173 stride=20 elems=11 pos=float3@0 uv=? objTM=0 worldWritten=1
OUTLIER draw #18: max |world| = 50232 | verts=173 stride=20 elems=11 pos=float3@0 uv=? objTM=0 worldWritten=1
OUTLIER draw #19: max |world| = 50232 | verts=173 stride=20 elems=11 pos=float3@0 uv=? objTM=0 worldWritten=1
OUTLIER draw #20: max |world| = 50232 | verts=173 stride=20 elems=11 pos=float3@0 uv=? objTM=0 worldWritten=1
PROBE verts=52 prims=76 converted=1 | zwrite=0 ztest=1 zfunc=4 | alphablend=1 src=ONE dst=INVSRCALPHA | alphatest=0 ref=0 | colorwrite=0xf cull=1 | fog=0 | ps='Diffuse_Map_1Sampler' albedoRank=100 | projTM=1 objTM=1 instanced=0 | tex0=16501180 target=14EDE868
frame 2400 | draws 329/frame | FFP converted 36/frame (11.1%) | far substitutions 0/frame
    not converted: screen-space 3  skinned 19  depth-only 0  ortho 0  vertex-format 1  untextured 211  instanced 0  mirrored 0  other-camera 41  no camera 0  other 18 (per frame)
    instancing: 71 converted from the instance stream/frame, 0 refused/frame (largest single draw 1 instances, 0.1 snapshots/frame, 0.1 invalidations/frame)
    OUTLIER converted draws (|world| > 20000): 0.1/frame, 232 total | demoted to UI (hidden from path tracer, still drawn) 157/frame
    albedo: moved off stage 0 12/frame, blanked 0/frame, restored from mesh cache 12/frame (683 meshes cached) | RT textures known 55 | lights 17.9/frame (24 shaders)
    camera 97.0 148.1 31.2 | distinct cameras this frame 1 (max 1) | transform writes 27/frame | redundant state calls dropped 726/frame
    world matrix changes 26/frame | objTM used without a fresh upload 0/frame | uv matrix writes 1/frame (last scale 0.00098, 0.00098)
camera: pos 97.5 148.1 27.1 | proj _11=1.5975 _22=2.8399 _33=1.00001 _43=-0.15 (aspect 1.778)
camera: pos 97.6 148.1 27.5 | proj _11=1.5864 _22=2.8203 _33=1.00001 _43=-0.15 (aspect 1.778)
camera: pos 97.6 147.6 26.8 | proj _11=1.5674 _22=2.7865 _33=1.00001 _43=-0.15 (aspect 1.778)
camera: pos 97.5 147.2 26.4 | proj _11=1.5558 _22=2.7658 _33=1.00001 _43=-0.15 (aspect 1.778)
camera: pos 97.5 147.0 25.8 | proj _11=1.5379 _22=2.7340 _33=1.00001 _43=-0.15 (aspect 1.778)
camera: pos 97.4 147.0 25.3 | proj _11=1.5222 _22=2.7061 _33=1.00001 _43=-0.15 (aspect 1.778)
camera: pos 97.4 147.0 24.7 | proj _11=1.5068 _22=2.6788 _33=1.00001 _43=-0.15 (aspect 1.778)
camera: pos 97.4 147.1 24.6 | proj _11=1.4926 _22=2.6535 _33=1.00001 _43=-0.15 (aspect 1.778)
camera: pos 97.4 147.2 24.6 | proj _11=1.4809 _22=2.6327 _33=1.00001 _43=-0.15 (aspect 1.778)
camera: pos 97.4 147.5 24.4 | proj _11=1.4686 _22=2.6108 _33=1.00001 _43=-0.15 (aspect 1.778)
camera: pos 97.3 147.6 24.0 | proj _11=1.4571 _22=2.5903 _33=1.00001 _43=-0.15 (aspect 1.778)
camera: pos 97.3 147.5 23.5 | proj _11=1.4450 _22=2.5689 _33=1.00001 _43=-0.15 (aspect 1.778)
camera: pos 97.2 147.4 22.9 | proj _11=1.4322 _22=2.5461 _33=1.00001 _43=-0.15 (aspect 1.778)
camera: pos 97.1 147.4 22.6 | proj _11=1.4221 _22=2.5282 _33=1.00001 _43=-0.15 (aspect 1.778)
camera: pos 97.1 147.2 22.0 | proj _11=1.4077 _22=2.5026 _33=1.00001 _43=-0.15 (aspect 1.778)
camera: pos 97.0 147.0 21.5 | proj _11=1.3932 _22=2.4767 _33=1.00001 _43=-0.15 (aspect 1.778)
camera: pos 96.8 146.7 20.8 | proj _11=1.3777 _22=2.4493 _33=1.00001 _43=-0.15 (aspect 1.778)
camera: pos 96.0 146.4 20.4 | proj _11=1.3653 _22=2.4272 _33=1.00001 _43=-0.15 (aspect 1.778)
camera: pos 94.8 145.5 18.7 | proj _11=1.3803 _22=2.4538 _33=1.00001 _43=-0.15 (aspect 1.778)
camera: pos 95.6 145.5 17.9 | proj _11=1.3687 _22=2.4331 _33=1.00001 _43=-0.15 (aspect 1.778)
camera: pos 96.5 145.6 16.1 | proj _11=1.3575 _22=2.4133 _33=1.00001 _43=-0.15 (aspect 1.778)
camera: pos 96.4 145.9 15.0 | proj _11=1.3467 _22=2.3941 _33=1.00001 _43=-0.15 (aspect 1.778)
camera: pos 96.4 146.5 14.2 | proj _11=1.3363 _22=2.3756 _33=1.00001 _43=-0.15 (aspect 1.778)
camera: pos 96.3 146.7 14.0 | proj _11=1.3251 _22=2.3557 _33=1.00001 _43=-0.15 (aspect 1.778)
camera: pos 96.2 147.1 12.4 | proj _11=1.3136 _22=2.3352 _33=1.00001 _43=-0.15 (aspect 1.778)
camera: pos 96.1 146.9 10.8 | proj _11=1.3028 _22=2.3161 _33=1.00001 _43=-0.15 (aspect 1.778)
camera: pos 94.9 141.5 228.5 | proj _11=1.3160 _22=2.3396 _33=1.00001 _43=-0.15 (aspect 1.778)
camera: pos 94.9 141.2 228.9 | proj _11=1.3263 _22=2.3577 _33=1.00001 _43=-0.15 (aspect 1.778)
camera: pos 94.9 141.0 229.4 | proj _11=1.3364 _22=2.3757 _33=1.00001 _43=-0.15 (aspect 1.778)
camera: pos 94.8 140.2 229.3 | proj _11=1.3561 _22=2.4108 _33=1.00001 _43=-0.15 (aspect 1.778)
camera: pos 94.8 139.8 229.0 | proj _11=1.3673 _22=2.4307 _33=1.00001 _43=-0.15 (aspect 1.778)
camera: pos 94.7 139.4 228.7 | proj _11=1.3782 _22=2.4501 _33=1.00001 _43=-0.15 (aspect 1.778)
camera: pos 94.7 139.0 228.4 | proj _11=1.3893 _22=2.4698 _33=1.00001 _43=-0.15 (aspect 1.778)
camera: pos 94.7 137.4 227.2 | proj _11=1.3720 _22=2.4391 _33=1.00001 _43=-0.15 (aspect 1.778)
camera: pos 94.7 137.0 226.9 | proj _11=1.3558 _22=2.4102 _33=1.00001 _43=-0.15 (aspect 1.778)
camera: pos 94.7 136.6 226.7 | proj _11=1.3421 _22=2.3859 _33=1.00001 _43=-0.15 (aspect 1.778)
camera: pos 94.7 136.3 226.4 | proj _11=1.3295 _22=2.3635 _33=1.00001 _43=-0.15 (aspect 1.778)
camera: pos 94.7 135.8 226.1 | proj _11=1.3172 _22=2.3416 _33=1.00001 _43=-0.15 (aspect 1.778)
camera: pos 94.7 135.4 225.8 | proj _11=1.3052 _22=2.3203 _33=1.00001 _43=-0.15 (aspect 1.778)
camera: pos 94.7 134.9 225.4 | proj _11=1.2938 _22=2.3001 _33=1.00001 _43=-0.15 (aspect 1.778)
camera: pos 94.7 134.4 225.1 | proj _11=1.2831 _22=2.2810 _33=1.00001 _43=-0.15 (aspect 1.778)
camera: pos 94.7 133.5 224.5 | proj _11=1.2680 _22=2.2541 _33=1.00001 _43=-0.15 (aspect 1.778)
camera: pos 94.7 133.0 224.1 | proj _11=1.2474 _22=2.2175 _33=1.00001 _43=-0.15 (aspect 1.778)
camera: pos 94.6 132.5 223.6 | proj _11=1.2271 _22=2.1814 _33=1.00001 _43=-0.15 (aspect 1.778)
camera: pos 94.6 132.0 223.2 | proj _11=1.2081 _22=2.1477 _33=1.00001 _43=-0.15 (aspect 1.778)
camera: pos 94.6 131.5 222.8 | proj _11=1.1899 _22=2.1153 _33=1.00001 _43=-0.15 (aspect 1.778)
camera: pos 94.6 131.0 222.5 | proj _11=1.1728 _22=2.0850 _33=1.00001 _43=-0.15 (aspect 1.778)
camera: pos 94.5 129.8 221.6 | proj _11=1.1627 _22=2.0669 _33=1.00001 _43=-0.15 (aspect 1.778)
camera: pos 94.3 125.0 218.1 | proj _11=1.1843 _22=2.1053 _33=1.00001 _43=-0.15 (aspect 1.778)
camera: pos 94.3 124.3 217.7 | proj _11=1.2051 _22=2.1424 _33=1.00001 _43=-0.15 (aspect 1.778)
camera: pos 94.3 123.7 217.3 | proj _11=1.2195 _22=2.1679 _33=1.00001 _43=-0.15 (aspect 1.778)
camera: pos 94.3 123.0 216.9 | proj _11=1.2410 _22=2.2062 _33=1.00001 _43=-0.15 (aspect 1.778)
camera: pos 94.2 122.3 216.5 | proj _11=1.2572 _22=2.2350 _33=1.00001 _43=-0.15 (aspect 1.778)
camera: pos 94.2 121.6 216.0 | proj _11=1.2744 _22=2.2655 _33=1.00001 _43=-0.15 (aspect 1.778)
camera: pos 94.2 120.8 215.5 | proj _11=1.2891 _22=2.2917 _33=1.00001 _43=-0.15 (aspect 1.778)
camera: pos 94.1 119.3 214.7 | proj _11=1.3068 _22=2.3231 _33=1.00001 _43=-0.15 (aspect 1.778)
camera: pos 94.1 117.8 213.8 | proj _11=1.3212 _22=2.3487 _33=1.00001 _43=-0.15 (aspect 1.778)
camera: pos 94.0 115.1 212.5 | proj _11=1.3362 _22=2.3754 _33=1.00001 _43=-0.15 (aspect 1.778)
camera: pos 94.0 112.9 211.5 | proj _11=1.3479 _22=2.3962 _33=1.00001 _43=-0.15 (aspect 1.778)
camera: pos 94.0 112.1 211.2 | proj _11=1.3618 _22=2.4209 _33=1.00001 _43=-0.15 (aspect 1.778)
camera: pos 93.9 111.0 210.8 | proj _11=1.3799 _22=2.4531 _33=1.00001 _43=-0.15 (aspect 1.778)
camera: pos 93.9 110.3 210.5 | proj _11=1.3904 _22=2.4718 _33=1.00001 _43=-0.15 (aspect 1.778)
camera: pos 93.9 108.8 210.1 | proj _11=1.4107 _22=2.5078 _33=1.00001 _43=-0.15 (aspect 1.778)
camera: pos 93.9 107.9 209.8 | proj _11=1.4212 _22=2.5266 _33=1.00001 _43=-0.15 (aspect 1.778)
camera: pos 93.9 106.3 209.3 | proj _11=1.4400 _22=2.5600 _33=1.00001 _43=-0.15 (aspect 1.778)
camera: pos 93.9 104.5 208.9 | proj _11=1.4568 _22=2.5898 _33=1.00001 _43=-0.15 (aspect 1.778)
camera: pos 93.9 102.8 208.4 | proj _11=1.4715 _22=2.6160 _33=1.00001 _43=-0.15 (aspect 1.778)
camera: pos 93.9 101.0 208.0 | proj _11=1.4848 _22=2.6396 _33=1.00001 _43=-0.15 (aspect 1.778)
camera: pos 93.9 99.1 207.7 | proj _11=1.4965 _22=2.6605 _33=1.00001 _43=-0.15 (aspect 1.778)
camera: pos 93.9 96.9 207.3 | proj _11=1.5085 _22=2.6818 _33=1.00001 _43=-0.15 (aspect 1.778)
camera: pos 93.9 94.0 206.9 | proj _11=1.5208 _22=2.7037 _33=1.00001 _43=-0.15 (aspect 1.778)
camera: pos 93.8 90.4 206.5 | proj _11=1.5332 _22=2.7256 _33=1.00001 _43=-0.15 (aspect 1.778)
camera: pos 93.8 85.6 206.2 | proj _11=1.5447 _22=2.7461 _33=1.00001 _43=-0.15 (aspect 1.778)
camera: pos 93.8 78.7 206.1 | proj _11=1.5555 _22=2.7654 _33=1.00001 _43=-0.15 (aspect 1.778)
camera: pos 93.9 65.1 206.6 | proj _11=1.5659 _22=2.7838 _33=1.00001 _43=-0.15 (aspect 1.778)
camera: pos 94.0 26.6 209.5 | proj _11=1.4908 _22=2.6502 _33=1.00001 _43=-0.15 (aspect 1.778)
camera: pos 94.0 25.3 209.6 | proj _11=1.4379 _22=2.5562 _33=1.00001 _43=-0.15 (aspect 1.778)
camera: pos 94.1 24.0 209.7 | proj _11=1.3933 _22=2.4770 _33=1.00001 _43=-0.15 (aspect 1.778)
camera: pos 94.1 22.7 209.8 | proj _11=1.3522 _22=2.4038 _33=1.00001 _43=-0.15 (aspect 1.778)
camera: pos 94.1 21.5 209.9 | proj _11=1.3171 _22=2.3415 _33=1.00001 _43=-0.15 (aspect 1.778)
camera: pos 94.1 20.2 210.0 | proj _11=1.2869 _22=2.2877 _33=1.00001 _43=-0.15 (aspect 1.778)
camera: pos 94.1 18.9 210.1 | proj _11=1.2583 _22=2.2370 _33=1.00001 _43=-0.15 (aspect 1.778)
camera: pos 94.1 17.6 210.2 | proj _11=1.2317 _22=2.1897 _33=1.00001 _43=-0.15 (aspect 1.778)
camera: pos 94.1 16.2 210.2 | proj _11=1.2081 _22=2.1478 _33=1.00001 _43=-0.15 (aspect 1.778)
camera: pos 94.1 15.0 210.3 | proj _11=1.1888 _22=2.1134 _33=1.00001 _43=-0.15 (aspect 1.778)
camera: pos 94.1 13.7 210.4 | proj _11=1.1713 _22=2.0822 _33=1.00001 _43=-0.15 (aspect 1.778)
camera: pos 94.1 12.4 210.4 | proj _11=1.1541 _22=2.0517 _33=1.00001 _43=-0.15 (aspect 1.778)
camera: pos 94.1 11.0 210.5 | proj _11=1.1384 _22=2.0238 _33=1.00001 _43=-0.15 (aspect 1.778)
camera: pos 94.2 9.6 210.6 | proj _11=1.1245 _22=1.9991 _33=1.00001 _43=-0.15 (aspect 1.778)
camera: pos 94.1 9.5 210.6 | proj _11=1.1120 _22=1.9769 _33=1.00001 _43=-0.15 (aspect 1.778)
camera: pos 94.1 9.5 210.6 | proj _11=0.9775 _22=1.7377 _33=1.00001 _43=-0.15 (aspect 1.778)
camera: pos 94.2 9.7 211.1 | proj _11=1.0132 _22=1.8012 _33=1.00001 _43=-0.15 (aspect 1.778)
camera: pos 94.3 9.8 211.5 | proj _11=1.0573 _22=1.8795 _33=1.00001 _43=-0.15 (aspect 1.778)
camera: pos 94.4 9.9 212.0 | proj _11=1.1028 _22=1.9605 _33=1.00001 _43=-0.15 (aspect 1.778)
camera: pos 94.4 10.0 212.5 | proj _11=1.1445 _22=2.0345 _33=1.00001 _43=-0.15 (aspect 1.778)
camera: pos 94.5 10.2 213.0 | proj _11=1.1908 _22=2.1169 _33=1.00001 _43=-0.15 (aspect 1.778)
camera: pos 94.6 10.3 213.6 | proj _11=1.2434 _22=2.2105 _33=1.00001 _43=-0.15 (aspect 1.778)
camera: pos 94.7 10.4 214.1 | proj _11=1.2958 _22=2.3037 _33=1.00001 _43=-0.15 (aspect 1.778)
camera: pos 94.7 10.5 214.6 | proj _11=1.3485 _22=2.3973 _33=1.00001 _43=-0.15 (aspect 1.778)
camera: pos 94.8 10.6 215.0 | proj _11=1.4029 _22=2.4940 _33=1.00001 _43=-0.15 (aspect 1.778)
camera: pos 94.8 10.6 215.3 | proj _11=1.4645 _22=2.6035 _33=1.00001 _43=-0.15 (aspect 1.778)
camera: pos 94.8 10.6 215.8 | proj _11=1.4745 _22=2.6213 _33=1.00001 _43=-0.15 (aspect 1.778)
camera: pos 94.8 10.6 216.0 | proj _11=1.4890 _22=2.6471 _33=1.00001 _43=-0.15 (aspect 1.778)
camera: pos 94.7 10.6 215.9 | proj _11=1.5005 _22=2.6675 _33=1.00001 _43=-0.15 (aspect 1.778)
camera: pos 94.6 10.6 215.8 | proj _11=1.5112 _22=2.6865 _33=1.00001 _43=-0.15 (aspect 1.778)
camera: pos 94.6 10.5 215.6 | proj _11=1.5227 _22=2.7069 _33=1.00001 _43=-0.15 (aspect 1.778)
camera: pos 94.6 10.5 215.5 | proj _11=1.5328 _22=2.7250 _33=1.00001 _43=-0.15 (aspect 1.778)
camera: pos 94.6 10.5 215.4 | proj _11=1.5435 _22=2.7439 _33=1.00001 _43=-0.15 (aspect 1.778)
camera: pos 94.5 10.5 215.2 | proj _11=1.5560 _22=2.7662 _33=1.00001 _43=-0.15 (aspect 1.778)
camera: pos 94.5 10.5 215.0 | proj _11=1.5707 _22=2.7923 _33=1.00001 _43=-0.15 (aspect 1.778)
camera: pos 94.6 10.5 214.9 | proj _11=1.5859 _22=2.8193 _33=1.00001 _43=-0.15 (aspect 1.778)
camera: pos 94.6 10.4 214.7 | proj _11=1.5962 _22=2.8377 _33=1.00001 _43=-0.15 (aspect 1.778)
camera: pos 94.6 10.5 215.3 | proj _11=1.6063 _22=2.8556 _33=1.00001 _43=-0.15 (aspect 1.778)
camera: pos 94.5 10.8 219.3 | proj _11=1.5901 _22=2.8269 _33=1.00001 _43=-0.15 (aspect 1.778)
camera: pos 94.5 10.8 219.8 | proj _11=1.5714 _22=2.7935 _33=1.00001 _43=-0.15 (aspect 1.778)
camera: pos 94.5 10.8 220.3 | proj _11=1.5542 _22=2.7630 _33=1.00001 _43=-0.15 (aspect 1.778)
camera: pos 94.6 10.8 220.9 | proj _11=1.5375 _22=2.7332 _33=1.00001 _43=-0.15 (aspect 1.778)
camera: pos 94.6 10.7 221.4 | proj _11=1.5217 _22=2.7051 _33=1.00001 _43=-0.15 (aspect 1.778)
camera: pos 94.6 10.7 221.9 | proj _11=1.5063 _22=2.6778 _33=1.00001 _43=-0.15 (aspect 1.778)
camera: pos 94.6 10.7 222.4 | proj _11=1.4907 _22=2.6502 _33=1.00001 _43=-0.15 (aspect 1.778)
camera: pos 94.6 10.7 222.9 | proj _11=1.4766 _22=2.6249 _33=1.00001 _43=-0.15 (aspect 1.778)
camera: pos 94.6 10.7 223.3 | proj _11=1.4632 _22=2.6011 _33=1.00001 _43=-0.15 (aspect 1.778)
camera: pos 94.7 10.7 223.8 | proj _11=1.4482 _22=2.5745 _33=1.00001 _43=-0.15 (aspect 1.778)
camera: pos 94.7 10.6 224.4 | proj _11=1.4349 _22=2.5509 _33=1.00001 _43=-0.15 (aspect 1.778)
camera: pos 94.7 10.6 224.8 | proj _11=1.4193 _22=2.5231 _33=1.00001 _43=-0.15 (aspect 1.778)
camera: pos 94.7 10.6 225.3 | proj _11=1.4056 _22=2.4989 _33=1.00001 _43=-0.15 (aspect 1.778)
camera: pos 94.7 10.6 225.8 | proj _11=1.3920 _22=2.4747 _33=1.00001 _43=-0.15 (aspect 1.778)
camera: pos 94.8 10.6 226.3 | proj _11=1.3790 _22=2.4516 _33=1.00001 _43=-0.15 (aspect 1.778)
camera: pos 94.8 10.6 226.8 | proj _11=1.3664 _22=2.4290 _33=1.00001 _43=-0.15 (aspect 1.778)
camera: pos 94.8 10.6 227.2 | proj _11=1.3531 _22=2.4055 _33=1.00001 _43=-0.15 (aspect 1.778)
camera: pos 94.8 10.7 227.6 | proj _11=1.3399 _22=2.3820 _33=1.00001 _43=-0.15 (aspect 1.778)
camera: pos 94.8 10.6 228.0 | proj _11=1.3262 _22=2.3577 _33=1.00001 _43=-0.15 (aspect 1.778)
camera: pos 94.8 10.6 228.3 | proj _11=1.3130 _22=2.3342 _33=1.00001 _43=-0.15 (aspect 1.778)
camera: pos 94.8 10.7 229.0 | proj _11=1.3266 _22=2.3584 _33=1.00001 _43=-0.15 (aspect 1.778)
camera: pos 94.8 10.7 229.2 | proj _11=1.3467 _22=2.3942 _33=1.00001 _43=-0.15 (aspect 1.778)
camera: pos 94.8 10.7 229.5 | proj _11=1.3672 _22=2.4306 _33=1.00001 _43=-0.15 (aspect 1.778)
camera: pos 94.8 10.7 229.8 | proj _11=1.3886 _22=2.4686 _33=1.00001 _43=-0.15 (aspect 1.778)
camera: pos 94.8 10.7 230.1 | proj _11=1.4101 _22=2.5068 _33=1.00001 _43=-0.15 (aspect 1.778)
camera: pos 94.8 10.7 230.4 | proj _11=1.4334 _22=2.5482 _33=1.00001 _43=-0.15 (aspect 1.778)
camera: pos 94.8 10.7 230.6 | proj _11=1.4548 _22=2.5863 _33=1.00001 _43=-0.15 (aspect 1.778)
camera: pos 94.9 10.7 231.0 | proj _11=1.4773 _22=2.6263 _33=1.00001 _43=-0.15 (aspect 1.778)
camera: pos 94.9 10.7 231.3 | proj _11=1.5090 _22=2.6825 _33=1.00001 _43=-0.15 (aspect 1.778)
camera: pos 94.9 10.8 231.6 | proj _11=1.5339 _22=2.7269 _33=1.00001 _43=-0.15 (aspect 1.778)
camera: pos 94.9 10.8 231.9 | proj _11=1.5617 _22=2.7763 _33=1.00001 _43=-0.15 (aspect 1.778)
camera: pos 94.9 10.8 232.2 | proj _11=1.5898 _22=2.8263 _33=1.00001 _43=-0.15 (aspect 1.778)
camera: pos 94.9 10.8 232.5 | proj _11=1.6085 _22=2.8594 _33=1.00001 _43=-0.15 (aspect 1.778)
frame 3000 | draws 856/frame | FFP converted 122/frame (14.2%) | far substitutions 0/frame
    not converted: screen-space 9  skinned 77  depth-only 0  ortho 0  vertex-format 4  untextured 519  instanced 0  mirrored 0  other-camera 88  no camera 0  other 37 (per frame)
    instancing: 185 converted from the instance stream/frame, 0 refused/frame (largest single draw 1 instances, 0.3 snapshots/frame, 0.3 invalidations/frame)
    OUTLIER converted draws (|world| > 20000): 0.2/frame, 629 total | demoted to UI (hidden from path tracer, still drawn) 369/frame
    albedo: moved off stage 0 31/frame, blanked 0/frame, restored from mesh cache 47/frame (1306 meshes cached) | RT textures known 55 | lights 37.0/frame (24 shaders)
    camera 93.9 10.8 231.7 | distinct cameras this frame 1 (max 1) | transform writes 87/frame | redundant state calls dropped 2423/frame
    world matrix changes 86/frame | objTM used without a fresh upload 0/frame | uv matrix writes 4/frame (last scale 0.00098, 0.00098)
frame 3600 | draws 1249/frame | FFP converted 217/frame (17.4%) | far substitutions 0/frame
    not converted: screen-space 14  skinned 193  depth-only 0  ortho 0  vertex-format 6  untextured 698  instanced 0  mirrored 0  other-camera 74  no camera 0  other 47 (per frame)
    instancing: 237 converted from the instance stream/frame, 0 refused/frame (largest single draw 1 instances, 0.4 snapshots/frame, 0.4 invalidations/frame)
    OUTLIER converted draws (|world| > 20000): 0.2/frame, 629 total | demoted to UI (hidden from path tracer, still drawn) 469/frame
    albedo: moved off stage 0 53/frame, blanked 0/frame, restored from mesh cache 87/frame (1320 meshes cached) | RT textures known 55 | lights 47.0/frame (24 shaders)
    camera 93.9 10.8 231.7 | distinct cameras this frame 1 (max 1) | transform writes 155/frame | redundant state calls dropped 4329/frame
    world matrix changes 154/frame | objTM used without a fresh upload 0/frame | uv matrix writes 7/frame (last scale 0.00098, 0.00098)
frame 4200 | draws 1491/frame | FFP converted 279/frame (18.7%) | far substitutions 0/frame
    not converted: screen-space 16  skinned 257  depth-only 0  ortho 0  vertex-format 8  untextured 814  instanced 0  mirrored 0  other-camera 64  no camera 0  other 53 (per frame)
    instancing: 275 converted from the instance stream/frame, 0 refused/frame (largest single draw 1 instances, 0.5 snapshots/frame, 0.5 invalidations/frame)
    OUTLIER converted draws (|world| > 20000): 0.1/frame, 629 total | demoted to UI (hidden from path tracer, still drawn) 531/frame
    albedo: moved off stage 0 67/frame, blanked 0/frame, restored from mesh cache 114/frame (1332 meshes cached) | RT textures known 55 | lights 52.9/frame (24 shaders)
    camera 93.9 10.8 231.7 | distinct cameras this frame 1 (max 1) | transform writes 200/frame | redundant state calls dropped 5566/frame
    world matrix changes 199/frame | objTM used without a fresh upload 0/frame | uv matrix writes 9/frame (last scale 0.00098, 0.00098)
frame 4800 | draws 1662/frame | FFP converted 325/frame (19.5%) | far substitutions 0/frame
    not converted: screen-space 19  skinned 298  depth-only 0  ortho 0  vertex-format 9  untextured 898  instanced 0  mirrored 0  other-camera 56  no camera 0  other 57 (per frame)
    instancing: 302 converted from the instance stream/frame, 0 refused/frame (largest single draw 1 instances, 0.5 snapshots/frame, 0.5 invalidations/frame)
    OUTLIER converted draws (|world| > 20000): 0.1/frame, 629 total | demoted to UI (hidden from path tracer, still drawn) 576/frame
    albedo: moved off stage 0 78/frame, blanked 0/frame, restored from mesh cache 134/frame (1337 meshes cached) | RT textures known 55 | lights 57.2/frame (24 shaders)
    camera 93.9 10.8 231.7 | distinct cameras this frame 1 (max 1) | transform writes 233/frame | redundant state calls dropped 6482/frame
    world matrix changes 232/frame | objTM used without a fresh upload 0/frame | uv matrix writes 11/frame (last scale 0.00098, 0.00098)
frame 5400 | draws 1793/frame | FFP converted 360/frame (20.1%) | far substitutions 0/frame
    not converted: screen-space 20  skinned 328  depth-only 0  ortho 0  vertex-format 10  untextured 964  instanced 0  mirrored 0  other-camera 50  no camera 0  other 60 (per frame)
    instancing: 324 converted from the instance stream/frame, 0 refused/frame (largest single draw 1 instances, 0.6 snapshots/frame, 0.6 invalidations/frame)
    OUTLIER converted draws (|world| > 20000): 0.1/frame, 629 total | demoted to UI (hidden from path tracer, still drawn) 612/frame
    albedo: moved off stage 0 86/frame, blanked 0/frame, restored from mesh cache 149/frame (1344 meshes cached) | RT textures known 55 | lights 60.5/frame (24 shaders)
    camera 93.9 10.8 231.7 | distinct cameras this frame 1 (max 1) | transform writes 259/frame | redundant state calls dropped 7189/frame
    world matrix changes 258/frame | objTM used without a fresh upload 0/frame | uv matrix writes 12/frame (last scale 0.00098, 0.00098)
frame 6000 | draws 1910/frame | FFP converted 390/frame (20.4%) | far substitutions 0/frame
    not converted: screen-space 22  skinned 359  depth-only 0  ortho 0  vertex-format 11  untextured 1019  instanced 0  mirrored 0  other-camera 45  no camera 0  other 63 (per frame)
    instancing: 342 converted from the instance stream/frame, 0 refused/frame (largest single draw 1 instances, 0.6 snapshots/frame, 0.6 invalidations/frame)
    OUTLIER converted draws (|world| > 20000): 0.1/frame, 629 total | demoted to UI (hidden from path tracer, still drawn) 642/frame
    albedo: moved off stage 0 92/frame, blanked 0/frame, restored from mesh cache 162/frame (1350 meshes cached) | RT textures known 55 | lights 63.4/frame (24 shaders)
    camera 93.9 10.8 231.7 | distinct cameras this frame 1 (max 1) | transform writes 280/frame | redundant state calls dropped 7779/frame
    world matrix changes 279/frame | objTM used without a fresh upload 0/frame | uv matrix writes 13/frame (last scale 0.00098, 0.00098)
frame 6600 | draws 2003/frame | FFP converted 414/frame (20.7%) | far substitutions 0/frame
    not converted: screen-space 23  skinned 385  depth-only 0  ortho 0  vertex-format 12  untextured 1063  instanced 0  mirrored 0  other-camera 42  no camera 0  other 66 (per frame)
    instancing: 356 converted from the instance stream/frame, 0 refused/frame (largest single draw 1 instances, 0.7 snapshots/frame, 0.7 invalidations/frame)
    OUTLIER converted draws (|world| > 20000): 0.1/frame, 629 total | demoted to UI (hidden from path tracer, still drawn) 666/frame
    albedo: moved off stage 0 98/frame, blanked 0/frame, restored from mesh cache 172/frame (1356 meshes cached) | RT textures known 55 | lights 65.7/frame (24 shaders)
    camera 93.9 10.8 231.7 | distinct cameras this frame 1 (max 1) | transform writes 298/frame | redundant state calls dropped 8254/frame
    world matrix changes 296/frame | objTM used without a fresh upload 0/frame | uv matrix writes 13/frame (last scale 0.00098, 0.00098)
frame 7200 | draws 2063/frame | FFP converted 429/frame (20.8%) | far substitutions 0/frame
    not converted: screen-space 24  skinned 404  depth-only 0  ortho 0  vertex-format 12  untextured 1089  instanced 0  mirrored 0  other-camera 38  no camera 0  other 67 (per frame)
    instancing: 364 converted from the instance stream/frame, 0 refused/frame (largest single draw 1 instances, 0.7 snapshots/frame, 0.7 invalidations/frame)
    OUTLIER converted draws (|world| > 20000): 0.1/frame, 629 total | demoted to UI (hidden from path tracer, still drawn) 680/frame
    albedo: moved off stage 0 101/frame, blanked 0/frame, restored from mesh cache 179/frame (1399 meshes cached) | RT textures known 55 | lights 67.0/frame (24 shaders)
    camera 91.9 8.6 231.2 | distinct cameras this frame 1 (max 1) | transform writes 309/frame | redundant state calls dropped 8556/frame
    world matrix changes 307/frame | objTM used without a fresh upload 0/frame | uv matrix writes 14/frame (last scale 0.00098, 0.00098)
camera: pos 92.9 8.2 229.3 | proj _11=1.5911 _22=2.8285 _33=1.00001 _43=-0.15 (aspect 1.778)
camera: pos 93.2 8.3 228.1 | proj _11=1.5723 _22=2.7951 _33=1.00001 _43=-0.15 (aspect 1.778)
camera: pos 93.6 8.3 227.1 | proj _11=1.5542 _22=2.7630 _33=1.00001 _43=-0.15 (aspect 1.778)
camera: pos 93.8 8.4 226.2 | proj _11=1.5371 _22=2.7325 _33=1.00001 _43=-0.15 (aspect 1.778)
camera: pos 94.0 8.4 225.3 | proj _11=1.5212 _22=2.7042 _33=1.00001 _43=-0.15 (aspect 1.778)
camera: pos 94.2 8.4 224.7 | proj _11=1.5063 _22=2.6779 _33=1.00001 _43=-0.15 (aspect 1.778)
camera: pos 94.3 8.4 224.1 | proj _11=1.4932 _22=2.6545 _33=1.00001 _43=-0.15 (aspect 1.778)
camera: pos 94.3 8.4 223.6 | proj _11=1.4796 _22=2.6304 _33=1.00001 _43=-0.15 (aspect 1.778)
camera: pos 94.1 8.4 223.1 | proj _11=1.4691 _22=2.6117 _33=1.00001 _43=-0.15 (aspect 1.778)
camera: pos 93.9 8.4 222.7 | proj _11=1.4573 _22=2.5908 _33=1.00001 _43=-0.15 (aspect 1.778)
camera: pos 93.6 8.4 222.2 | proj _11=1.4464 _22=2.5714 _33=1.00001 _43=-0.15 (aspect 1.778)
camera: pos 93.2 8.3 221.6 | proj _11=1.4345 _22=2.5502 _33=1.00001 _43=-0.15 (aspect 1.778)
camera: pos 92.9 8.3 221.2 | proj _11=1.4244 _22=2.5322 _33=1.00001 _43=-0.15 (aspect 1.778)
camera: pos 92.1 8.3 220.5 | proj _11=1.4098 _22=2.5063 _33=1.00001 _43=-0.15 (aspect 1.778)
camera: pos 91.7 8.3 219.9 | proj _11=1.3992 _22=2.4875 _33=1.00001 _43=-0.15 (aspect 1.778)
camera: pos 91.4 8.3 219.2 | proj _11=1.3884 _22=2.4683 _33=1.00001 _43=-0.15 (aspect 1.778)
camera: pos 91.3 8.2 218.7 | proj _11=1.3778 _22=2.4493 _33=1.00001 _43=-0.15 (aspect 1.778)
camera: pos 90.9 8.2 218.2 | proj _11=1.3637 _22=2.4242 _33=1.00001 _43=-0.15 (aspect 1.778)
camera: pos 90.5 8.2 217.6 | proj _11=1.3506 _22=2.4010 _33=1.00001 _43=-0.15 (aspect 1.778)
camera: pos 90.2 8.2 216.9 | proj _11=1.3390 _22=2.3804 _33=1.00001 _43=-0.15 (aspect 1.778)
camera: pos 89.9 8.2 216.1 | proj _11=1.3278 _22=2.3604 _33=1.00001 _43=-0.15 (aspect 1.778)
camera: pos 89.6 8.2 215.3 | proj _11=1.3177 _22=2.3425 _33=1.00001 _43=-0.15 (aspect 1.778)
camera: pos 89.3 8.2 214.5 | proj _11=1.3069 _22=2.3234 _33=1.00001 _43=-0.15 (aspect 1.778)
camera: pos 100.5 8.4 201.9 | proj _11=1.3239 _22=2.3536 _33=1.00001 _43=-0.15 (aspect 1.778)
camera: pos 100.7 8.4 201.8 | proj _11=1.3361 _22=2.3752 _33=1.00001 _43=-0.15 (aspect 1.778)
camera: pos 100.8 8.4 201.7 | proj _11=1.3482 _22=2.3967 _33=1.00001 _43=-0.15 (aspect 1.778)
camera: pos 101.0 8.4 201.7 | proj _11=1.3606 _22=2.4188 _33=1.00001 _43=-0.15 (aspect 1.778)
camera: pos 101.1 8.4 201.6 | proj _11=1.3721 _22=2.4392 _33=1.00001 _43=-0.15 (aspect 1.778)
camera: pos 101.2 8.4 201.6 | proj _11=1.3844 _22=2.4612 _33=1.00001 _43=-0.15 (aspect 1.778)
camera: pos 101.3 8.4 201.5 | proj _11=1.3966 _22=2.4827 _33=1.00001 _43=-0.15 (aspect 1.778)
camera: pos 101.4 8.4 201.5 | proj _11=1.4074 _22=2.5020 _33=1.00001 _43=-0.15 (aspect 1.778)
camera: pos 101.5 8.3 201.4 | proj _11=1.4186 _22=2.5218 _33=1.00001 _43=-0.15 (aspect 1.778)
camera: pos 101.6 8.3 201.3 | proj _11=1.4307 _22=2.5433 _33=1.00001 _43=-0.15 (aspect 1.778)
camera: pos 101.8 8.3 201.2 | proj _11=1.4425 _22=2.5645 _33=1.00001 _43=-0.15 (aspect 1.778)
camera: pos 102.0 8.3 201.1 | proj _11=1.4539 _22=2.5847 _33=1.00001 _43=-0.15 (aspect 1.778)
camera: pos 102.2 8.3 201.1 | proj _11=1.4695 _22=2.6124 _33=1.00001 _43=-0.15 (aspect 1.778)
camera: pos 102.4 8.3 201.0 | proj _11=1.4813 _22=2.6334 _33=1.00001 _43=-0.15 (aspect 1.778)
camera: pos 102.6 8.3 201.0 | proj _11=1.4946 _22=2.6570 _33=1.00001 _43=-0.15 (aspect 1.778)
camera: pos 102.7 8.3 200.9 | proj _11=1.5063 _22=2.6778 _33=1.00001 _43=-0.15 (aspect 1.778)
camera: pos 102.9 8.3 201.0 | proj _11=1.5186 _22=2.6998 _33=1.00001 _43=-0.15 (aspect 1.778)
camera: pos 103.0 8.3 201.0 | proj _11=1.5353 _22=2.7294 _33=1.00001 _43=-0.15 (aspect 1.778)
camera: pos 103.2 8.3 201.0 | proj _11=1.5485 _22=2.7528 _33=1.00001 _43=-0.15 (aspect 1.778)
camera: pos 103.3 8.3 201.0 | proj _11=1.5618 _22=2.7765 _33=1.00001 _43=-0.15 (aspect 1.778)
camera: pos 103.5 8.3 201.0 | proj _11=1.5763 _22=2.8022 _33=1.00001 _43=-0.15 (aspect 1.778)
camera: pos 103.6 8.3 201.1 | proj _11=1.5888 _22=2.8244 _33=1.00001 _43=-0.15 (aspect 1.778)
camera: pos 103.7 8.3 201.1 | proj _11=1.6033 _22=2.8502 _33=1.00001 _43=-0.15 (aspect 1.778)
frame 7800 | draws 2046/frame | FFP converted 426/frame (20.8%) | far substitutions 0/frame
    not converted: screen-space 25  skinned 397  depth-only 0  ortho 0  vertex-format 13  untextured 1082  instanced 0  mirrored 0  other-camera 36  no camera 0  other 67 (per frame)
    instancing: 359 converted from the instance stream/frame, 0 refused/frame (largest single draw 1 instances, 0.7 snapshots/frame, 0.7 invalidations/frame)
    OUTLIER converted draws (|world| > 20000): 0.1/frame, 639 total | demoted to UI (hidden from path tracer, still drawn) 677/frame
    albedo: moved off stage 0 100/frame, blanked 0/frame, restored from mesh cache 178/frame (1942 meshes cached) | RT textures known 55 | lights 66.9/frame (24 shaders)
    camera 93.4 8.3 175.5 | distinct cameras this frame 1 (max 1) | transform writes 304/frame | redundant state calls dropped 8499/frame
    world matrix changes 303/frame | objTM used without a fresh upload 0/frame | uv matrix writes 14/frame (last scale 0.00098, 0.00098)
frame 8400 | draws 2075/frame | FFP converted 428/frame (20.6%) | far substitutions 0/frame
    not converted: screen-space 25  skinned 409  depth-only 0  ortho 0  vertex-format 16  untextured 1095  instanced 0  mirrored 0  other-camera 33  no camera 0  other 68 (per frame)
    instancing: 353 converted from the instance stream/frame, 0 refused/frame (largest single draw 1 instances, 0.7 snapshots/frame, 0.7 invalidations/frame)
    OUTLIER converted draws (|world| > 20000): 0.1/frame, 656 total | demoted to UI (hidden from path tracer, still drawn) 695/frame
    albedo: moved off stage 0 101/frame, blanked 0/frame, restored from mesh cache 176/frame (1974 meshes cached) | RT textures known 55 | lights 68.1/frame (24 shaders)
    camera 90.7 7.9 171.7 | distinct cameras this frame 1 (max 1) | transform writes 303/frame | redundant state calls dropped 8533/frame
    world matrix changes 301/frame | objTM used without a fresh upload 0/frame | uv matrix writes 14/frame (last scale 0.00098, 0.00098)
frame 9000 | draws 2089/frame | FFP converted 427/frame (20.4%) | far substitutions 0/frame
    not converted: screen-space 26  skinned 415  depth-only 0  ortho 0  vertex-format 18  untextured 1103  instanced 0  mirrored 0  other-camera 31  no camera 0  other 69 (per frame)
    instancing: 348 converted from the instance stream/frame, 0 refused/frame (largest single draw 1 instances, 0.8 snapshots/frame, 0.8 invalidations/frame)
    OUTLIER converted draws (|world| > 20000): 0.1/frame, 656 total | demoted to UI (hidden from path tracer, still drawn) 707/frame
    albedo: moved off stage 0 101/frame, blanked 0/frame, restored from mesh cache 174/frame (1975 meshes cached) | RT textures known 55 | lights 68.8/frame (24 shaders)
    camera 90.7 7.9 171.7 | distinct cameras this frame 1 (max 1) | transform writes 301/frame | redundant state calls dropped 8520/frame
    world matrix changes 299/frame | objTM used without a fresh upload 0/frame | uv matrix writes 14/frame (last scale 0.00098, 0.00098)
frame 9600 | draws 2106/frame | FFP converted 427/frame (20.3%) | far substitutions 0/frame
    not converted: screen-space 26  skinned 422  depth-only 0  ortho 0  vertex-format 20  untextured 1111  instanced 0  mirrored 0  other-camera 30  no camera 0  other 70 (per frame)
    instancing: 343 converted from the instance stream/frame, 0 refused/frame (largest single draw 1 instances, 0.8 snapshots/frame, 0.8 invalidations/frame)
    OUTLIER converted draws (|world| > 20000): 0.1/frame, 656 total | demoted to UI (hidden from path tracer, still drawn) 720/frame
    albedo: moved off stage 0 102/frame, blanked 0/frame, restored from mesh cache 172/frame (1977 meshes cached) | RT textures known 55 | lights 69.6/frame (24 shaders)
    camera 90.7 7.9 171.7 | distinct cameras this frame 1 (max 1) | transform writes 299/frame | redundant state calls dropped 8524/frame
    world matrix changes 297/frame | objTM used without a fresh upload 0/frame | uv matrix writes 14/frame (last scale 0.00098, 0.00098)
frame 10200 | draws 2122/frame | FFP converted 427/frame (20.1%) | far substitutions 0/frame
    not converted: screen-space 27  skinned 430  depth-only 0  ortho 0  vertex-format 21  untextured 1118  instanced 0  mirrored 0  other-camera 28  no camera 0  other 70 (per frame)
    instancing: 338 converted from the instance stream/frame, 0 refused/frame (largest single draw 1 instances, 0.8 snapshots/frame, 0.8 invalidations/frame)
    OUTLIER converted draws (|world| > 20000): 0.1/frame, 656 total | demoted to UI (hidden from path tracer, still drawn) 731/frame
    albedo: moved off stage 0 102/frame, blanked 0/frame, restored from mesh cache 171/frame (1981 meshes cached) | RT textures known 55 | lights 70.1/frame (24 shaders)
    camera 90.7 7.9 171.7 | distinct cameras this frame 1 (max 1) | transform writes 297/frame | redundant state calls dropped 8521/frame
    world matrix changes 296/frame | objTM used without a fresh upload 0/frame | uv matrix writes 15/frame (last scale 0.00098, 0.00098)
frame 10800 | draws 2140/frame | FFP converted 428/frame (20.0%) | far substitutions 0/frame
    not converted: screen-space 27  skinned 438  depth-only 0  ortho 0  vertex-format 23  untextured 1126  instanced 0  mirrored 0  other-camera 27  no camera 0  other 71 (per frame)
    instancing: 335 converted from the instance stream/frame, 0 refused/frame (largest single draw 1 instances, 0.8 snapshots/frame, 0.8 invalidations/frame)
    OUTLIER converted draws (|world| > 20000): 0.1/frame, 656 total | demoted to UI (hidden from path tracer, still drawn) 741/frame
    albedo: moved off stage 0 103/frame, blanked 0/frame, restored from mesh cache 169/frame (1993 meshes cached) | RT textures known 55 | lights 70.9/frame (24 shaders)
    camera 90.7 7.9 171.7 | distinct cameras this frame 1 (max 1) | transform writes 297/frame | redundant state calls dropped 8540/frame
    world matrix changes 295/frame | objTM used without a fresh upload 0/frame | uv matrix writes 15/frame (last scale 0.00098, 0.00098)
frame 11400 | draws 2161/frame | FFP converted 430/frame (19.9%) | far substitutions 0/frame
    not converted: screen-space 28  skinned 448  depth-only 0  ortho 0  vertex-format 24  untextured 1135  instanced 0  mirrored 0  other-camera 25  no camera 0  other 72 (per frame)
    instancing: 331 converted from the instance stream/frame, 0 refused/frame (largest single draw 1 instances, 0.8 snapshots/frame, 0.8 invalidations/frame)
    OUTLIER converted draws (|world| > 20000): 0.1/frame, 656 total | demoted to UI (hidden from path tracer, still drawn) 752/frame
    albedo: moved off stage 0 103/frame, blanked 0/frame, restored from mesh cache 169/frame (1993 meshes cached) | RT textures known 55 | lights 71.7/frame (24 shaders)
    camera 90.7 7.9 171.7 | distinct cameras this frame 1 (max 1) | transform writes 296/frame | redundant state calls dropped 8573/frame
    world matrix changes 295/frame | objTM used without a fresh upload 0/frame | uv matrix writes 15/frame (last scale 0.00098, 0.00098)
frame 12000 | draws 2174/frame | FFP converted 430/frame (19.8%) | far substitutions 0/frame
    not converted: screen-space 28  skinned 454  depth-only 0  ortho 0  vertex-format 25  untextured 1140  instanced 0  mirrored 0  other-camera 24  no camera 0  other 72 (per frame)
    instancing: 328 converted from the instance stream/frame, 0 refused/frame (largest single draw 1 instances, 0.8 snapshots/frame, 0.8 invalidations/frame)
    OUTLIER converted draws (|world| > 20000): 0.1/frame, 656 total | demoted to UI (hidden from path tracer, still drawn) 760/frame
    albedo: moved off stage 0 103/frame, blanked 0/frame, restored from mesh cache 168/frame (1998 meshes cached) | RT textures known 55 | lights 72.3/frame (24 shaders)
    camera 90.7 7.9 171.7 | distinct cameras this frame 1 (max 1) | transform writes 295/frame | redundant state calls dropped 8585/frame
    world matrix changes 294/frame | objTM used without a fresh upload 0/frame | uv matrix writes 15/frame (last scale 0.00098, 0.00098)
frame 12600 | draws 2187/frame | FFP converted 431/frame (19.7%) | far substitutions 0/frame
    not converted: screen-space 28  skinned 460  depth-only 0  ortho 0  vertex-format 26  untextured 1146  instanced 0  mirrored 0  other-camera 23  no camera 0  other 73 (per frame)
    instancing: 326 converted from the instance stream/frame, 0 refused/frame (largest single draw 1 instances, 0.8 snapshots/frame, 0.8 invalidations/frame)
    OUTLIER converted draws (|world| > 20000): 0.1/frame, 656 total | demoted to UI (hidden from path tracer, still drawn) 768/frame
    albedo: moved off stage 0 104/frame, blanked 0/frame, restored from mesh cache 167/frame (2001 meshes cached) | RT textures known 55 | lights 72.7/frame (24 shaders)
    camera 90.7 7.9 171.7 | distinct cameras this frame 1 (max 1) | transform writes 295/frame | redundant state calls dropped 8591/frame
    world matrix changes 293/frame | objTM used without a fresh upload 0/frame | uv matrix writes 16/frame (last scale 0.00098, 0.00098)
frame 13200 | draws 2192/frame | FFP converted 429/frame (19.6%) | far substitutions 0/frame
    not converted: screen-space 28  skinned 465  depth-only 0  ortho 0  vertex-format 27  untextured 1148  instanced 0  mirrored 0  other-camera 23  no camera 0  other 73 (per frame)
    instancing: 323 converted from the instance stream/frame, 0 refused/frame (largest single draw 1 instances, 0.8 snapshots/frame, 0.8 invalidations/frame)
    OUTLIER converted draws (|world| > 20000): 0.1/frame, 660 total | demoted to UI (hidden from path tracer, still drawn) 772/frame
    albedo: moved off stage 0 104/frame, blanked 0/frame, restored from mesh cache 166/frame (2076 meshes cached) | RT textures known 55 | lights 72.5/frame (24 shaders)
    camera 91.7 6.7 156.7 | distinct cameras this frame 1 (max 1) | transform writes 293/frame | redundant state calls dropped 8554/frame
    world matrix changes 291/frame | objTM used without a fresh upload 0/frame | uv matrix writes 16/frame (last scale 0.00098, 0.00098)
frame 13800 | draws 2231/frame | FFP converted 434/frame (19.4%) | far substitutions 0/frame
    not converted: screen-space 29  skinned 474  depth-only 0  ortho 0  vertex-format 27  untextured 1172  instanced 0  mirrored 0  other-camera 22  no camera 0  other 73 (per frame)
    instancing: 324 converted from the instance stream/frame, 0 refused/frame (largest single draw 1 instances, 0.8 snapshots/frame, 0.8 invalidations/frame)
    OUTLIER converted draws (|world| > 20000): 0.0/frame, 660 total | demoted to UI (hidden from path tracer, still drawn) 791/frame
    albedo: moved off stage 0 106/frame, blanked 0/frame, restored from mesh cache 167/frame (2082 meshes cached) | RT textures known 55 | lights 73.0/frame (24 shaders)
    camera 91.7 6.7 156.7 | distinct cameras this frame 1 (max 1) | transform writes 294/frame | redundant state calls dropped 8651/frame
    world matrix changes 293/frame | objTM used without a fresh upload 0/frame | uv matrix writes 16/frame (last scale 0.00098, 0.00098)
frame 14400 | draws 2266/frame | FFP converted 438/frame (19.3%) | far substitutions 0/frame
    not converted: screen-space 29  skinned 485  depth-only 0  ortho 0  vertex-format 28  untextured 1193  instanced 0  mirrored 0  other-camera 21  no camera 0  other 73 (per frame)
    instancing: 325 converted from the instance stream/frame, 0 refused/frame (largest single draw 1 instances, 0.8 snapshots/frame, 0.8 invalidations/frame)
    OUTLIER converted draws (|world| > 20000): 0.0/frame, 660 total | demoted to UI (hidden from path tracer, still drawn) 808/frame
    albedo: moved off stage 0 107/frame, blanked 0/frame, restored from mesh cache 168/frame (2083 meshes cached) | RT textures known 55 | lights 73.3/frame (24 shaders)
    camera 91.7 6.7 156.7 | distinct cameras this frame 1 (max 1) | transform writes 296/frame | redundant state calls dropped 8728/frame
    world matrix changes 294/frame | objTM used without a fresh upload 0/frame | uv matrix writes 16/frame (last scale 0.00098, 0.00098)
instanced draw declaration #1 (instances=10000) streams: 0 stride=8  1 stride=28  2 stride=0  3 stride=0
    stream=0 offset= 0 type=float2   usage=TEXCOORD     index=0
    stream=1 offset= 0 type=float3   usage=POSITION     index=0
    stream=1 offset=12 type=float3   usage=POSITION     index=1
    stream=1 offset=24 type=float1   usage=TEXCOORD     index=1
instanced draw declaration #2 (instances=10000) streams: 0 stride=8  1 stride=28  2 stride=0  3 stride=0
    stream=0 offset= 0 type=float2   usage=TEXCOORD     index=0
    stream=1 offset= 0 type=float3   usage=POSITION     index=0
    stream=1 offset=12 type=float3   usage=POSITION     index=1
    stream=1 offset=24 type=float1   usage=TEXCOORD     index=1
instanced draw declaration #3 (instances=10000) streams: 0 stride=8  1 stride=28  2 stride=0  3 stride=0
    stream=0 offset= 0 type=float2   usage=TEXCOORD     index=0
    stream=1 offset= 0 type=float3   usage=POSITION     index=0
    stream=1 offset=12 type=float3   usage=POSITION     index=1
    stream=1 offset=24 type=float1   usage=TEXCOORD     index=1
frame 15000 | draws 2309/frame | FFP converted 442/frame (19.1%) | far substitutions 0/frame
    not converted: screen-space 29  skinned 491  depth-only 1  ortho 0  vertex-format 28  untextured 1224  instanced 0  mirrored 0  other-camera 20  no camera 0  other 74 (per frame)
    instancing: 326 converted from the instance stream/frame, 0 refused/frame (largest single draw 10000 instances, 0.9 snapshots/frame, 0.9 invalidations/frame)
    OUTLIER converted draws (|world| > 20000): 0.0/frame, 660 total | demoted to UI (hidden from path tracer, still drawn) 824/frame
    albedo: moved off stage 0 109/frame, blanked 0/frame, restored from mesh cache 169/frame (2101 meshes cached) | RT textures known 55 | lights 73.6/frame (24 shaders)
    camera 91.7 6.7 156.7 | distinct cameras this frame 1 (max 1) | transform writes 297/frame | redundant state calls dropped 8813/frame
    world matrix changes 295/frame | objTM used without a fresh upload 0/frame | uv matrix writes 17/frame (last scale 0.00098, 0.00098)
frame 15600 | draws 2359/frame | FFP converted 447/frame (18.9%) | far substitutions 0/frame
    not converted: screen-space 30  skinned 498  depth-only 3  ortho 0  vertex-format 28  untextured 1261  instanced 0  mirrored 0  other-camera 20  no camera 0  other 74 (per frame)
    instancing: 328 converted from the instance stream/frame, 0 refused/frame (largest single draw 10000 instances, 0.9 snapshots/frame, 0.9 invalidations/frame)
    OUTLIER converted draws (|world| > 20000): 0.0/frame, 660 total | demoted to UI (hidden from path tracer, still drawn) 838/frame
    albedo: moved off stage 0 110/frame, blanked 0/frame, restored from mesh cache 171/frame (2118 meshes cached) | RT textures known 55 | lights 73.8/frame (24 shaders)
    camera 91.7 6.7 156.7 | distinct cameras this frame 1 (max 1) | transform writes 299/frame | redundant state calls dropped 8913/frame
    world matrix changes 297/frame | objTM used without a fresh upload 0/frame | uv matrix writes 17/frame (last scale 0.00098, 0.00098)
frame 16200 | draws 2405/frame | FFP converted 452/frame (18.8%) | far substitutions 0/frame
    not converted: screen-space 30  skinned 502  depth-only 4  ortho 0  vertex-format 28  untextured 1295  instanced 0  mirrored 0  other-camera 19  no camera 0  other 74 (per frame)
    instancing: 329 converted from the instance stream/frame, 0 refused/frame (largest single draw 10000 instances, 0.9 snapshots/frame, 0.9 invalidations/frame)
    OUTLIER converted draws (|world| > 20000): 0.0/frame, 660 total | demoted to UI (hidden from path tracer, still drawn) 850/frame
    albedo: moved off stage 0 112/frame, blanked 0/frame, restored from mesh cache 172/frame (2129 meshes cached) | RT textures known 55 | lights 73.9/frame (24 shaders)
    camera 91.7 6.7 156.7 | distinct cameras this frame 1 (max 1) | transform writes 301/frame | redundant state calls dropped 9017/frame
    world matrix changes 299/frame | objTM used without a fresh upload 0/frame | uv matrix writes 17/frame (last scale 0.00098, 0.00098)
