sr3-rtx loaded (pid 27984) - FFP conversion, ported from sr2-rtx-remix-proxy
settings: ffp=1 convertSkinned=1 hiddenPassMode=3 skipUntextured=1 screenSpaceMode=2 hideLightVolumes=1 skipMirrored=1 dumpFrame=1800
          rankAlbedo=1 excludeRTAlbedo=1 cacheMeshAlbedo=1 injectLights=1
CreateDevice hook installed
CreateDeviceEx hook installed
CreateDeviceEx -> hooking device (backbuffer 1280x720, aspect 1.778)
marker texture created: 4x4 A8R8G8B8 magenta at 03858938. Tag it in the Remix menu (Alt+X -> Game Setup) and put its hash in rtx.ignoreTextures.
back buffer surface 03858380 (cleared once a frame; the composite no longer writes it)
light shader: directional (pos=c0 dir=c-1 color=c2 info=c-1 spot=c-1)
light shader: directional (pos=c0 dir=c-1 color=c2 info=c-1 spot=c-1)
light shader: directional (pos=c0 dir=c-1 color=c2 info=c-1 spot=c-1)
light shader: directional (pos=c0 dir=c-1 color=c2 info=c-1 spot=c-1)
light shader: directional (pos=c0 dir=c-1 color=c2 info=c-1 spot=c-1)
light shader: directional (pos=c0 dir=c-1 color=c2 info=c-1 spot=c-1)
HITCH frame 2: 74.4 ms = present 74.3 + our-present 0.0 + draws 0.0 + other-hooks 0.0 + game/bridge 0.1 | draws 0 | new shaders 0 textures 0
vertex layout #1: elems=3 pos=float4@0(stream 0) uv=float2 normal=0 color=1 skinned=0 positionT=0
HITCH frame 3: 260.2 ms = present 16.4 + our-present 0.0 + draws 0.0 + other-hooks 0.0 + game/bridge 243.8 | draws 0 | new shaders 0 textures 4
HITCH frame 14: 46.8 ms = present 13.5 + our-present 0.0 + draws 0.0 + other-hooks 0.0 + game/bridge 33.3 | draws 0 | new shaders 0 textures 3
HITCH frame 15: 40.8 ms = present 0.4 + our-present 0.0 + draws 0.0 + other-hooks 0.0 + game/bridge 40.4 | draws 0 | new shaders 0 textures 0
HITCH frame 54: 45.9 ms = present 0.2 + our-present 0.0 + draws 0.0 + other-hooks 0.0 + game/bridge 45.6 | draws 0 | new shaders 0 textures 0
frame 60 | draws 0/frame | FFP converted 0/frame (0.0%)
    not converted: screen-space 0  skinned 0  ortho 0  vertex-format 0  untextured 0  instanced 0  mirrored 0  other-camera 0  no camera 0  other 0 (per frame)
    prepasses hidden: sampler-less 0/frame, stipple-with-no-colour 0/frame (these used to convert WHITE) | post/composite quads marked 0/frame
    constant-colour materials (no diffuse map, albedo from the shader's own constant) 0/frame | HUD quads demoted to UI 0/frame | back-buffer clears 0/frame | sky draws 0/frame | UI-pass draws converted 0/frame
    instancing: 0 converted from the instance stream/frame, 0 refused/frame (largest single draw 0 instances, 0.0 buffer writes snooped/frame)
    SKINNING: 0 skinned/frame, 0 refused/frame, 0 exact duplicates dropped/frame | 0 meshes decoded, 0 cached, 0 cache flushes
    ALBEDO stage 0 taken raw (no shader reflection) 0/frame
    ALBEDO: constant-only 0/frame, tinted fallback 0/frame, genuinely blank 0/frame (of 0 rank-0 draws/frame)
    ALBEDO WHITE (previously uncounted): named-but-not-bound 0/frame, render-target exclusion left nothing 0/frame | colourless passes now hidden 0/frame | screen-space passes hidden 0/frame | particle billboards hidden 0/frame
    SKIPPED entirely 0/frame (mode 3) | demoted to UI overlay 0/frame | no-albedo materials left to Remix 0/frame
    MARKED with the marker texture 0/frame (refused as unsafe 0/frame, 0 SetTexture calls/frame, marker created)
    albedo: moved off stage 0 0/frame, blanked 0/frame, restored from mesh cache 0/frame (0 meshes cached, 0 flushes) | RT textures known 55 | lights 0.0/frame (24 shaders)
    camera 0.0 0.0 0.0 | distinct cameras this frame 0 (max 0) | transform writes 0/frame | redundant state calls dropped 0/frame
    world matrix changes 0/frame | objTM used without a fresh upload 0/frame | uv matrix writes 0/frame (last scale 0.00000, 0.00000)
    TIMING: frame 33.9 ms avg (29 fps), worst 260 ms | shim 0.00 ms avg (0.0% of frame), worst 0.0 ms
    TIMING tail: 5 frames >=33 ms, 1 >=100 ms in this window of 60 | inside real Present 4.08 ms avg, worst 74.3 ms | our other hooks 0.00 ms avg
HITCH frame 196: 45.6 ms = present 0.3 + our-present 0.0 + draws 0.0 + other-hooks 0.0 + game/bridge 45.3 | draws 0 | new shaders 0 textures 0
HITCH frame 202: 45.6 ms = present 0.3 + our-present 0.0 + draws 0.0 + other-hooks 0.0 + game/bridge 45.3 | draws 0 | new shaders 0 textures 0
HITCH frame 221: 46.0 ms = present 0.2 + our-present 0.0 + draws 0.0 + other-hooks 0.0 + game/bridge 45.7 | draws 0 | new shaders 0 textures 0
HITCH frame 224: 46.0 ms = present 0.3 + our-present 0.0 + draws 0.0 + other-hooks 0.0 + game/bridge 45.7 | draws 0 | new shaders 0 textures 0
HITCH frame 251: 45.9 ms = present 0.2 + our-present 0.0 + draws 0.0 + other-hooks 0.0 + game/bridge 45.7 | draws 0 | new shaders 0 textures 0
HITCH frame 294: 45.7 ms = present 0.2 + our-present 0.0 + draws 0.0 + other-hooks 0.0 + game/bridge 45.5 | draws 0 | new shaders 0 textures 0
HITCH frame 348: 67.7 ms = present 16.5 + our-present 0.0 + draws 0.0 + other-hooks 0.0 + game/bridge 51.2 | draws 0 | new shaders 0 textures 0
frame 600 | draws 0/frame | FFP converted 0/frame (0.0%)
    not converted: screen-space 0  skinned 0  ortho 0  vertex-format 0  untextured 0  instanced 0  mirrored 0  other-camera 0  no camera 0  other 0 (per frame)
    prepasses hidden: sampler-less 0/frame, stipple-with-no-colour 0/frame (these used to convert WHITE) | post/composite quads marked 0/frame
    constant-colour materials (no diffuse map, albedo from the shader's own constant) 0/frame | HUD quads demoted to UI 0/frame | back-buffer clears 0/frame | sky draws 0/frame | UI-pass draws converted 0/frame
    instancing: 0 converted from the instance stream/frame, 0 refused/frame (largest single draw 0 instances, 0.0 buffer writes snooped/frame)
    SKINNING: 0 skinned/frame, 0 refused/frame, 0 exact duplicates dropped/frame | 0 meshes decoded, 0 cached, 0 cache flushes
    ALBEDO stage 0 taken raw (no shader reflection) 0/frame
    ALBEDO: constant-only 0/frame, tinted fallback 0/frame, genuinely blank 0/frame (of 0 rank-0 draws/frame)
    ALBEDO WHITE (previously uncounted): named-but-not-bound 0/frame, render-target exclusion left nothing 0/frame | colourless passes now hidden 0/frame | screen-space passes hidden 0/frame | particle billboards hidden 0/frame
    SKIPPED entirely 0/frame (mode 3) | demoted to UI overlay 0/frame | no-albedo materials left to Remix 0/frame
    MARKED with the marker texture 0/frame (refused as unsafe 0/frame, 0 SetTexture calls/frame, marker created)
    albedo: moved off stage 0 0/frame, blanked 0/frame, restored from mesh cache 0/frame (0 meshes cached, 0 flushes) | RT textures known 55 | lights 0.0/frame (24 shaders)
    camera 0.0 0.0 0.0 | distinct cameras this frame 0 (max 0) | transform writes 0/frame | redundant state calls dropped 0/frame
    world matrix changes 0/frame | objTM used without a fresh upload 0/frame | uv matrix writes 0/frame (last scale 0.00000, 0.00000)
    TIMING: frame 24.9 ms avg (40 fps), worst 68 ms | shim 0.00 ms avg (0.0% of frame), worst 0.0 ms
    TIMING tail: 7 frames >=33 ms, 0 >=100 ms in this window of 600 | inside real Present 8.03 ms avg, worst 25.2 ms | our other hooks 0.00 ms avg
frame 1200 | draws 0/frame | FFP converted 0/frame (0.0%)
    not converted: screen-space 0  skinned 0  ortho 0  vertex-format 0  untextured 0  instanced 0  mirrored 0  other-camera 0  no camera 0  other 0 (per frame)
    prepasses hidden: sampler-less 0/frame, stipple-with-no-colour 0/frame (these used to convert WHITE) | post/composite quads marked 0/frame
    constant-colour materials (no diffuse map, albedo from the shader's own constant) 0/frame | HUD quads demoted to UI 0/frame | back-buffer clears 0/frame | sky draws 0/frame | UI-pass draws converted 0/frame
    instancing: 0 converted from the instance stream/frame, 0 refused/frame (largest single draw 0 instances, 0.0 buffer writes snooped/frame)
    SKINNING: 0 skinned/frame, 0 refused/frame, 0 exact duplicates dropped/frame | 0 meshes decoded, 0 cached, 0 cache flushes
    ALBEDO stage 0 taken raw (no shader reflection) 0/frame
    ALBEDO: constant-only 0/frame, tinted fallback 0/frame, genuinely blank 0/frame (of 0 rank-0 draws/frame)
    ALBEDO WHITE (previously uncounted): named-but-not-bound 0/frame, render-target exclusion left nothing 0/frame | colourless passes now hidden 0/frame | screen-space passes hidden 0/frame | particle billboards hidden 0/frame
    SKIPPED entirely 0/frame (mode 3) | demoted to UI overlay 0/frame | no-albedo materials left to Remix 0/frame
    MARKED with the marker texture 0/frame (refused as unsafe 0/frame, 0 SetTexture calls/frame, marker created)
    albedo: moved off stage 0 0/frame, blanked 0/frame, restored from mesh cache 0/frame (0 meshes cached, 0 flushes) | RT textures known 55 | lights 0.0/frame (24 shaders)
    camera 0.0 0.0 0.0 | distinct cameras this frame 0 (max 0) | transform writes 0/frame | redundant state calls dropped 0/frame
    world matrix changes 0/frame | objTM used without a fresh upload 0/frame | uv matrix writes 0/frame (last scale 0.00000, 0.00000)
    TIMING: frame 20.8 ms avg (48 fps), worst 33 ms | shim 0.00 ms avg (0.0% of frame), worst 0.0 ms
    TIMING tail: 0 frames >=33 ms, 0 >=100 ms in this window of 600 | inside real Present 12.22 ms avg, worst 23.1 ms | our other hooks 0.00 ms avg
frame 1800 | draws 0/frame | FFP converted 0/frame (0.0%)
    not converted: screen-space 0  skinned 0  ortho 0  vertex-format 0  untextured 0  instanced 0  mirrored 0  other-camera 0  no camera 0  other 0 (per frame)
    prepasses hidden: sampler-less 0/frame, stipple-with-no-colour 0/frame (these used to convert WHITE) | post/composite quads marked 0/frame
    constant-colour materials (no diffuse map, albedo from the shader's own constant) 0/frame | HUD quads demoted to UI 0/frame | back-buffer clears 0/frame | sky draws 0/frame | UI-pass draws converted 0/frame
    instancing: 0 converted from the instance stream/frame, 0 refused/frame (largest single draw 0 instances, 0.0 buffer writes snooped/frame)
    SKINNING: 0 skinned/frame, 0 refused/frame, 0 exact duplicates dropped/frame | 0 meshes decoded, 0 cached, 0 cache flushes
    ALBEDO stage 0 taken raw (no shader reflection) 0/frame
    ALBEDO: constant-only 0/frame, tinted fallback 0/frame, genuinely blank 0/frame (of 0 rank-0 draws/frame)
    ALBEDO WHITE (previously uncounted): named-but-not-bound 0/frame, render-target exclusion left nothing 0/frame | colourless passes now hidden 0/frame | screen-space passes hidden 0/frame | particle billboards hidden 0/frame
    SKIPPED entirely 0/frame (mode 3) | demoted to UI overlay 0/frame | no-albedo materials left to Remix 0/frame
    MARKED with the marker texture 0/frame (refused as unsafe 0/frame, 0 SetTexture calls/frame, marker created)
    albedo: moved off stage 0 0/frame, blanked 0/frame, restored from mesh cache 0/frame (0 meshes cached, 0 flushes) | RT textures known 55 | lights 0.0/frame (24 shaders)
    camera 0.0 0.0 0.0 | distinct cameras this frame 0 (max 0) | transform writes 0/frame | redundant state calls dropped 0/frame
    world matrix changes 0/frame | objTM used without a fresh upload 0/frame | uv matrix writes 0/frame (last scale 0.00000, 0.00000)
    TIMING: frame 19.4 ms avg (52 fps), worst 17 ms | shim 0.00 ms avg (0.0% of frame), worst 0.0 ms
    TIMING tail: 0 frames >=33 ms, 0 >=100 ms in this window of 600 | inside real Present 13.65 ms avg, worst 17.0 ms | our other hooks 0.00 ms avg
vertex layout #2: elems=2 pos=float4@0(stream 0) uv=float2 normal=0 color=0 skinned=0 positionT=0
stream freq #1: stream=0 setting=0x00000001 -> plain count=1
stream freq #2: stream=0 setting=0x00000001 -> plain count=1
stream freq #3: stream=0 setting=0x00000001 -> plain count=1
stream freq #4: stream=0 setting=0x00000001 -> plain count=1
stream freq #5: stream=0 setting=0x00000001 -> plain count=1
stream freq #6: stream=0 setting=0x00000001 -> plain count=1
stream freq #7: stream=0 setting=0x00000001 -> plain count=1
stream freq #8: stream=0 setting=0x00000001 -> plain count=1
vertex layout #3: elems=13 pos=float3@0(stream 0) uv=short2 normal=1 color=0 skinned=0 positionT=0
stream freq #9: stream=4 setting=0x80000001 -> INSTANCEDATA count=1
stream freq #10: stream=0 setting=0x40000001 -> INDEXEDDATA count=1
skinning: vertex buffer created (8192 KB, 32-byte vertices)
vertex layout #4: elems=12 pos=float3@0(stream 0) uv=short2 normal=1 color=0 skinned=0 positionT=0
stream freq #11: stream=4 setting=0x80000001 -> INSTANCEDATA count=1
stream freq #12: stream=0 setting=0x40000001 -> INDEXEDDATA count=1
vertex layout #5: elems=11 pos=float3@0(stream 0) uv=short2 normal=1 color=0 skinned=0 positionT=0
vertex layout #6: elems=7 pos=float3@0(stream 0) uv=short2 normal=0 color=0 skinned=0 positionT=0
vertex layout #7: elems=10 pos=float3@0(stream 0) uv=? normal=1 color=0 skinned=0 positionT=0
vertex layout #8: elems=8 pos=float3@0(stream 0) uv=? normal=1 color=1 skinned=0 positionT=0
vertex layout #9: elems=12 pos=float3@0(stream 0) uv=short2 normal=1 color=0 skinned=0 positionT=0
vertex layout #10: elems=6 pos=float3@0(stream 0) uv=short2 normal=1 color=1 skinned=0 positionT=0
view handedness baseline: determinant 1.000 (positive)
camera: pos 175.3 10.0 162.0 | proj _11=1.6085 _22=2.8594 _33=1.00001 _43=-0.15 (aspect 1.778)
short2 UV range #1: u 0..448  v 0..1024  (verts=8 stride=32 off=20)
DECAL/PARTICLE #1: ps='Diffuse_MapSampler' rank=100 verts=8 usesObjTM=0 | world scale (1.00 1.00 1.00) translation (0.0 0.0 0.0) | camera (175.3 10.0 162.0) | blend=1
  depth-disabled draw #739: verts=16    prims=8     zwrite=0 tex0=450FFA38 objTM=0 lightVolume=no ps='Diffuse_MapSampler' size=15.5x6.1x30.7 centre=(93.9 8.1 352.6) distFromCam=207.3
short2 UV range #2: u 396..716  v 499..1029  (verts=16 stride=32 off=20)
  depth-disabled draw #740: verts=392   prims=196   zwrite=0 tex0=45106798 objTM=0 lightVolume=no ps='Diffuse_MapSampler' size=237.0x21.0x171.8 centre=(228.9 20.9 323.9) distFromCam=170.9
short2 UV range #3: u 3..1019  v 2..1017  (verts=392 stride=32 off=20)
  depth-disabled draw #741: verts=192   prims=96    zwrite=0 tex0=451089B8 objTM=0 lightVolume=no ps='Normal_MapSampler' size=67.4x17.8x81.2 centre=(2.5 16.5 507.1) distFromCam=386.1
  depth-disabled draw #742: verts=20    prims=10    zwrite=0 tex0=45105B58 objTM=0 lightVolume=no ps='Diffuse_MapSampler' size=7.7x19.0x8.4 centre=(-8.1 13.6 500.2) distFromCam=384.8
short2 UV range #4: u -8..777  v -2286..2883  (verts=20 stride=32 off=20)
  depth-disabled draw #743: verts=360   prims=180   zwrite=0 tex0=45106418 objTM=0 lightVolume=no ps='' size=98.7x84.0x35.3 centre=(52.1 66.2 268.8) distFromCam=172.5
  depth-disabled draw #744: verts=1104  prims=552   zwrite=0 tex0=451080F8 objTM=0 lightVolume=no ps='' size=95.9x33.6x163.8 centre=(106.1 21.2 399.8) distFromCam=248.0
  depth-disabled draw #745: verts=16    prims=8     zwrite=0 tex0=45104E38 objTM=0 lightVolume=no ps='' size=12.6x6.3x0.0 centre=(338.5 18.3 442.6) distFromCam=324.7
  depth-disabled draw #746: verts=68    prims=34    zwrite=0 tex0=451089B8 objTM=0 lightVolume=no ps='Normal_MapSampler' size=35.9x18.9x75.5 centre=(-5.1 24.7 504.6) distFromCam=387.5
vertex layout #11: elems=2 pos=float4@0(stream 0) uv=float4 normal=0 color=0 skinned=0 positionT=0
DECAL/PARTICLE #2: ps='Diffuse_mapSampler' rank=100 verts=40 usesObjTM=0 | world scale (1.00 1.00 1.00) translation (0.0 0.0 0.0) | camera (175.3 10.0 162.0) | blend=1
vertex layout #12: elems=7 pos=half4@0(stream 0) uv=short2 normal=1 color=1 skinned=0 positionT=0
vertex layout #13: elems=7 pos=half4@0(stream 0) uv=short2 normal=1 color=1 skinned=0 positionT=0
vertex layout #14: elems=14 pos=float3@0(stream 0) uv=short2 normal=1 color=0 skinned=1 positionT=0
    stream=0 offset= 0 type=float3  (2) usage=POSITION     index=0
    stream=0 offset=12 type=ubyte4n (8) usage=NORMAL       index=0
    stream=0 offset=16 type=ubyte4n (8) usage=TANGENT      index=0
    stream=0 offset=20 type=ubyte4  (5) usage=BLENDWEIGHT  index=0
    stream=0 offset=24 type=ubyte4  (5) usage=BLENDINDICES index=0
    stream=0 offset=28 type=short2  (6) usage=TEXCOORD     index=0
    stream=2 offset= 0 type=short4  (7) usage=POSITION     index=1
    stream=2 offset= 8 type=ubyte4n (8) usage=NORMAL       index=1
    stream=3 offset= 0 type=ubyte4n (8) usage=COLOR        index=0
    stream=4 offset= 0 type=float4  (3) usage=POSITION     index=2
    stream=4 offset=16 type=float4  (3) usage=POSITION     index=3
    stream=4 offset=32 type=float4  (3) usage=POSITION     index=4
    stream=4 offset=48 type=d3dcolor(4) usage=COLOR        index=1
    stream=4 offset=52 type=d3dcolor(4) usage=COLOR        index=2
SKINNED draw #1: verts=3 disp=4 stride=32 | VB usage=0x8 static | live bone regs 4 | objTM t=(175.30 8.07 168.46)
    decl: pos type=float3@0  normal type=ubyte4n@12  weights type=ubyte4@20  indices type=ubyte4@24
    bone[0] rows (0.886 -0.078 0.457 0.084) (0.050 0.996 0.074 -0.005) (-0.461 -0.043 0.886 0.036)
    vert 0: pos(0.001 1.112 0.000) weightBytes[255 0 0 0] indexBytes[0 255 255 255]
    vert 1: pos(0.002 1.113 0.000) weightBytes[255 0 0 0] indexBytes[0 255 255 255]
    vert 2: pos(0.001 1.113 0.000) weightBytes[255 0 0 0] indexBytes[0 255 255 255]
vertex layout #15: elems=15 pos=float3@0(stream 0) uv=short2 normal=1 color=0 skinned=1 positionT=0
    stream=0 offset= 0 type=float3  (2) usage=POSITION     index=0
    stream=0 offset=12 type=ubyte4n (8) usage=NORMAL       index=0
    stream=0 offset=16 type=ubyte4n (8) usage=TANGENT      index=0
    stream=0 offset=20 type=ubyte4  (5) usage=BLENDWEIGHT  index=0
    stream=0 offset=24 type=ubyte4  (5) usage=BLENDINDICES index=0
    stream=0 offset=28 type=short2  (6) usage=TEXCOORD     index=0
    stream=0 offset=32 type=short2  (6) usage=TEXCOORD     index=1
    stream=2 offset= 0 type=short4  (7) usage=POSITION     index=1
    stream=2 offset= 8 type=ubyte4n (8) usage=NORMAL       index=1
    stream=3 offset= 0 type=ubyte4n (8) usage=COLOR        index=0
    stream=4 offset= 0 type=float4  (3) usage=POSITION     index=2
    stream=4 offset=16 type=float4  (3) usage=POSITION     index=3
    stream=4 offset=32 type=float4  (3) usage=POSITION     index=4
    stream=4 offset=48 type=d3dcolor(4) usage=COLOR        index=1
    stream=4 offset=52 type=d3dcolor(4) usage=COLOR        index=2
SKINNED draw #2: verts=1080 disp=4 stride=36 | VB usage=0x8 static | live bone regs 7 | objTM t=(175.30 8.07 168.46)
    decl: pos type=float3@0  normal type=ubyte4n@12  weights type=ubyte4@20  indices type=ubyte4@24
    bone[0] rows (0.775 0.617 -0.135 -0.881) (-0.631 0.767 -0.120 0.449) (0.030 0.178 0.984 -0.309)
    vert 0: pos(0.456 1.099 -0.043) weightBytes[129 126 0 0] indexBytes[0 3 255 255]
    vert 1: pos(0.461 1.099 -0.063) weightBytes[128 127 0 0] indexBytes[0 3 255 255]
    vert 2: pos(0.450 1.099 -0.043) weightBytes[131 124 0 0] indexBytes[0 3 255 255]
SKINNED draw #3: verts=1080 disp=4 stride=36 | VB usage=0x8 static | live bone regs 7 | objTM t=(175.30 8.07 168.46)
    decl: pos type=float3@0  normal type=ubyte4n@12  weights type=ubyte4@20  indices type=ubyte4@24
    bone[0] rows (0.775 0.617 -0.135 -0.881) (-0.631 0.767 -0.120 0.449) (0.030 0.178 0.984 -0.309)
    vert 0: pos(0.456 1.099 -0.043) weightBytes[129 126 0 0] indexBytes[0 3 255 255]
    vert 1: pos(0.461 1.099 -0.063) weightBytes[128 127 0 0] indexBytes[0 3 255 255]
    vert 2: pos(0.450 1.099 -0.043) weightBytes[131 124 0 0] indexBytes[0 3 255 255]
SKINNED draw #4: verts=1080 disp=4 stride=36 | VB usage=0x8 static | live bone regs 7 | objTM t=(175.30 8.07 168.46)
    decl: pos type=float3@0  normal type=ubyte4n@12  weights type=ubyte4@20  indices type=ubyte4@24
    bone[0] rows (0.775 0.617 -0.135 -0.881) (-0.631 0.767 -0.120 0.449) (0.030 0.178 0.984 -0.309)
    vert 0: pos(0.456 1.099 -0.043) weightBytes[129 126 0 0] indexBytes[0 3 255 255]
    vert 1: pos(0.461 1.099 -0.063) weightBytes[128 127 0 0] indexBytes[0 3 255 255]
    vert 2: pos(0.450 1.099 -0.043) weightBytes[131 124 0 0] indexBytes[0 3 255 255]
SKINNED draw #5: verts=1080 disp=4 stride=36 | VB usage=0x8 static | live bone regs 7 | objTM t=(175.30 8.07 168.46)
    decl: pos type=float3@0  normal type=ubyte4n@12  weights type=ubyte4@20  indices type=ubyte4@24
    bone[0] rows (0.589 -0.427 0.686 0.571) (0.666 0.737 -0.113 0.501) (-0.457 0.523 0.719 -0.739)
    vert 0: pos(-0.546 1.091 -0.046) weightBytes[46 180 28 0] indexBytes[0 3 1 255]
    vert 1: pos(-0.529 1.082 -0.060) weightBytes[77 176 2 0] indexBytes[0 3 1 255]
    vert 2: pos(-0.547 1.096 -0.050) weightBytes[74 177 4 0] indexBytes[0 3 1 255]
SKINNED draw #6: verts=1080 disp=4 stride=36 | VB usage=0x8 static | live bone regs 7 | objTM t=(175.30 8.07 168.46)
    decl: pos type=float3@0  normal type=ubyte4n@12  weights type=ubyte4@20  indices type=ubyte4@24
    bone[0] rows (0.589 -0.427 0.686 0.571) (0.666 0.737 -0.113 0.501) (-0.457 0.523 0.719 -0.739)
    vert 0: pos(-0.546 1.091 -0.046) weightBytes[46 180 28 0] indexBytes[0 3 1 255]
    vert 1: pos(-0.529 1.082 -0.060) weightBytes[77 176 2 0] indexBytes[0 3 1 255]
    vert 2: pos(-0.547 1.096 -0.050) weightBytes[74 177 4 0] indexBytes[0 3 1 255]
SKINNED draw #7: verts=1080 disp=4 stride=36 | VB usage=0x8 static | live bone regs 7 | objTM t=(175.30 8.07 168.46)
    decl: pos type=float3@0  normal type=ubyte4n@12  weights type=ubyte4@20  indices type=ubyte4@24
    bone[0] rows (0.589 -0.427 0.686 0.571) (0.666 0.737 -0.113 0.501) (-0.457 0.523 0.719 -0.739)
    vert 0: pos(-0.546 1.091 -0.046) weightBytes[46 180 28 0] indexBytes[0 3 1 255]
    vert 1: pos(-0.529 1.082 -0.060) weightBytes[77 176 2 0] indexBytes[0 3 1 255]
    vert 2: pos(-0.547 1.096 -0.050) weightBytes[74 177 4 0] indexBytes[0 3 1 255]
SKINNED draw #8: verts=416 disp=4 stride=32 | VB usage=0x8 static | live bone regs 7 | objTM t=(175.30 8.07 168.46)
    decl: pos type=float3@0  normal type=ubyte4n@12  weights type=ubyte4@20  indices type=ubyte4@24
    bone[0] rows (0.951 0.301 0.073 -0.505) (-0.298 0.953 -0.046 0.054) (-0.084 0.022 0.996 0.024)
    vert 0: pos(0.079 1.617 -0.057) weightBytes[255 0 0 0] indexBytes[2 255 255 255]
    vert 1: pos(0.079 1.613 -0.057) weightBytes[255 0 0 0] indexBytes[3 255 255 255]
    vert 2: pos(0.079 1.617 -0.057) weightBytes[255 0 0 0] indexBytes[2 255 255 255]
SKINNED draw #9: verts=536 disp=4 stride=36 | VB usage=0x8 static | live bone regs 8 | objTM t=(175.30 8.07 168.46)
    decl: pos type=float3@0  normal type=ubyte4n@12  weights type=ubyte4@20  indices type=ubyte4@24
    bone[0] rows (0.881 0.167 0.442 -0.219) (-0.051 0.964 -0.262 0.029) (-0.470 0.208 0.858 -0.278)
    vert 0: pos(-0.044 1.572 -0.121) weightBytes[28 183 44 0] indexBytes[0 2 4 255]
    vert 1: pos(-0.045 1.564 -0.118) weightBytes[30 1 182 42] indexBytes[0 1 2 4]
    vert 2: pos(-0.047 1.561 -0.127) weightBytes[59 10 168 18] indexBytes[0 1 2 4]
SKINNED draw #10: verts=536 disp=4 stride=36 | VB usage=0x8 static | live bone regs 8 | objTM t=(175.30 8.07 168.46)
    decl: pos type=float3@0  normal type=ubyte4n@12  weights type=ubyte4@20  indices type=ubyte4@24
    bone[0] rows (0.881 0.167 0.442 -0.219) (-0.051 0.964 -0.262 0.029) (-0.470 0.208 0.858 -0.278)
    vert 0: pos(-0.044 1.572 -0.121) weightBytes[28 183 44 0] indexBytes[0 2 4 255]
    vert 1: pos(-0.045 1.564 -0.118) weightBytes[30 1 182 42] indexBytes[0 1 2 4]
    vert 2: pos(-0.047 1.561 -0.127) weightBytes[59 10 168 18] indexBytes[0 1 2 4]
SKINNED draw #11: verts=990 disp=4 stride=36 | VB usage=0x8 static | live bone regs 9 | objTM t=(175.30 8.07 168.46)
    decl: pos type=float3@0  normal type=ubyte4n@12  weights type=ubyte4@20  indices type=ubyte4@24
    bone[0] rows (0.914 0.151 0.376 -0.114) (-0.108 0.985 -0.133 -0.022) (-0.391 0.081 0.917 -0.012)
    vert 0: pos(-0.202 0.037 0.058) weightBytes[174 81 0 0] indexBytes[2 4 255 255]
    vert 1: pos(-0.217 0.010 0.106) weightBytes[255 0 0 0] indexBytes[4 255 255 255]
    vert 2: pos(-0.201 0.029 0.109) weightBytes[2 253 0 0] indexBytes[2 4 255 255]
SKINNED draw #12: verts=990 disp=4 stride=36 | VB usage=0x8 static | live bone regs 9 | objTM t=(175.30 8.07 168.46)
    decl: pos type=float3@0  normal type=ubyte4n@12  weights type=ubyte4@20  indices type=ubyte4@24
    bone[0] rows (0.914 0.151 0.376 -0.114) (-0.108 0.985 -0.133 -0.022) (-0.391 0.081 0.917 -0.012)
    vert 0: pos(-0.202 0.037 0.058) weightBytes[174 81 0 0] indexBytes[2 4 255 255]
    vert 1: pos(-0.217 0.010 0.106) weightBytes[255 0 0 0] indexBytes[4 255 255 255]
    vert 2: pos(-0.201 0.029 0.109) weightBytes[2 253 0 0] indexBytes[2 4 255 255]
vertex layout #16: elems=6 pos=float3@0(stream 0) uv=? normal=0 color=0 skinned=0 positionT=0
  depth-disabled draw #804: verts=8     prims=12    zwrite=0 tex0=4CA3EC50 objTM=0 lightVolume=no ps='' size=1.0x1.0x1.0 centre=(0.0 0.0 0.0) distFromCam=238.9
  depth-disabled draw #805: verts=8     prims=12    zwrite=0 tex0=4CA3EC50 objTM=0 lightVolume=no ps='' size=1.0x1.0x1.0 centre=(0.0 0.0 0.0) distFromCam=238.9
  depth-disabled draw #806: verts=8     prims=12    zwrite=0 tex0=4CA3EC50 objTM=0 lightVolume=no ps='' size=1.0x1.0x1.0 centre=(0.0 0.0 0.0) distFromCam=238.9
  depth-disabled draw #807: verts=8     prims=12    zwrite=0 tex0=4CA3EC50 objTM=0 lightVolume=no ps='' size=1.0x1.0x1.0 centre=(0.0 0.0 0.0) distFromCam=238.9
  depth-disabled draw #808: verts=8     prims=12    zwrite=0 tex0=4CA3EC50 objTM=0 lightVolume=no ps='' size=1.0x1.0x1.0 centre=(0.0 0.0 0.0) distFromCam=238.9
  depth-disabled draw #809: verts=8     prims=12    zwrite=0 tex0=4CA3EC50 objTM=0 lightVolume=no ps='' size=1.0x1.0x1.0 centre=(0.0 0.0 0.0) distFromCam=238.9
  depth-disabled draw #810: verts=8     prims=12    zwrite=0 tex0=4CA3EC50 objTM=0 lightVolume=no ps='' size=1.0x1.0x1.0 centre=(0.0 0.0 0.0) distFromCam=238.9
  depth-disabled draw #811: verts=8     prims=12    zwrite=0 tex0=4CA3EC50 objTM=0 lightVolume=no ps='' size=1.0x1.0x1.0 centre=(0.0 0.0 0.0) distFromCam=238.9
  depth-disabled draw #812: verts=8     prims=12    zwrite=0 tex0=4CA3EC50 objTM=0 lightVolume=no ps='' size=1.0x1.0x1.0 centre=(0.0 0.0 0.0) distFromCam=238.9
  depth-disabled draw #813: verts=8     prims=12    zwrite=0 tex0=4CA3EC50 objTM=0 lightVolume=no ps='' size=1.0x1.0x1.0 centre=(0.0 0.0 0.0) distFromCam=238.9
  depth-disabled draw #814: verts=8     prims=12    zwrite=0 tex0=4CA3EC50 objTM=0 lightVolume=no ps='' size=1.0x1.0x1.0 centre=(0.0 0.0 0.0) distFromCam=238.9
  depth-disabled draw #815: verts=8     prims=12    zwrite=0 tex0=4CA3EC50 objTM=0 lightVolume=no ps='' size=1.0x1.0x1.0 centre=(0.0 0.0 0.0) distFromCam=238.9
  depth-disabled draw #816: verts=8     prims=12    zwrite=0 tex0=4CA3EC50 objTM=0 lightVolume=no ps='' size=1.0x1.0x1.0 centre=(0.0 0.0 0.0) distFromCam=238.9
  depth-disabled draw #817: verts=8     prims=12    zwrite=0 tex0=4CA3EC50 objTM=0 lightVolume=no ps='' size=1.0x1.0x1.0 centre=(0.0 0.0 0.0) distFromCam=238.9
  depth-disabled draw #818: verts=8     prims=12    zwrite=0 tex0=4CA3EC50 objTM=0 lightVolume=no ps='' size=1.0x1.0x1.0 centre=(0.0 0.0 0.0) distFromCam=238.9
  depth-disabled draw #819: verts=8     prims=12    zwrite=0 tex0=4CA3EC50 objTM=0 lightVolume=no ps='' size=1.0x1.0x1.0 centre=(0.0 0.0 0.0) distFromCam=238.9
  depth-disabled draw #820: verts=8     prims=12    zwrite=0 tex0=4CA3EC50 objTM=0 lightVolume=no ps='' size=1.0x1.0x1.0 centre=(0.0 0.0 0.0) distFromCam=238.9
  depth-disabled draw #821: verts=8     prims=12    zwrite=0 tex0=4CA3EC50 objTM=0 lightVolume=no ps='' size=1.0x1.0x1.0 centre=(0.0 0.0 0.0) distFromCam=238.9
  depth-disabled draw #822: verts=8     prims=12    zwrite=0 tex0=4CA3EC50 objTM=0 lightVolume=no ps='' size=1.0x1.0x1.0 centre=(0.0 0.0 0.0) distFromCam=238.9
  depth-disabled draw #823: verts=8     prims=12    zwrite=0 tex0=4CA3EC50 objTM=0 lightVolume=no ps='' size=1.0x1.0x1.0 centre=(0.0 0.0 0.0) distFromCam=238.9
  depth-disabled draw #824: verts=8     prims=12    zwrite=0 tex0=4CA3EC50 objTM=0 lightVolume=no ps='' size=1.0x1.0x1.0 centre=(0.0 0.0 0.0) distFromCam=238.9
  depth-disabled draw #825: verts=8     prims=12    zwrite=0 tex0=4CA3EC50 objTM=0 lightVolume=no ps='' size=1.0x1.0x1.0 centre=(0.0 0.0 0.0) distFromCam=238.9
  depth-disabled draw #826: verts=8     prims=12    zwrite=0 tex0=4CA3EC50 objTM=0 lightVolume=no ps='' size=1.0x1.0x1.0 centre=(0.0 0.0 0.0) distFromCam=238.9
  depth-disabled draw #827: verts=8     prims=12    zwrite=0 tex0=4CA3EC50 objTM=0 lightVolume=no ps='' size=1.0x1.0x1.0 centre=(0.0 0.0 0.0) distFromCam=238.9
  depth-disabled draw #828: verts=8     prims=12    zwrite=0 tex0=4CA3EC50 objTM=0 lightVolume=no ps='' size=1.0x1.0x1.0 centre=(0.0 0.0 0.0) distFromCam=238.9
  depth-disabled draw #829: verts=8     prims=12    zwrite=0 tex0=4CA3EC50 objTM=0 lightVolume=no ps='' size=1.0x1.0x1.0 centre=(0.0 0.0 0.0) distFromCam=238.9
  depth-disabled draw #830: verts=8     prims=12    zwrite=0 tex0=4CA3EC50 objTM=0 lightVolume=no ps='' size=1.0x1.0x1.0 centre=(0.0 0.0 0.0) distFromCam=238.9
  depth-disabled draw #831: verts=8     prims=12    zwrite=0 tex0=4CA3EC50 objTM=0 lightVolume=no ps='' size=1.0x1.0x1.0 centre=(0.0 0.0 0.0) distFromCam=238.9
  depth-disabled draw #832: verts=8     prims=12    zwrite=0 tex0=4CA3EC50 objTM=0 lightVolume=no ps='' size=1.0x1.0x1.0 centre=(0.0 0.0 0.0) distFromCam=238.9
  depth-disabled draw #833: verts=8     prims=12    zwrite=0 tex0=4CA3EC50 objTM=0 lightVolume=no ps='' size=1.0x1.0x1.0 centre=(0.0 0.0 0.0) distFromCam=238.9
  depth-disabled draw #834: verts=8     prims=12    zwrite=0 tex0=4CA3EC50 objTM=0 lightVolume=no ps='' size=1.0x1.0x1.0 centre=(0.0 0.0 0.0) distFromCam=238.9
  depth-disabled draw #835: verts=8     prims=12    zwrite=0 tex0=4CA3EC50 objTM=0 lightVolume=no ps='' size=1.0x1.0x1.0 centre=(0.0 0.0 0.0) distFromCam=238.9
short2 UV range #5: u -1098..2854  v -424..2800  (verts=271 stride=36 off=28)
vertex layout #17: elems=3 pos=float3@0(stream 0) uv=? normal=1 color=0 skinned=0 positionT=0
vertex layout #18: elems=3 pos=float3@0(stream 0) uv=float2 normal=0 color=1 skinned=0 positionT=0
vertex layout #19: elems=1 pos=float3@0(stream 0) uv=? normal=0 color=0 skinned=0 positionT=0
vertex layout #20: elems=1 pos=short4n@0(stream 0) uv=? normal=0 color=0 skinned=0 positionT=0
vertex layout #21: elems=2 pos=short4n@0(stream 0) uv=short2n normal=0 color=0 skinned=0 positionT=0
vertex layout #22: elems=3 pos=float4@0(stream 0) uv=float4 normal=0 color=0 skinned=0 positionT=0
SKY draw: PASS verts=343 ps='Diffuse_Map_1Sampler' rank=100 | size 36x9x36 centre (175 11 162) 1 from camera | why: sky (rfg-skybox family) - left for Remix to capture and tag
SKY draw: PASS verts=343 ps='Diffuse_Map_1Sampler' rank=100 | size 36x9x36 centre (175 11 162) 1 from camera | why: sky (rfg-skybox family) - left for Remix to capture and tag
SKY draw: PASS verts=343 ps='Diffuse_MapSampler' rank=100 | size 36x9x36 centre (175 11 162) 1 from camera | why: sky (rfg-skybox family) - left for Remix to capture and tag
SKY draw: PASS verts=343 ps='Diffuse_Map_1Sampler' rank=100 | size 36x9x36 centre (175 11 162) 1 from camera | why: sky (rfg-skybox family) - left for Remix to capture and tag
SKY draw: PASS verts=343 ps='Diffuse_Map_1Sampler' rank=100 | size 36x9x36 centre (175 11 162) 1 from camera | why: sky (rfg-skybox family) - left for Remix to capture and tag
SKY draw: PASS verts=343 ps='Diffuse_MapSampler' rank=100 | size 36x9x36 centre (175 11 162) 1 from camera | why: sky (rfg-skybox family) - left for Remix to capture and tag
SKY draw: PASS verts=343 ps='Diffuse_Map_1Sampler' rank=100 | size 36x9x36 centre (175 11 162) 1 from camera | why: sky (rfg-skybox family) - left for Remix to capture and tag
SKY draw: PASS verts=343 ps='Diffuse_Map_1Sampler' rank=100 | size 36x9x36 centre (175 11 162) 1 from camera | why: sky (rfg-skybox family) - left for Remix to capture and tag
SKY draw: PASS verts=343 ps='Diffuse_MapSampler' rank=100 | size 36x9x36 centre (175 11 162) 1 from camera | why: sky (rfg-skybox family) - left for Remix to capture and tag
vertex layout #23: elems=11 pos=float3@0(stream 0) uv=? normal=1 color=0 skinned=0 positionT=0
SKY draw: PASS verts=173 ps='Blend_MapSampler' rank=100 | size 102541x0x102511 centre (7 -0 0) 234 from camera | why: sky (rfg-skybox family) - left for Remix to capture and tag
SKY draw: PASS verts=13 ps='Blend_MapSampler' rank=100 | size 320x0x262 centre (0 0 -9) 245 from camera | why: sky (rfg-skybox family) - left for Remix to capture and tag
SKY draw: PASS verts=17 ps='Blend_MapSampler' rank=100 | size 320x0x280 centre (0 0 0) 239 from camera | why: sky (rfg-skybox family) - left for Remix to capture and tag
short2 UV range #6: u -422..1060  v -268..1299  (verts=436 stride=32 off=20)
short2 UV range #7: u 0..448  v 0..1024  (verts=8 stride=32 off=20)
short2 UV range #8: u 396..716  v 499..1029  (verts=16 stride=32 off=20)
short2 UV range #9: u 3..1019  v 2..1017  (verts=392 stride=32 off=20)
short2 UV range #10: u -419..1252  v -510..1550  (verts=192 stride=32 off=20)
short2 UV range #11: u -8..777  v -2286..2883  (verts=20 stride=32 off=20)
short2 UV range #12: u -1014..1272  v -2038..4422  (verts=360 stride=32 off=20)
DECAL/PARTICLE #3: ps='Decal_MapSampler' rank=90 verts=4 usesObjTM=1 | world scale (1.00 1.00 1.00) translation (247.2 41.1 417.2) | camera (175.3 10.0 162.0) | blend=1
vertex layout #24: elems=14 pos=float3@0(stream 0) uv=short2 normal=1 color=0 skinned=0 positionT=0
DECAL/PARTICLE #4: ps='Alpha_MaskSampler' rank=100 verts=4 usesObjTM=1 | world scale (1.32 1.32 1.32) translation (128.7 13.3 301.4) | camera (175.3 10.0 162.0) | blend=1
DECAL/PARTICLE #5: ps='Diffuse_Map_1Sampler' rank=100 verts=4 usesObjTM=1 | world scale (1.00 1.00 1.00) translation (-256.0 0.0 -768.0) | camera (175.3 10.0 162.0) | blend=1
HITCH frame 1909: 135.9 ms = present 16.2 + our-present 0.0 + draws 10.2 + other-hooks 0.0 + game/bridge 109.5 | draws 2565 | new shaders 0 textures 1
call-order trace (V/v=SetVertexShader with/without objTM, P=projTM c28, O=objTM c32, W=view c48, D=draw converted, x=draw skipped):
  DDvDvmvDvmmmvmOOPWvDDDVOxVOxOOVmOVmmmOmmmOVmOVmmOmmOVmOVmOVmVmOmOmOmOmOmOmOmOmOmOmOmOmOmOmOmOmOmOmOm
  OmOmOmOmOmOmOmOmOmOmOmOmOmOmOVDOVmOVmOOPWPvmmmmmmmmmmmmmmmmmmmmmmmmmmmmmmmmmmmmmmmmmmmmmmmmmmmmmmmmm
  mmmmmmmmmmmmmmmmmmmmmmmmmmmmmmmmmmmmmmmmmmmmmmmmmmmmmmmmmmmmmmmmmmmmmmmmmmmmmmmmmmmmmmmmmmmmmmmmmmmm
  mmmmmmmmmmmmmmmmmmmmmmmmmmmmmmmmmmmmmmmmmmmmmmmmmmmmmmmmmmmmmmmmmmmmmmmmmmmmmmmmmmmmmmmmmmmmmmmmmmmm
sky probe: 40 depth-disabled draws in a frame of 2565
auxiliary camera at (175.3 -10.0 162.0), main camera at (175.3 10.0 162.0), 20.0 units apart | aspect 1.778 vs back buffer 1.778
    aux  forward (-0.000 0.008 1.000) up (-0.000 -1.000 0.008) det -1.000
    main forward (0.000 -0.008 1.000) up (0.000 1.000 0.008) det 1.000
DECAL/PARTICLE #6: ps='Detail_Normal_MapSampler' rank=100 verts=4 usesObjTM=0 | world scale (1.00 1.00 1.00) translation (0.0 0.0 0.0) | camera (175.3 10.0 162.0) | blend=1
untextured material #1: first sampler is 'IR_GBuffer_DSF_DataSampler'
DECAL/PARTICLE #7: ps='IR_GBuffer_DSF_DataSampler' rank=0 verts=21 usesObjTM=0 | world scale (1.00 1.00 1.00) translation (0.0 0.0 0.0) | camera (175.3 10.0 162.0) | blend=1
HITCH frame 1910: 264.0 ms = present 0.1 + our-present 0.0 + draws 14.0 + other-hooks 0.0 + game/bridge 249.8 | draws 3197 | new shaders 0 textures 1
shape probe written to sr3-rtx-shapes.log (400 shapes)
HITCH frame 1911: 83.2 ms = present 0.1 + our-present 0.0 + draws 11.4 + other-hooks 0.0 + game/bridge 71.7 | draws 3215 | new shaders 0 textures 0
HITCH frame 1912: 65.8 ms = present 0.2 + our-present 0.0 + draws 10.7 + other-hooks 0.0 + game/bridge 54.9 | draws 3215 | new shaders 0 textures 0
HITCH frame 1916: 105.8 ms = present 71.5 + our-present 0.0 + draws 10.2 + other-hooks 0.0 + game/bridge 24.1 | draws 3166 | new shaders 0 textures 7
HUD draw: CONVERT verts=4 target 1280x720 fmt=21 | stride=52 posType=2 posOffset=0 posStream=0 positionT=0 elements=7 usage=0x208 | vs proj=1 obj=1 ps='Diffuse_Map_1Sampler' rank=100
    raw positions: <dynamic buffer, not read>
    proj row0 (1.6085 0.0000 0.0000 0.0000) row3 (0.0000 0.0000 -0.1500 0.0000) perspective=1
    world translation (-256.00 0.00 -768.00), camera (175.30 10.04 161.96)
    raw projTM row0 (1.6085 0.0000 0.0000 0.0000) row3 (-281.9572 -32.2653 -162.0297 -161.8781) perspective=0
HITCH frame 1917: 56.9 ms = present 37.2 + our-present 0.0 + draws 11.4 + other-hooks 0.0 + game/bridge 8.3 | draws 3169 | new shaders 0 textures 0
HUD draw: CONVERT verts=4 target 1280x720 fmt=21 | stride=52 posType=2 posOffset=0 posStream=0 positionT=0 elements=7 usage=0x208 | vs proj=1 obj=1 ps='Diffuse_Map_1Sampler' rank=100
    raw positions: <dynamic buffer, not read>
    proj row0 (1.6085 0.0000 0.0000 0.0000) row3 (0.0000 0.0000 -0.1500 0.0000) perspective=1
    world translation (-256.00 0.00 -768.00), camera (175.30 10.04 161.96)
    raw projTM row0 (1.6085 0.0000 0.0000 0.0000) row3 (-281.9572 -32.2702 -162.0297 -161.8781) perspective=0
HITCH frame 1918: 51.4 ms = present 30.3 + our-present 0.0 + draws 12.0 + other-hooks 0.0 + game/bridge 9.1 | draws 3169 | new shaders 0 textures 0
HUD draw: CONVERT verts=4 target 1280x720 fmt=21 | stride=52 posType=2 posOffset=0 posStream=0 positionT=0 elements=7 usage=0x208 | vs proj=1 obj=1 ps='Diffuse_Map_1Sampler' rank=100
    raw positions: <dynamic buffer, not read>
    proj row0 (1.6085 0.0000 0.0000 0.0000) row3 (0.0000 0.0000 -0.1500 0.0000) perspective=1
    world translation (-256.00 0.00 -768.00), camera (175.30 10.04 161.96)
    raw projTM row0 (1.6085 0.0000 0.0000 0.0000) row3 (-281.9572 -32.2745 -162.0297 -161.8781) perspective=0
HUD draw: CONVERT verts=4 target 1280x720 fmt=21 | stride=52 posType=2 posOffset=0 posStream=0 positionT=0 elements=7 usage=0x208 | vs proj=1 obj=1 ps='Diffuse_Map_1Sampler' rank=100
    raw positions: <dynamic buffer, not read>
    proj row0 (1.6085 0.0000 0.0000 0.0000) row3 (0.0000 0.0000 -0.1500 0.0000) perspective=1
    world translation (-256.00 0.00 -768.00), camera (175.30 10.04 161.96)
    raw projTM row0 (1.6085 0.0000 0.0000 0.0000) row3 (-281.9572 -32.2745 -162.0297 -161.8781) perspective=0
HUD draw: CONVERT verts=4 target 1280x720 fmt=21 | stride=52 posType=2 posOffset=0 posStream=0 positionT=0 elements=7 usage=0x208 | vs proj=1 obj=1 ps='Diffuse_Map_1Sampler' rank=100
    raw positions: <dynamic buffer, not read>
    proj row0 (1.6085 0.0000 0.0000 0.0000) row3 (0.0000 0.0000 -0.1500 -0.0000) perspective=1
    world translation (-256.00 0.00 -768.00), camera (175.30 10.04 161.96)
    raw projTM row0 (1.6085 0.0000 0.0000 0.0000) row3 (-281.9572 -32.2780 -162.0296 -161.8780) perspective=0
HUD draw: CONVERT verts=4 target 1280x720 fmt=21 | stride=52 posType=2 posOffset=0 posStream=0 positionT=0 elements=7 usage=0x208 | vs proj=1 obj=1 ps='Diffuse_Map_1Sampler' rank=100
    raw positions: <dynamic buffer, not read>
    proj row0 (1.6085 0.0000 0.0000 0.0000) row3 (0.0000 0.0000 -0.1500 -0.0000) perspective=1
    world translation (-256.00 0.00 -768.00), camera (175.30 10.04 161.96)
    raw projTM row0 (1.6085 0.0000 0.0000 0.0000) row3 (-281.9572 -32.2780 -162.0296 -161.8780) perspective=0
HUD draw: CONVERT verts=4 target 1280x720 fmt=21 | stride=52 posType=2 posOffset=0 posStream=0 positionT=0 elements=7 usage=0x208 | vs proj=1 obj=1 ps='Diffuse_Map_1Sampler' rank=100
    raw positions: <dynamic buffer, not read>
    proj row0 (1.6085 0.0000 0.0000 0.0000) row3 (0.0000 0.0000 -0.1500 0.0000) perspective=1
    world translation (-256.00 0.00 -768.00), camera (175.30 10.04 161.96)
    raw projTM row0 (1.6085 0.0000 0.0000 0.0000) row3 (-281.9572 -32.2815 -162.0296 -161.8780) perspective=0
HUD draw: CONVERT verts=4 target 1280x720 fmt=21 | stride=52 posType=2 posOffset=0 posStream=0 positionT=0 elements=7 usage=0x208 | vs proj=1 obj=1 ps='Diffuse_Map_1Sampler' rank=100
    raw positions: <dynamic buffer, not read>
    proj row0 (1.6085 0.0000 0.0000 0.0000) row3 (0.0000 0.0000 -0.1500 0.0000) perspective=1
    world translation (-256.00 0.00 -768.00), camera (175.30 10.04 161.96)
    raw projTM row0 (1.6085 0.0000 0.0000 0.0000) row3 (-281.9572 -32.2815 -162.0296 -161.8780) perspective=0
skinning REFUSED #1: blend weights are a type this decoder does not read | verts=844 stride=28 decl: pos=float3(2)@0 normal=ubyte4n(8)@12 weights=?(-1)@-1 indices=ubyte4(5)@20 uv=short2(6)@24
untextured material #2: first sampler is 'Damage_Normal_MapSampler'
untextured material #3: first sampler is 'Dual_Paraboloid_Map_BackSam'
HITCH frame 2337: 60.7 ms = present 0.3 + our-present 0.0 + draws 14.7 + other-hooks 0.0 + game/bridge 45.7 | draws 3546 | new shaders 0 textures 0
DECAL/PARTICLE #8: ps='Blend_MapSampler' rank=70 verts=11 usesObjTM=1 | world scale (1.00 1.00 1.00) translation (-416.0 0.0 632.0) | camera (175.7 8.7 162.1) | blend=1
frame 2400 | draws 700/frame | FFP converted 200/frame (28.6%)
    not converted: screen-space 18  skinned 0  ortho 0  vertex-format 11  untextured 307  instanced 0  mirrored 0  other-camera 75  no camera 0  other 0 (per frame)
    prepasses hidden: sampler-less 307/frame, stipple-with-no-colour 58/frame (these used to convert WHITE) | post/composite quads marked 18/frame
    constant-colour materials (no diffuse map, albedo from the shader's own constant) 7/frame | HUD quads demoted to UI 0/frame | back-buffer clears 0/frame | sky draws 18/frame | UI-pass draws converted 0/frame
    instancing: 224 converted from the instance stream/frame, 0 refused/frame (largest single draw 1 instances, 0.2 buffer writes snooped/frame)
    SKINNING: 18 skinned/frame, 5 refused/frame, 2 exact duplicates dropped/frame | 41 meshes decoded, 41 cached, 0 cache flushes
    ALBEDO stage 0 taken raw (no shader reflection) 0/frame
    ALBEDO: constant-only 7/frame, tinted fallback 0/frame, genuinely blank 0/frame (of 7 rank-0 draws/frame)
    ALBEDO WHITE (previously uncounted): named-but-not-bound 0/frame, render-target exclusion left nothing 0/frame | colourless passes now hidden 11/frame | screen-space passes hidden 0/frame | particle billboards hidden 1/frame
    SKIPPED entirely 0/frame (mode 3) | demoted to UI overlay 0/frame | no-albedo materials left to Remix 7/frame
    MARKED with the marker texture 473/frame (refused as unsafe 0/frame, 1164 SetTexture calls/frame, marker created)
    albedo: moved off stage 0 54/frame, blanked 7/frame, restored from mesh cache 62/frame (785 meshes cached, 0 flushes) | RT textures known 55 | lights 11.9/frame (24 shaders)
    camera 179.7 9.9 167.8 | distinct cameras this frame 1 (max 1) | transform writes 129/frame | redundant state calls dropped 4187/frame
    world matrix changes 129/frame | objTM used without a fresh upload 0/frame | uv matrix writes 4/frame (last scale 0.00098, 0.00098)
    TIMING: frame 21.7 ms avg (46 fps), worst 264 ms | shim 2.79 ms avg (12.9% of frame), worst 19.8 ms
    TIMING tail: 41 frames >=33 ms, 3 >=100 ms in this window of 600 | inside real Present 11.07 ms avg, worst 71.5 ms | our other hooks 0.00 ms avg
    converted -> target 14F41578 1280x720 fmt=34 : 7 draws/frame
    converted -> target 14F48908 1280x720 fmt=113 : 177 draws/frame
    converted -> target 14F427E0 1280x720 fmt=113 : 8 draws/frame
    converted -> target 14F426E8 1280x720 fmt=21 : 0 draws/frame
HITCH frame 2487: 40.6 ms = present 0.2 + our-present 0.0 + draws 20.7 + other-hooks 0.0 + game/bridge 19.6 | draws 3609 | new shaders 0 textures 0
HITCH frame 2488: 41.8 ms = present 0.2 + our-present 0.1 + draws 20.2 + other-hooks 0.0 + game/bridge 21.3 | draws 3610 | new shaders 0 textures 0
HITCH frame 2766: 41.2 ms = present 0.2 + our-present 0.0 + draws 18.2 + other-hooks 0.0 + game/bridge 22.8 | draws 5988 | new shaders 0 textures 0
HITCH frame 2772: 41.8 ms = present 0.2 + our-present 0.0 + draws 16.4 + other-hooks 0.0 + game/bridge 25.2 | draws 6860 | new shaders 0 textures 0
HITCH frame 2773: 40.7 ms = present 0.4 + our-present 0.0 + draws 15.3 + other-hooks 0.0 + game/bridge 24.9 | draws 7110 | new shaders 0 textures 0
HITCH frame 2774: 45.4 ms = present 0.3 + our-present 0.0 + draws 18.1 + other-hooks 0.0 + game/bridge 27.0 | draws 7242 | new shaders 0 textures 0
HITCH frame 2775: 40.6 ms = present 0.3 + our-present 0.0 + draws 16.1 + other-hooks 0.0 + game/bridge 24.2 | draws 7288 | new shaders 0 textures 0
HITCH frame 2776: 43.8 ms = present 0.2 + our-present 0.0 + draws 18.1 + other-hooks 0.0 + game/bridge 25.4 | draws 7422 | new shaders 0 textures 0
HITCH frame 2777: 46.7 ms = present 0.3 + our-present 0.0 + draws 17.5 + other-hooks 0.0 + game/bridge 28.9 | draws 7729 | new shaders 0 textures 0
HITCH frame 2778: 46.4 ms = present 0.3 + our-present 0.0 + draws 18.2 + other-hooks 0.0 + game/bridge 27.9 | draws 7973 | new shaders 0 textures 0
HITCH frame 2779: 49.0 ms = present 0.3 + our-present 0.0 + draws 19.1 + other-hooks 0.0 + game/bridge 29.5 | draws 8020 | new shaders 0 textures 0
HITCH frame 2780: 48.9 ms = present 0.3 + our-present 0.0 + draws 19.5 + other-hooks 0.0 + game/bridge 29.1 | draws 7812 | new shaders 0 textures 0
HITCH frame 2781: 46.8 ms = present 0.3 + our-present 0.0 + draws 18.6 + other-hooks 0.0 + game/bridge 27.9 | draws 7716 | new shaders 0 textures 0
HITCH frame 2782: 47.9 ms = present 0.3 + our-present 0.0 + draws 19.2 + other-hooks 0.0 + game/bridge 28.4 | draws 7669 | new shaders 0 textures 0
HITCH frame 2783: 45.2 ms = present 0.3 + our-present 0.0 + draws 18.1 + other-hooks 0.0 + game/bridge 26.8 | draws 7528 | new shaders 0 textures 0
HITCH frame 2784: 44.3 ms = present 0.3 + our-present 0.0 + draws 18.4 + other-hooks 0.0 + game/bridge 25.6 | draws 7460 | new shaders 0 textures 0
HITCH frame 2785: 45.8 ms = present 0.3 + our-present 0.0 + draws 19.1 + other-hooks 0.0 + game/bridge 26.4 | draws 7542 | new shaders 0 textures 0
HITCH frame 2786: 44.7 ms = present 0.3 + our-present 0.0 + draws 18.0 + other-hooks 0.0 + game/bridge 26.4 | draws 7544 | new shaders 0 textures 0
HITCH frame 2787: 46.6 ms = present 0.4 + our-present 0.0 + draws 18.5 + other-hooks 0.0 + game/bridge 27.8 | draws 7537 | new shaders 0 textures 0
HITCH frame 2788: 47.3 ms = present 0.4 + our-present 0.0 + draws 18.9 + other-hooks 0.0 + game/bridge 27.9 | draws 7516 | new shaders 0 textures 0
HITCH frame 2789: 46.9 ms = present 0.3 + our-present 0.0 + draws 19.3 + other-hooks 0.0 + game/bridge 27.2 | draws 7503 | new shaders 0 textures 0
HITCH frame 2790: 46.3 ms = present 0.3 + our-present 0.0 + draws 18.3 + other-hooks 0.0 + game/bridge 27.7 | draws 7509 | new shaders 0 textures 0
HITCH frame 2791: 47.2 ms = present 0.3 + our-present 0.0 + draws 19.2 + other-hooks 0.0 + game/bridge 27.7 | draws 7522 | new shaders 0 textures 6
HITCH frame 2792: 48.2 ms = present 0.3 + our-present 0.0 + draws 18.8 + other-hooks 0.0 + game/bridge 29.1 | draws 7526 | new shaders 0 textures 0
HITCH frame 2793: 45.9 ms = present 0.3 + our-present 0.0 + draws 18.2 + other-hooks 0.0 + game/bridge 27.4 | draws 7467 | new shaders 0 textures 0
HITCH frame 2794: 46.0 ms = present 0.3 + our-present 0.0 + draws 18.5 + other-hooks 0.0 + game/bridge 27.2 | draws 7204 | new shaders 0 textures 0
HITCH frame 2795: 45.7 ms = present 0.3 + our-present 0.0 + draws 19.0 + other-hooks 0.0 + game/bridge 26.4 | draws 6571 | new shaders 0 textures 0
HITCH frame 2796: 47.4 ms = present 0.3 + our-present 0.0 + draws 21.0 + other-hooks 0.0 + game/bridge 26.1 | draws 6358 | new shaders 0 textures 0
HITCH frame 2797: 45.0 ms = present 0.3 + our-present 0.0 + draws 17.5 + other-hooks 0.0 + game/bridge 27.2 | draws 5702 | new shaders 0 textures 0
HITCH frame 2798: 41.3 ms = present 0.4 + our-present 0.0 + draws 16.8 + other-hooks 0.0 + game/bridge 24.2 | draws 5229 | new shaders 0 textures 0
frame 3000 | draws 1134/frame | FFP converted 323/frame (28.5%)
    not converted: screen-space 33  skinned 0  ortho 0  vertex-format 14  untextured 490  instanced 0  mirrored 0  other-camera 151  no camera 0  other 0 (per frame)
    prepasses hidden: sampler-less 490/frame, stipple-with-no-colour 76/frame (these used to convert WHITE) | post/composite quads marked 33/frame
    constant-colour materials (no diffuse map, albedo from the shader's own constant) 14/frame | HUD quads demoted to UI 0/frame | back-buffer clears 0/frame | sky draws 26/frame | UI-pass draws converted 0/frame
    instancing: 403 converted from the instance stream/frame, 0 refused/frame (largest single draw 1 instances, 0.4 buffer writes snooped/frame)
    SKINNING: 27 skinned/frame, 9 refused/frame, 2 exact duplicates dropped/frame | 46 meshes decoded, 46 cached, 0 cache flushes
    ALBEDO stage 0 taken raw (no shader reflection) 0/frame
    ALBEDO: constant-only 14/frame, tinted fallback 0/frame, genuinely blank 0/frame (of 14 rank-0 draws/frame)
    ALBEDO WHITE (previously uncounted): named-but-not-bound 0/frame, render-target exclusion left nothing 0/frame | colourless passes now hidden 17/frame | screen-space passes hidden 0/frame | particle billboards hidden 3/frame
    SKIPPED entirely 0/frame (mode 3) | demoted to UI overlay 0/frame | no-albedo materials left to Remix 14/frame
    MARKED with the marker texture 772/frame (refused as unsafe 0/frame, 1934 SetTexture calls/frame, marker created)
    albedo: moved off stage 0 71/frame, blanked 14/frame, restored from mesh cache 112/frame (2160 meshes cached, 0 flushes) | RT textures known 55 | lights 21.3/frame (24 shaders)
    camera 189.9 4.8 166.2 | distinct cameras this frame 1 (max 1) | transform writes 220/frame | redundant state calls dropped 6772/frame
    world matrix changes 219/frame | objTM used without a fresh upload 0/frame | uv matrix writes 6/frame (last scale 0.00098, 0.00098)
    TIMING: frame 22.5 ms avg (45 fps), worst 49 ms | shim 4.34 ms avg (19.3% of frame), worst 21.0 ms
    TIMING tail: 61 frames >=33 ms, 0 >=100 ms in this window of 600 | inside real Present 8.90 ms avg, worst 4.8 ms | our other hooks 0.00 ms avg
    converted -> target 14F41578 1280x720 fmt=34 : 14 draws/frame
    converted -> target 14F48908 1280x720 fmt=113 : 290 draws/frame
    converted -> target 14F427E0 1280x720 fmt=113 : 8 draws/frame
    converted -> target 14F426E8 1280x720 fmt=21 : 0 draws/frame
HITCH frame 3072: 40.4 ms = present 0.2 + our-present 0.0 + draws 15.8 + other-hooks 0.0 + game/bridge 24.3 | draws 3968 | new shaders 0 textures 0
HITCH frame 3161: 49.5 ms = present 0.2 + our-present 0.0 + draws 12.0 + other-hooks 0.0 + game/bridge 37.3 | draws 4221 | new shaders 0 textures 0
frame 3600 | draws 1586/frame | FFP converted 470/frame (29.6%)
    not converted: screen-space 43  skinned 0  ortho 0  vertex-format 14  untextured 696  instanced 0  mirrored 0  other-camera 213  no camera 0  other 0 (per frame)
    prepasses hidden: sampler-less 696/frame, stipple-with-no-colour 89/frame (these used to convert WHITE) | post/composite quads marked 43/frame
    constant-colour materials (no diffuse map, albedo from the shader's own constant) 31/frame | HUD quads demoted to UI 0/frame | back-buffer clears 0/frame | sky draws 36/frame | UI-pass draws converted 0/frame
    instancing: 599 converted from the instance stream/frame, 0 refused/frame (largest single draw 1 instances, 0.5 buffer writes snooped/frame)
    SKINNING: 32 skinned/frame, 13 refused/frame, 2 exact duplicates dropped/frame | 46 meshes decoded, 46 cached, 0 cache flushes
    ALBEDO stage 0 taken raw (no shader reflection) 0/frame
    ALBEDO: constant-only 31/frame, tinted fallback 0/frame, genuinely blank 0/frame (of 31 rank-0 draws/frame)
    ALBEDO WHITE (previously uncounted): named-but-not-bound 0/frame, render-target exclusion left nothing 0/frame | colourless passes now hidden 23/frame | screen-space passes hidden 0/frame | particle billboards hidden 4/frame
    SKIPPED entirely 0/frame (mode 3) | demoted to UI overlay 0/frame | no-albedo materials left to Remix 31/frame
    MARKED with the marker texture 1070/frame (refused as unsafe 0/frame, 2654 SetTexture calls/frame, marker created)
    albedo: moved off stage 0 87/frame, blanked 31/frame, restored from mesh cache 173/frame (2184 meshes cached, 0 flushes) | RT textures known 55 | lights 28.4/frame (24 shaders)
    camera 176.4 8.1 153.9 | distinct cameras this frame 1 (max 1) | transform writes 330/frame | redundant state calls dropped 9839/frame
    world matrix changes 329/frame | objTM used without a fresh upload 0/frame | uv matrix writes 8/frame (last scale 0.00098, 0.00098)
    TIMING: frame 23.6 ms avg (42 fps), worst 50 ms | shim 5.61 ms avg (23.8% of frame), worst 15.8 ms
    TIMING tail: 17 frames >=33 ms, 0 >=100 ms in this window of 600 | inside real Present 7.45 ms avg, worst 0.5 ms | our other hooks 0.00 ms avg
    converted -> target 14F41578 1280x720 fmt=34 : 21 draws/frame
    converted -> target 14F48908 1280x720 fmt=113 : 425 draws/frame
    converted -> target 14F427E0 1280x720 fmt=113 : 8 draws/frame
    converted -> target 14F426E8 1280x720 fmt=21 : 1 draws/frame
HITCH frame 3710: 47.4 ms = present 0.2 + our-present 0.0 + draws 29.4 + other-hooks 0.0 + game/bridge 17.7 | draws 4071 | new shaders 0 textures 0
frame dump written to sr3-rtx-frame.log (4071 draws)
HITCH frame 3722: 40.9 ms = present 1.9 + our-present 0.0 + draws 23.2 + other-hooks 0.0 + game/bridge 15.8 | draws 3873 | new shaders 0 textures 0
HITCH frame 3729: 43.6 ms = present 0.2 + our-present 0.0 + draws 22.7 + other-hooks 0.0 + game/bridge 20.7 | draws 4531 | new shaders 0 textures 0
HITCH frame 3730: 47.6 ms = present 0.3 + our-present 0.1 + draws 26.2 + other-hooks 0.0 + game/bridge 21.0 | draws 4629 | new shaders 0 textures 0
HITCH frame 3731: 43.7 ms = present 0.2 + our-present 0.0 + draws 24.0 + other-hooks 0.0 + game/bridge 19.5 | draws 4824 | new shaders 0 textures 0
HITCH frame 3732: 45.5 ms = present 0.2 + our-present 0.0 + draws 24.9 + other-hooks 0.0 + game/bridge 20.3 | draws 4765 | new shaders 0 textures 0
HITCH frame 3733: 46.8 ms = present 0.2 + our-present 0.0 + draws 24.7 + other-hooks 0.0 + game/bridge 21.8 | draws 4771 | new shaders 0 textures 6
HITCH frame 3734: 44.1 ms = present 0.3 + our-present 0.0 + draws 23.5 + other-hooks 0.0 + game/bridge 20.3 | draws 4752 | new shaders 0 textures 0
frame 4200 | draws 1834/frame | FFP converted 542/frame (29.5%)
    not converted: screen-space 51  skinned 0  ortho 0  vertex-format 17  untextured 807  instanced 0  mirrored 0  other-camera 233  no camera 0  other 0 (per frame)
    prepasses hidden: sampler-less 807/frame, stipple-with-no-colour 113/frame (these used to convert WHITE) | post/composite quads marked 51/frame
    constant-colour materials (no diffuse map, albedo from the shader's own constant) 30/frame | HUD quads demoted to UI 0/frame | back-buffer clears 1/frame | sky draws 40/frame | UI-pass draws converted 0/frame
    instancing: 653 converted from the instance stream/frame, 0 refused/frame (largest single draw 1 instances, 0.5 buffer writes snooped/frame)
    SKINNING: 42 skinned/frame, 23 refused/frame, 4 exact duplicates dropped/frame | 60 meshes decoded, 60 cached, 0 cache flushes
    ALBEDO stage 0 taken raw (no shader reflection) 0/frame
    ALBEDO: constant-only 30/frame, tinted fallback 0/frame, genuinely blank 0/frame (of 31 rank-0 draws/frame)
    ALBEDO WHITE (previously uncounted): named-but-not-bound 0/frame, render-target exclusion left nothing 0/frame | colourless passes now hidden 28/frame | screen-space passes hidden 0/frame | particle billboards hidden 4/frame
    SKIPPED entirely 0/frame (mode 3) | demoted to UI overlay 0/frame | no-albedo materials left to Remix 31/frame
    MARKED with the marker texture 1240/frame (refused as unsafe 0/frame, 3093 SetTexture calls/frame, marker created)
    albedo: moved off stage 0 106/frame, blanked 30/frame, restored from mesh cache 196/frame (2439 meshes cached, 0 flushes) | RT textures known 55 | lights 34.5/frame (24 shaders)
    camera 155.2 11.6 203.0 | distinct cameras this frame 1 (max 1) | transform writes 368/frame | redundant state calls dropped 11351/frame
    world matrix changes 367/frame | objTM used without a fresh upload 0/frame | uv matrix writes 11/frame (last scale 0.00098, 0.00098)
    TIMING: frame 24.8 ms avg (40 fps), worst 73 ms | shim 6.95 ms avg (28.0% of frame), worst 29.7 ms
    TIMING tail: 275 frames >=33 ms, 0 >=100 ms in this window of 600 | inside real Present 6.42 ms avg, worst 13.6 ms | our other hooks 0.00 ms avg
    converted -> target 14F41578 1280x720 fmt=34 : 24 draws/frame
    converted -> target 14F48908 1280x720 fmt=113 : 476 draws/frame
    converted -> target 14F427E0 1280x720 fmt=113 : 14 draws/frame
    converted -> target 14F426E8 1280x720 fmt=21 : 1 draws/frame
frame 4800 | draws 2048/frame | FFP converted 608/frame (29.7%)
    not converted: screen-space 60  skinned 0  ortho 0  vertex-format 16  untextured 901  instanced 0  mirrored 0  other-camera 242  no camera 0  other 0 (per frame)
    prepasses hidden: sampler-less 901/frame, stipple-with-no-colour 136/frame (these used to convert WHITE) | post/composite quads marked 60/frame
    constant-colour materials (no diffuse map, albedo from the shader's own constant) 29/frame | HUD quads demoted to UI 0/frame | back-buffer clears 1/frame | sky draws 42/frame | UI-pass draws converted 0/frame
    instancing: 689 converted from the instance stream/frame, 0 refused/frame (largest single draw 1 instances, 0.6 buffer writes snooped/frame)
    SKINNING: 53 skinned/frame, 30 refused/frame, 7 exact duplicates dropped/frame | 72 meshes decoded, 72 cached, 0 cache flushes
    ALBEDO stage 0 taken raw (no shader reflection) 0/frame
    ALBEDO: constant-only 29/frame, tinted fallback 0/frame, genuinely blank 0/frame (of 29 rank-0 draws/frame)
    ALBEDO WHITE (previously uncounted): named-but-not-bound 0/frame, render-target exclusion left nothing 0/frame | colourless passes now hidden 38/frame | screen-space passes hidden 0/frame | particle billboards hidden 4/frame
    SKIPPED entirely 0/frame (mode 3) | demoted to UI overlay 0/frame | no-albedo materials left to Remix 29/frame
    MARKED with the marker texture 1388/frame (refused as unsafe 0/frame, 3499 SetTexture calls/frame, marker created)
    albedo: moved off stage 0 129/frame, blanked 29/frame, restored from mesh cache 213/frame (2962 meshes cached, 0 flushes) | RT textures known 55 | lights 42.2/frame (24 shaders)
    camera 68.7 11.3 231.1 | distinct cameras this frame 1 (max 1) | transform writes 404/frame | redundant state calls dropped 12742/frame
    world matrix changes 403/frame | objTM used without a fresh upload 0/frame | uv matrix writes 13/frame (last scale 0.00098, 0.00098)
    TIMING: frame 25.7 ms avg (39 fps), worst 49 ms | shim 8.39 ms avg (32.7% of frame), worst 29.1 ms
    TIMING tail: 156 frames >=33 ms, 0 >=100 ms in this window of 600 | inside real Present 5.65 ms avg, worst 2.2 ms | our other hooks 0.00 ms avg
    converted -> target 14F41578 1280x720 fmt=34 : 26 draws/frame
    converted -> target 14F48908 1280x720 fmt=113 : 525 draws/frame
    converted -> target 14F427E0 1280x720 fmt=113 : 21 draws/frame
    converted -> target 14F426E8 1280x720 fmt=21 : 1 draws/frame
frame 5400 | draws 2181/frame | FFP converted 651/frame (29.9%)
    not converted: screen-space 67  skinned 0  ortho 0  vertex-format 17  untextured 960  instanced 0  mirrored 0  other-camera 240  no camera 0  other 0 (per frame)
    prepasses hidden: sampler-less 960/frame, stipple-with-no-colour 153/frame (these used to convert WHITE) | post/composite quads marked 67/frame
    constant-colour materials (no diffuse map, albedo from the shader's own constant) 29/frame | HUD quads demoted to UI 0/frame | back-buffer clears 1/frame | sky draws 44/frame | UI-pass draws converted 0/frame
    instancing: 704 converted from the instance stream/frame, 0 refused/frame (largest single draw 1 instances, 0.6 buffer writes snooped/frame)
    SKINNING: 62 skinned/frame, 36 refused/frame, 8 exact duplicates dropped/frame | 74 meshes decoded, 74 cached, 0 cache flushes
    ALBEDO stage 0 taken raw (no shader reflection) 0/frame
    ALBEDO: constant-only 29/frame, tinted fallback 0/frame, genuinely blank 0/frame (of 29 rank-0 draws/frame)
    ALBEDO WHITE (previously uncounted): named-but-not-bound 0/frame, render-target exclusion left nothing 0/frame | colourless passes now hidden 44/frame | screen-space passes hidden 0/frame | particle billboards hidden 4/frame
    SKIPPED entirely 0/frame (mode 3) | demoted to UI overlay 0/frame | no-albedo materials left to Remix 29/frame
    MARKED with the marker texture 1476/frame (refused as unsafe 0/frame, 3760 SetTexture calls/frame, marker created)
    albedo: moved off stage 0 144/frame, blanked 29/frame, restored from mesh cache 226/frame (3170 meshes cached, 0 flushes) | RT textures known 55 | lights 48.1/frame (24 shaders)
    camera 249.8 11.4 234.7 | distinct cameras this frame 1 (max 1) | transform writes 425/frame | redundant state calls dropped 13641/frame
    world matrix changes 423/frame | objTM used without a fresh upload 0/frame | uv matrix writes 15/frame (last scale 0.00098, 0.00098)
    TIMING: frame 25.9 ms avg (39 fps), worst 44 ms | shim 9.42 ms avg (36.4% of frame), worst 24.0 ms
    TIMING tail: 8 frames >=33 ms, 0 >=100 ms in this window of 600 | inside real Present 5.04 ms avg, worst 6.7 ms | our other hooks 0.00 ms avg
    converted -> target 14F41578 1280x720 fmt=34 : 27 draws/frame
    converted -> target 14F48908 1280x720 fmt=113 : 556 draws/frame
    converted -> target 14F427E0 1280x720 fmt=113 : 23 draws/frame
    converted -> target 14F426E8 1280x720 fmt=21 : 1 draws/frame
frame 6000 | draws 2276/frame | FFP converted 677/frame (29.7%)
    not converted: screen-space 74  skinned 0  ortho 0  vertex-format 18  untextured 997  instanced 0  mirrored 0  other-camera 245  no camera 0  other 0 (per frame)
    prepasses hidden: sampler-less 997/frame, stipple-with-no-colour 167/frame (these used to convert WHITE) | post/composite quads marked 74/frame
    constant-colour materials (no diffuse map, albedo from the shader's own constant) 27/frame | HUD quads demoted to UI 0/frame | back-buffer clears 1/frame | sky draws 45/frame | UI-pass draws converted 0/frame
    instancing: 719 converted from the instance stream/frame, 0 refused/frame (largest single draw 1 instances, 0.7 buffer writes snooped/frame)
    SKINNING: 69 skinned/frame, 38 refused/frame, 8 exact duplicates dropped/frame | 76 meshes decoded, 76 cached, 0 cache flushes
    ALBEDO stage 0 taken raw (no shader reflection) 0/frame
    ALBEDO: constant-only 27/frame, tinted fallback 0/frame, genuinely blank 0/frame (of 28 rank-0 draws/frame)
    ALBEDO WHITE (previously uncounted): named-but-not-bound 0/frame, render-target exclusion left nothing 0/frame | colourless passes now hidden 49/frame | screen-space passes hidden 0/frame | particle billboards hidden 5/frame
    SKIPPED entirely 0/frame (mode 3) | demoted to UI overlay 0/frame | no-albedo materials left to Remix 28/frame
    MARKED with the marker texture 1545/frame (refused as unsafe 0/frame, 3973 SetTexture calls/frame, marker created)
    albedo: moved off stage 0 159/frame, blanked 27/frame, restored from mesh cache 233/frame (3350 meshes cached, 0 flushes) | RT textures known 55 | lights 53.5/frame (24 shaders)
    camera 202.4 11.3 255.0 | distinct cameras this frame 1 (max 1) | transform writes 434/frame | redundant state calls dropped 14177/frame
    world matrix changes 433/frame | objTM used without a fresh upload 0/frame | uv matrix writes 15/frame (last scale 0.00098, 0.00098)
    TIMING: frame 26.0 ms avg (39 fps), worst 63 ms | shim 10.22 ms avg (39.4% of frame), worst 28.9 ms
    TIMING tail: 65 frames >=33 ms, 0 >=100 ms in this window of 600 | inside real Present 4.56 ms avg, worst 19.1 ms | our other hooks 0.00 ms avg
    converted -> target 14F41578 1280x720 fmt=34 : 27 draws/frame
    converted -> target 14F48908 1280x720 fmt=113 : 577 draws/frame
    converted -> target 14F427E0 1280x720 fmt=113 : 26 draws/frame
    converted -> target 14F426E8 1280x720 fmt=21 : 0 draws/frame
frame 6600 | draws 2270/frame | FFP converted 671/frame (29.6%)
    not converted: screen-space 75  skinned 0  ortho 0  vertex-format 17  untextured 985  instanced 0  mirrored 0  other-camera 251  no camera 0  other 0 (per frame)
    prepasses hidden: sampler-less 985/frame, stipple-with-no-colour 170/frame (these used to convert WHITE) | post/composite quads marked 75/frame
    constant-colour materials (no diffuse map, albedo from the shader's own constant) 26/frame | HUD quads demoted to UI 0/frame | back-buffer clears 1/frame | sky draws 45/frame | UI-pass draws converted 0/frame
    instancing: 724 converted from the instance stream/frame, 0 refused/frame (largest single draw 1 instances, 0.7 buffer writes snooped/frame)
    SKINNING: 69 skinned/frame, 35 refused/frame, 8 exact duplicates dropped/frame | 76 meshes decoded, 76 cached, 0 cache flushes
    ALBEDO stage 0 taken raw (no shader reflection) 0/frame
    ALBEDO: constant-only 26/frame, tinted fallback 0/frame, genuinely blank 0/frame (of 26 rank-0 draws/frame)
    ALBEDO WHITE (previously uncounted): named-but-not-bound 0/frame, render-target exclusion left nothing 0/frame | colourless passes now hidden 50/frame | screen-space passes hidden 0/frame | particle billboards hidden 5/frame
    SKIPPED entirely 0/frame (mode 3) | demoted to UI overlay 0/frame | no-albedo materials left to Remix 26/frame
    MARKED with the marker texture 1545/frame (refused as unsafe 0/frame, 3989 SetTexture calls/frame, marker created)
    albedo: moved off stage 0 163/frame, blanked 26/frame, restored from mesh cache 233/frame (3474 meshes cached, 0 flushes) | RT textures known 55 | lights 54.1/frame (24 shaders)
    camera 181.3 11.3 34.9 | distinct cameras this frame 1 (max 1) | transform writes 432/frame | redundant state calls dropped 14062/frame
    world matrix changes 430/frame | objTM used without a fresh upload 0/frame | uv matrix writes 15/frame (last scale 0.00098, 0.00098)
    TIMING: frame 25.2 ms avg (40 fps), worst 45 ms | shim 10.27 ms avg (40.7% of frame), worst 18.6 ms
    TIMING tail: 1 frames >=33 ms, 0 >=100 ms in this window of 600 | inside real Present 4.20 ms avg, worst 3.5 ms | our other hooks 0.00 ms avg
    converted -> target 14F41578 1280x720 fmt=34 : 27 draws/frame
    converted -> target 14F48908 1280x720 fmt=113 : 577 draws/frame
    converted -> target 14F427E0 1280x720 fmt=113 : 24 draws/frame
    converted -> target 14F426E8 1280x720 fmt=21 : 0 draws/frame
frame 7200 | draws 2314/frame | FFP converted 680/frame (29.4%)
    not converted: screen-space 77  skinned 0  ortho 0  vertex-format 18  untextured 1002  instanced 0  mirrored 0  other-camera 259  no camera 0  other 0 (per frame)
    prepasses hidden: sampler-less 1002/frame, stipple-with-no-colour 176/frame (these used to convert WHITE) | post/composite quads marked 77/frame
    constant-colour materials (no diffuse map, albedo from the shader's own constant) 24/frame | HUD quads demoted to UI 0/frame | back-buffer clears 1/frame | sky draws 46/frame | UI-pass draws converted 0/frame
    instancing: 741 converted from the instance stream/frame, 0 refused/frame (largest single draw 1 instances, 0.7 buffer writes snooped/frame)
    SKINNING: 69 skinned/frame, 34 refused/frame, 8 exact duplicates dropped/frame | 82 meshes decoded, 82 cached, 0 cache flushes
    ALBEDO stage 0 taken raw (no shader reflection) 0/frame
    ALBEDO: constant-only 24/frame, tinted fallback 0/frame, genuinely blank 0/frame (of 25 rank-0 draws/frame)
    ALBEDO WHITE (previously uncounted): named-but-not-bound 0/frame, render-target exclusion left nothing 0/frame | colourless passes now hidden 51/frame | screen-space passes hidden 0/frame | particle billboards hidden 5/frame
    SKIPPED entirely 0/frame (mode 3) | demoted to UI overlay 0/frame | no-albedo materials left to Remix 25/frame
    MARKED with the marker texture 1578/frame (refused as unsafe 0/frame, 4076 SetTexture calls/frame, marker created)
    albedo: moved off stage 0 170/frame, blanked 24/frame, restored from mesh cache 235/frame (3806 meshes cached, 0 flushes) | RT textures known 55 | lights 55.2/frame (24 shaders)
    camera 148.2 12.5 51.2 | distinct cameras this frame 1 (max 1) | transform writes 439/frame | redundant state calls dropped 14246/frame
    world matrix changes 437/frame | objTM used without a fresh upload 0/frame | uv matrix writes 15/frame (last scale 0.00098, 0.00098)
    TIMING: frame 24.8 ms avg (40 fps), worst 53 ms | shim 10.32 ms avg (41.6% of frame), worst 19.6 ms
    TIMING tail: 2 frames >=33 ms, 0 >=100 ms in this window of 600 | inside real Present 4.02 ms avg, worst 21.4 ms | our other hooks 0.00 ms avg
    converted -> target 14F41578 1280x720 fmt=34 : 26 draws/frame
    converted -> target 14F48908 1280x720 fmt=113 : 588 draws/frame
    converted -> target 14F427E0 1280x720 fmt=113 : 24 draws/frame
    converted -> target 14F426E8 1280x720 fmt=21 : 0 draws/frame
frame 7800 | draws 2383/frame | FFP converted 699/frame (29.3%)
    not converted: screen-space 78  skinned 0  ortho 0  vertex-format 17  untextured 1032  instanced 0  mirrored 0  other-camera 272  no camera 0  other 0 (per frame)
    prepasses hidden: sampler-less 1032/frame, stipple-with-no-colour 183/frame (these used to convert WHITE) | post/composite quads marked 78/frame
    constant-colour materials (no diffuse map, albedo from the shader's own constant) 25/frame | HUD quads demoted to UI 0/frame | back-buffer clears 1/frame | sky draws 46/frame | UI-pass draws converted 0/frame
    instancing: 763 converted from the instance stream/frame, 0 refused/frame (largest single draw 1 instances, 0.8 buffer writes snooped/frame)
    SKINNING: 72 skinned/frame, 36 refused/frame, 8 exact duplicates dropped/frame | 88 meshes decoded, 88 cached, 0 cache flushes
    ALBEDO stage 0 taken raw (no shader reflection) 0/frame
    ALBEDO: constant-only 25/frame, tinted fallback 0/frame, genuinely blank 0/frame (of 25 rank-0 draws/frame)
    ALBEDO WHITE (previously uncounted): named-but-not-bound 0/frame, render-target exclusion left nothing 0/frame | colourless passes now hidden 51/frame | screen-space passes hidden 0/frame | particle billboards hidden 5/frame
    SKIPPED entirely 0/frame (mode 3) | demoted to UI overlay 0/frame | no-albedo materials left to Remix 25/frame
    MARKED with the marker texture 1629/frame (refused as unsafe 0/frame, 4189 SetTexture calls/frame, marker created)
    albedo: moved off stage 0 174/frame, blanked 25/frame, restored from mesh cache 238/frame (4041 meshes cached, 0 flushes) | RT textures known 55 | lights 55.7/frame (24 shaders)
    camera 183.0 11.5 81.7 | distinct cameras this frame 1 (max 1) | transform writes 447/frame | redundant state calls dropped 14652/frame
    world matrix changes 446/frame | objTM used without a fresh upload 0/frame | uv matrix writes 16/frame (last scale 0.00098, 0.00098)
    TIMING: frame 24.8 ms avg (40 fps), worst 35 ms | shim 10.70 ms avg (43.2% of frame), worst 22.8 ms
    TIMING tail: 20 frames >=33 ms, 0 >=100 ms in this window of 600 | inside real Present 3.73 ms avg, worst 4.2 ms | our other hooks 0.00 ms avg
    converted -> target 14F41578 1280x720 fmt=34 : 26 draws/frame
    converted -> target 14F48908 1280x720 fmt=113 : 603 draws/frame
    converted -> target 14F427E0 1280x720 fmt=113 : 26 draws/frame
    converted -> target 14F426E8 1280x720 fmt=21 : 0 draws/frame
mesh albedo cache flushed at 4096 entries (flush #1) - it had stopped protecting anything newly streamed
frame 8400 | draws 2533/frame | FFP converted 744/frame (29.4%)
    not converted: screen-space 79  skinned 0  ortho 0  vertex-format 19  untextured 1098  instanced 0  mirrored 0  other-camera 298  no camera 0  other 0 (per frame)
    prepasses hidden: sampler-less 1098/frame, stipple-with-no-colour 193/frame (these used to convert WHITE) | post/composite quads marked 79/frame
    constant-colour materials (no diffuse map, albedo from the shader's own constant) 29/frame | HUD quads demoted to UI 0/frame | back-buffer clears 1/frame | sky draws 46/frame | UI-pass draws converted 0/frame
    instancing: 816 converted from the instance stream/frame, 0 refused/frame (largest single draw 1 instances, 0.8 buffer writes snooped/frame)
    SKINNING: 78 skinned/frame, 39 refused/frame, 9 exact duplicates dropped/frame | 92 meshes decoded, 92 cached, 0 cache flushes
    ALBEDO stage 0 taken raw (no shader reflection) 0/frame
    ALBEDO: constant-only 29/frame, tinted fallback 0/frame, genuinely blank 0/frame (of 29 rank-0 draws/frame)
    ALBEDO WHITE (previously uncounted): named-but-not-bound 0/frame, render-target exclusion left nothing 0/frame | colourless passes now hidden 50/frame | screen-space passes hidden 0/frame | particle billboards hidden 6/frame
    SKIPPED entirely 0/frame (mode 3) | demoted to UI overlay 0/frame | no-albedo materials left to Remix 29/frame
    MARKED with the marker texture 1732/frame (refused as unsafe 0/frame, 4408 SetTexture calls/frame, marker created)
    albedo: moved off stage 0 179/frame, blanked 29/frame, restored from mesh cache 250/frame (994 meshes cached, 1 flushes) | RT textures known 55 | lights 56.3/frame (24 shaders)
    camera 16.0 11.5 85.3 | distinct cameras this frame 1 (max 1) | transform writes 474/frame | redundant state calls dropped 15596/frame
    world matrix changes 473/frame | objTM used without a fresh upload 0/frame | uv matrix writes 17/frame (last scale 0.00098, 0.00098)
    TIMING: frame 25.5 ms avg (39 fps), worst 58 ms | shim 11.52 ms avg (45.2% of frame), worst 30.2 ms
    TIMING tail: 410 frames >=33 ms, 0 >=100 ms in this window of 600 | inside real Present 3.48 ms avg, worst 9.2 ms | our other hooks 0.00 ms avg
    converted -> target 14F41578 1280x720 fmt=34 : 28 draws/frame
    converted -> target 14F48908 1280x720 fmt=113 : 637 draws/frame
    converted -> target 14F427E0 1280x720 fmt=113 : 30 draws/frame
    converted -> target 14F426E8 1280x720 fmt=21 : 1 draws/frame
frame 9000 | draws 2619/frame | FFP converted 771/frame (29.4%)
    not converted: screen-space 81  skinned 0  ortho 0  vertex-format 20  untextured 1141  instanced 0  mirrored 0  other-camera 304  no camera 0  other 0 (per frame)
    prepasses hidden: sampler-less 1141/frame, stipple-with-no-colour 198/frame (these used to convert WHITE) | post/composite quads marked 81/frame
    constant-colour materials (no diffuse map, albedo from the shader's own constant) 30/frame | HUD quads demoted to UI 0/frame | back-buffer clears 1/frame | sky draws 47/frame | UI-pass draws converted 0/frame
    instancing: 836 converted from the instance stream/frame, 0 refused/frame (largest single draw 1 instances, 0.8 buffer writes snooped/frame)
    SKINNING: 81 skinned/frame, 41 refused/frame, 9 exact duplicates dropped/frame | 94 meshes decoded, 94 cached, 0 cache flushes
    ALBEDO stage 0 taken raw (no shader reflection) 0/frame
    ALBEDO: constant-only 30/frame, tinted fallback 0/frame, genuinely blank 0/frame (of 30 rank-0 draws/frame)
    ALBEDO WHITE (previously uncounted): named-but-not-bound 0/frame, render-target exclusion left nothing 0/frame | colourless passes now hidden 51/frame | screen-space passes hidden 0/frame | particle billboards hidden 5/frame
    SKIPPED entirely 0/frame (mode 3) | demoted to UI overlay 0/frame | no-albedo materials left to Remix 30/frame
    MARKED with the marker texture 1790/frame (refused as unsafe 0/frame, 4552 SetTexture calls/frame, marker created)
    albedo: moved off stage 0 184/frame, blanked 30/frame, restored from mesh cache 259/frame (1676 meshes cached, 1 flushes) | RT textures known 55 | lights 58.3/frame (24 shaders)
    camera 233.7 10.5 99.3 | distinct cameras this frame 1 (max 1) | transform writes 489/frame | redundant state calls dropped 16156/frame
    world matrix changes 487/frame | objTM used without a fresh upload 0/frame | uv matrix writes 17/frame (last scale 0.00098, 0.00098)
    TIMING: frame 25.7 ms avg (39 fps), worst 46 ms | shim 11.95 ms avg (46.5% of frame), worst 27.1 ms
    TIMING tail: 105 frames >=33 ms, 0 >=100 ms in this window of 600 | inside real Present 3.26 ms avg, worst 3.4 ms | our other hooks 0.00 ms avg
    converted -> target 14F41578 1280x720 fmt=34 : 29 draws/frame
    converted -> target 14F48908 1280x720 fmt=113 : 657 draws/frame
    converted -> target 14F427E0 1280x720 fmt=113 : 34 draws/frame
    converted -> target 14F426E8 1280x720 fmt=21 : 1 draws/frame
camera: pos 167.8 11.1 105.6 | proj _11=1.5955 _22=2.8365 _33=1.00001 _43=-0.15 (aspect 1.778)
camera: pos 167.4 11.1 105.6 | proj _11=1.5832 _22=2.8146 _33=1.00001 _43=-0.15 (aspect 1.778)
camera: pos 167.0 11.1 105.6 | proj _11=1.5711 _22=2.7930 _33=1.00001 _43=-0.15 (aspect 1.778)
frame 9600 | draws 2684/frame | FFP converted 794/frame (29.6%)
    not converted: screen-space 83  skinned 0  ortho 0  vertex-format 19  untextured 1173  instanced 0  mirrored 0  other-camera 305  no camera 0  other 0 (per frame)
    prepasses hidden: sampler-less 1173/frame, stipple-with-no-colour 203/frame (these used to convert WHITE) | post/composite quads marked 83/frame
    constant-colour materials (no diffuse map, albedo from the shader's own constant) 30/frame | HUD quads demoted to UI 0/frame | back-buffer clears 1/frame | sky draws 49/frame | UI-pass draws converted 0/frame
    instancing: 854 converted from the instance stream/frame, 0 refused/frame (largest single draw 1 instances, 0.8 buffer writes snooped/frame)
    SKINNING: 82 skinned/frame, 42 refused/frame, 10 exact duplicates dropped/frame | 100 meshes decoded, 100 cached, 0 cache flushes
    ALBEDO stage 0 taken raw (no shader reflection) 0/frame
    ALBEDO: constant-only 30/frame, tinted fallback 0/frame, genuinely blank 0/frame (of 30 rank-0 draws/frame)
    ALBEDO WHITE (previously uncounted): named-but-not-bound 0/frame, render-target exclusion left nothing 0/frame | colourless passes now hidden 54/frame | screen-space passes hidden 0/frame | particle billboards hidden 6/frame
    SKIPPED entirely 0/frame (mode 3) | demoted to UI overlay 0/frame | no-albedo materials left to Remix 30/frame
    MARKED with the marker texture 1832/frame (refused as unsafe 0/frame, 4656 SetTexture calls/frame, marker created)
    albedo: moved off stage 0 190/frame, blanked 30/frame, restored from mesh cache 265/frame (2143 meshes cached, 1 flushes) | RT textures known 55 | lights 59.6/frame (24 shaders)
    camera 167.0 11.1 105.6 | distinct cameras this frame 1 (max 1) | transform writes 505/frame | redundant state calls dropped 16628/frame
    world matrix changes 504/frame | objTM used without a fresh upload 0/frame | uv matrix writes 18/frame (last scale 0.00098, 0.00098)
    TIMING: frame 25.6 ms avg (39 fps), worst 54 ms | shim 12.08 ms avg (47.2% of frame), worst 22.3 ms
    TIMING tail: 8 frames >=33 ms, 0 >=100 ms in this window of 600 | inside real Present 3.09 ms avg, worst 17.7 ms | our other hooks 0.00 ms avg
    converted -> target 14F41578 1280x720 fmt=34 : 29 draws/frame
    converted -> target 14F48908 1280x720 fmt=113 : 678 draws/frame
    converted -> target 14F427E0 1280x720 fmt=113 : 35 draws/frame
    converted -> target 14F426E8 1280x720 fmt=21 : 1 draws/frame
camera: pos 166.5 11.0 105.6 | proj _11=1.5595 _22=2.7724 _33=1.00001 _43=-0.15 (aspect 1.778)
camera: pos 166.0 11.0 105.6 | proj _11=1.5478 _22=2.7517 _33=1.00001 _43=-0.15 (aspect 1.778)
camera: pos 165.5 11.0 105.6 | proj _11=1.5337 _22=2.7266 _33=1.00001 _43=-0.15 (aspect 1.778)
camera: pos 165.0 11.0 105.6 | proj _11=1.5214 _22=2.7047 _33=1.00001 _43=-0.15 (aspect 1.778)
camera: pos 164.4 10.9 105.6 | proj _11=1.5077 _22=2.6802 _33=1.00001 _43=-0.15 (aspect 1.778)
camera: pos 163.9 10.9 105.6 | proj _11=1.4941 _22=2.6561 _33=1.00001 _43=-0.15 (aspect 1.778)
camera: pos 163.3 10.9 105.6 | proj _11=1.4796 _22=2.6303 _33=1.00001 _43=-0.15 (aspect 1.778)
camera: pos 162.8 10.9 105.6 | proj _11=1.4665 _22=2.6071 _33=1.00001 _43=-0.15 (aspect 1.778)
camera: pos 162.2 10.9 105.6 | proj _11=1.4540 _22=2.5849 _33=1.00001 _43=-0.15 (aspect 1.778)
camera: pos 161.7 10.9 105.6 | proj _11=1.4417 _22=2.5630 _33=1.00001 _43=-0.15 (aspect 1.778)
camera: pos 161.1 10.9 105.6 | proj _11=1.4289 _22=2.5403 _33=1.00001 _43=-0.15 (aspect 1.778)
camera: pos 160.6 10.8 105.5 | proj _11=1.4164 _22=2.5180 _33=1.00001 _43=-0.15 (aspect 1.778)
camera: pos 160.2 10.9 105.5 | proj _11=1.4033 _22=2.4946 _33=1.00001 _43=-0.15 (aspect 1.778)
camera: pos 159.8 10.9 105.5 | proj _11=1.3916 _22=2.4739 _33=1.00001 _43=-0.15 (aspect 1.778)
camera: pos 159.3 10.9 105.5 | proj _11=1.3810 _22=2.4551 _33=1.00001 _43=-0.15 (aspect 1.778)
camera: pos 158.8 10.9 105.5 | proj _11=1.3707 _22=2.4368 _33=1.00001 _43=-0.15 (aspect 1.778)
camera: pos 158.1 10.9 105.5 | proj _11=1.3563 _22=2.4111 _33=1.00001 _43=-0.15 (aspect 1.778)
camera: pos 157.6 10.9 105.5 | proj _11=1.3460 _22=2.3928 _33=1.00001 _43=-0.15 (aspect 1.778)
camera: pos 156.9 10.9 105.5 | proj _11=1.3310 _22=2.3662 _33=1.00001 _43=-0.15 (aspect 1.778)
camera: pos 156.4 10.9 105.5 | proj _11=1.3207 _22=2.3478 _33=1.00001 _43=-0.15 (aspect 1.778)
camera: pos 155.9 10.8 105.5 | proj _11=1.3100 _22=2.3288 _33=1.00001 _43=-0.15 (aspect 1.778)
camera: pos 155.1 10.8 105.5 | proj _11=1.2991 _22=2.3095 _33=1.00001 _43=-0.15 (aspect 1.778)
camera: pos 108.9 10.9 105.8 | proj _11=1.3175 _22=2.3423 _33=1.00001 _43=-0.15 (aspect 1.778)
camera: pos 108.8 10.9 105.8 | proj _11=1.3367 _22=2.3763 _33=1.00001 _43=-0.15 (aspect 1.778)
camera: pos 108.7 10.9 105.8 | proj _11=1.3559 _22=2.4104 _33=1.00001 _43=-0.15 (aspect 1.778)
camera: pos 108.6 10.9 105.8 | proj _11=1.3743 _22=2.4431 _33=1.00001 _43=-0.15 (aspect 1.778)
camera: pos 108.5 10.9 105.8 | proj _11=1.3949 _22=2.4797 _33=1.00001 _43=-0.15 (aspect 1.778)
camera: pos 108.5 10.9 105.8 | proj _11=1.4160 _22=2.5173 _33=1.00001 _43=-0.15 (aspect 1.778)
camera: pos 108.4 10.9 105.8 | proj _11=1.4363 _22=2.5534 _33=1.00001 _43=-0.15 (aspect 1.778)
camera: pos 108.3 11.0 105.8 | proj _11=1.4567 _22=2.5897 _33=1.00001 _43=-0.15 (aspect 1.778)
camera: pos 108.2 11.0 105.8 | proj _11=1.4776 _22=2.6269 _33=1.00001 _43=-0.15 (aspect 1.778)
camera: pos 108.1 11.0 105.8 | proj _11=1.4999 _22=2.6664 _33=1.00001 _43=-0.15 (aspect 1.778)
camera: pos 108.0 11.0 105.8 | proj _11=1.5213 _22=2.7045 _33=1.00001 _43=-0.15 (aspect 1.778)
camera: pos 108.0 11.0 105.8 | proj _11=1.5424 _22=2.7420 _33=1.00001 _43=-0.15 (aspect 1.778)
camera: pos 107.9 11.0 105.8 | proj _11=1.5660 _22=2.7840 _33=1.00001 _43=-0.15 (aspect 1.778)
camera: pos 107.8 11.0 105.8 | proj _11=1.5888 _22=2.8245 _33=1.00001 _43=-0.15 (aspect 1.778)
camera: pos 107.7 11.0 105.8 | proj _11=1.6085 _22=2.8594 _33=1.00001 _43=-0.15 (aspect 1.778)
